Archive member included to satisfy reference by file (symbol)

c:/program files (x86)/atmel/studio/7.0/toolchain/arm/arm-gnu-toolchain/bin/../lib/gcc/arm-none-eabi/6.3.1/../../../../arm-none-eabi/lib/thumb/v7e-m\libc.a(lib_a-exit.o)
                              c:/program files (x86)/atmel/studio/7.0/toolchain/arm/arm-gnu-toolchain/bin/../lib/gcc/arm-none-eabi/6.3.1/../../../../arm-none-eabi/lib/thumb/v7e-m/crt0.o (exit)
c:/program files (x86)/atmel/studio/7.0/toolchain/arm/arm-gnu-toolchain/bin/../lib/gcc/arm-none-eabi/6.3.1/../../../../arm-none-eabi/lib/thumb/v7e-m\libc.a(lib_a-impure.o)
                              c:/program files (x86)/atmel/studio/7.0/toolchain/arm/arm-gnu-toolchain/bin/../lib/gcc/arm-none-eabi/6.3.1/../../../../arm-none-eabi/lib/thumb/v7e-m\libc.a(lib_a-exit.o) (_global_impure_ptr)
c:/program files (x86)/atmel/studio/7.0/toolchain/arm/arm-gnu-toolchain/bin/../lib/gcc/arm-none-eabi/6.3.1/../../../../arm-none-eabi/lib/thumb/v7e-m\libc.a(lib_a-init.o)
                              c:/program files (x86)/atmel/studio/7.0/toolchain/arm/arm-gnu-toolchain/bin/../lib/gcc/arm-none-eabi/6.3.1/../../../../arm-none-eabi/lib/thumb/v7e-m/crt0.o (__libc_init_array)
c:/program files (x86)/atmel/studio/7.0/toolchain/arm/arm-gnu-toolchain/bin/../lib/gcc/arm-none-eabi/6.3.1/../../../../arm-none-eabi/lib/thumb/v7e-m\libc.a(lib_a-iprintf.o)
                              src/afec_example3.o (iprintf)
c:/program files (x86)/atmel/studio/7.0/toolchain/arm/arm-gnu-toolchain/bin/../lib/gcc/arm-none-eabi/6.3.1/../../../../arm-none-eabi/lib/thumb/v7e-m\libc.a(lib_a-memset.o)
                              c:/program files (x86)/atmel/studio/7.0/toolchain/arm/arm-gnu-toolchain/bin/../lib/gcc/arm-none-eabi/6.3.1/../../../../arm-none-eabi/lib/thumb/v7e-m/crt0.o (memset)
c:/program files (x86)/atmel/studio/7.0/toolchain/arm/arm-gnu-toolchain/bin/../lib/gcc/arm-none-eabi/6.3.1/../../../../arm-none-eabi/lib/thumb/v7e-m\libc.a(lib_a-puts.o)
                              src/afec_example3.o (puts)
c:/program files (x86)/atmel/studio/7.0/toolchain/arm/arm-gnu-toolchain/bin/../lib/gcc/arm-none-eabi/6.3.1/../../../../arm-none-eabi/lib/thumb/v7e-m\libc.a(lib_a-setbuf.o)
                              src/afec_example3.o (setbuf)
c:/program files (x86)/atmel/studio/7.0/toolchain/arm/arm-gnu-toolchain/bin/../lib/gcc/arm-none-eabi/6.3.1/../../../../arm-none-eabi/lib/thumb/v7e-m\libc.a(lib_a-setvbuf.o)
                              c:/program files (x86)/atmel/studio/7.0/toolchain/arm/arm-gnu-toolchain/bin/../lib/gcc/arm-none-eabi/6.3.1/../../../../arm-none-eabi/lib/thumb/v7e-m\libc.a(lib_a-setbuf.o) (setvbuf)
c:/program files (x86)/atmel/studio/7.0/toolchain/arm/arm-gnu-toolchain/bin/../lib/gcc/arm-none-eabi/6.3.1/../../../../arm-none-eabi/lib/thumb/v7e-m\libc.a(lib_a-strlen.o)
                              c:/program files (x86)/atmel/studio/7.0/toolchain/arm/arm-gnu-toolchain/bin/../lib/gcc/arm-none-eabi/6.3.1/../../../../arm-none-eabi/lib/thumb/v7e-m\libc.a(lib_a-puts.o) (strlen)
c:/program files (x86)/atmel/studio/7.0/toolchain/arm/arm-gnu-toolchain/bin/../lib/gcc/arm-none-eabi/6.3.1/../../../../arm-none-eabi/lib/thumb/v7e-m\libc.a(lib_a-vfiprintf.o)
                              c:/program files (x86)/atmel/studio/7.0/toolchain/arm/arm-gnu-toolchain/bin/../lib/gcc/arm-none-eabi/6.3.1/../../../../arm-none-eabi/lib/thumb/v7e-m\libc.a(lib_a-iprintf.o) (_vfiprintf_r)
c:/program files (x86)/atmel/studio/7.0/toolchain/arm/arm-gnu-toolchain/bin/../lib/gcc/arm-none-eabi/6.3.1/../../../../arm-none-eabi/lib/thumb/v7e-m\libc.a(lib_a-wsetup.o)
                              c:/program files (x86)/atmel/studio/7.0/toolchain/arm/arm-gnu-toolchain/bin/../lib/gcc/arm-none-eabi/6.3.1/../../../../arm-none-eabi/lib/thumb/v7e-m\libc.a(lib_a-vfiprintf.o) (__swsetup_r)
c:/program files (x86)/atmel/studio/7.0/toolchain/arm/arm-gnu-toolchain/bin/../lib/gcc/arm-none-eabi/6.3.1/../../../../arm-none-eabi/lib/thumb/v7e-m\libc.a(lib_a-__call_atexit.o)
                              c:/program files (x86)/atmel/studio/7.0/toolchain/arm/arm-gnu-toolchain/bin/../lib/gcc/arm-none-eabi/6.3.1/../../../../arm-none-eabi/lib/thumb/v7e-m\libc.a(lib_a-exit.o) (__call_exitprocs)
c:/program files (x86)/atmel/studio/7.0/toolchain/arm/arm-gnu-toolchain/bin/../lib/gcc/arm-none-eabi/6.3.1/../../../../arm-none-eabi/lib/thumb/v7e-m\libc.a(lib_a-atexit.o)
                              c:/program files (x86)/atmel/studio/7.0/toolchain/arm/arm-gnu-toolchain/bin/../lib/gcc/arm-none-eabi/6.3.1/../../../../arm-none-eabi/lib/thumb/v7e-m\libc.a(lib_a-__call_atexit.o) (atexit)
c:/program files (x86)/atmel/studio/7.0/toolchain/arm/arm-gnu-toolchain/bin/../lib/gcc/arm-none-eabi/6.3.1/../../../../arm-none-eabi/lib/thumb/v7e-m\libc.a(lib_a-fflush.o)
[...]
Memory Configuration

Name             Origin             Length             Attributes
rom              0x00400000         0x00100000         xr
ram              0x20000000         0x00020000         xrw
*default*        0x00000000         0xffffffff

Linker script and memory map

LOAD c:/program files (x86)/atmel/studio/7.0/toolchain/arm/arm-gnu-toolchain/bin/../lib/gcc/arm-none-eabi/6.3.1/thumb/v7e-m/crti.o
LOAD c:/program files (x86)/atmel/studio/7.0/toolchain/arm/arm-gnu-toolchain/bin/../lib/gcc/arm-none-eabi/6.3.1/thumb/v7e-m/crtbegin.o
LOAD c:/program files (x86)/atmel/studio/7.0/toolchain/arm/arm-gnu-toolchain/bin/../lib/gcc/arm-none-eabi/6.3.1/../../../../arm-none-eabi/lib/thumb/v7e-m/crt0.o
LOAD src/afec_example3.o
LOAD src/ASF/common/services/clock/sam4e/sysclk.o
LOAD src/ASF/common/services/delay/sam/cycle_counter.o
LOAD src/ASF/common/services/serial/usart_serial.o
LOAD src/ASF/common/services/sleepmgr/sam/sleepmgr.o
LOAD src/ASF/common/utils/interrupt/interrupt_sam_nvic.o
LOAD src/ASF/common/utils/stdio/read.o
LOAD src/ASF/common/utils/stdio/write.o
LOAD src/ASF/sam/boards/sam4e_ek/init.o
LOAD src/ASF/sam/drivers/afec/afec.o
LOAD src/ASF/sam/drivers/pmc/pmc.o
LOAD src/ASF/sam/drivers/pmc/sleep.o
LOAD src/ASF/sam/drivers/uart/uart.o
LOAD src/ASF/sam/drivers/usart/usart.o
LOAD src/ASF/sam/utils/cmsis/sam4e/source/templates/exceptions.o
LOAD src/ASF/sam/utils/cmsis/sam4e/source/templates/gcc/startup_sam4e.o
LOAD src/ASF/sam/utils/cmsis/sam4e/source/templates/system_sam4e.o
LOAD src/ASF/sam/utils/syscalls/gcc/syscalls.o
START GROUP
LOAD ../src/ASF/thirdparty/CMSIS/Lib/GCC\libarm_cortexM4lf_math_softfp.a
LOAD c:/program files (x86)/atmel/studio/7.0/toolchain/arm/arm-gnu-toolchain/bin/../lib/gcc/arm-none-eabi/6.3.1/../../../../arm-none-eabi/lib/thumb/v7e-m\libm.a
END GROUP
START GROUP
LOAD c:/program files (x86)/atmel/studio/7.0/toolchain/arm/arm-gnu-toolchain/bin/../lib/gcc/arm-none-eabi/6.3.1/thumb/v7e-m\libgcc.a
LOAD c:/program files (x86)/atmel/studio/7.0/toolchain/arm/arm-gnu-toolchain/bin/../lib/gcc/arm-none-eabi/6.3.1/../../../../arm-none-eabi/lib/thumb/v7e-m\libc.a
END GROUP
LOAD c:/program files (x86)/atmel/studio/7.0/toolchain/arm/arm-gnu-toolchain/bin/../lib/gcc/arm-none-eabi/6.3.1/thumb/v7e-m/crtend.o
LOAD c:/program files (x86)/atmel/studio/7.0/toolchain/arm/arm-gnu-toolchain/bin/../lib/gcc/arm-none-eabi/6.3.1/thumb/v7e-m/crtn.o
                0x00003000                __stack_size__ = DEFINED (__stack_size__)?__stack_size__:0x3000
                0x2001fffc                __ram_end__ = ((ORIGIN (ram) + LENGTH (ram)) - 0x4)

.text           0x00400000     0x4074
                0x00400000                . = ALIGN (0x4)
                0x00400000                _sfixed = .
 *(.vectors .vectors.*)
 .vectors       0x00400000       0xf8 src/ASF/sam/utils/cmsis/sam4e/source/templates/gcc/startup_sam4e.o
                0x00400000                exception_table
 *(.text .text.* .gnu.linkonce.t.*)
 .text          0x004000f8       0x6c c:/program files (x86)/atmel/studio/7.0/toolchain/arm/arm-gnu-toolchain/bin/../lib/gcc/arm-none-eabi/6.3.1/thumb/v7e-m/crtbegin.o
 .text.afec_print_comp_result
                0x00400164       0x78 src/afec_example3.o
 .text.usart_serial_getchar
                0x004001dc       0x88 src/afec_example3.o
 .text.usart_serial_putchar
                0x00400264       0x80 src/afec_example3.o
 .text.main     0x004002e4      0x14c src/afec_example3.o
                0x004002e4                main
 .text.sysclk_init
                0x00400430       0x64 src/ASF/common/services/clock/sam4e/sysclk.o
                0x00400430                sysclk_init
 .text._read    0x00400494       0x3c src/ASF/common/utils/stdio/read.o
                0x00400494                _read
 .text._write   0x004004d0       0x50 src/ASF/common/utils/stdio/write.o
                0x004004d0                _write
 .text.board_init
                0x00400520      0x13c src/ASF/sam/boards/sam4e_ek/init.o
                0x00400520                board_init
 .text.afec_process_callback
                0x0040065c       0x9c src/ASF/sam/drivers/afec/afec.o
 .text.afec_ch_set_config
                0x004006f8       0x30 src/ASF/sam/drivers/afec/afec.o
                0x004006f8                afec_ch_set_config
 .text.afec_get_config_defaults
                0x00400728       0x30 src/ASF/sam/drivers/afec/afec.o
                0x00400728                afec_get_config_defaults
 .text.afec_ch_get_config_defaults
                0x00400758        0xa src/ASF/sam/drivers/afec/afec.o
                0x00400758                afec_ch_get_config_defaults
 *fill*         0x00400762        0x2 
 .text.afec_init
                0x00400764       0xd4 src/ASF/sam/drivers/afec/afec.o
                0x00400764                afec_init
 .text.afec_set_comparison_mode
                0x00400838       0x2e src/ASF/sam/drivers/afec/afec.o
                0x00400838                afec_set_comparison_mode
 *fill*         0x00400866        0x2 
 .text.afec_enable_interrupt
                0x00400868       0x38 src/ASF/sam/drivers/afec/afec.o
                0x00400868                afec_enable_interrupt
 .text.afec_set_callback
                0x004008a0       0x58 src/ASF/sam/drivers/afec/afec.o
                0x004008a0                afec_set_callback
 .text.afec_disable_interrupt
                0x004008f8       0x38 src/ASF/sam/drivers/afec/afec.o
                0x004008f8                afec_disable_interrupt
 .text.AFEC0_Handler
                0x00400930       0x14 src/ASF/sam/drivers/afec/afec.o
                0x00400930                AFEC0_Handler
 .text.AFEC1_Handler
                0x00400944       0x14 src/ASF/sam/drivers/afec/afec.o
                0x00400944                AFEC1_Handler
 .text.afec_enable
                0x00400958       0x64 src/ASF/sam/drivers/afec/afec.o
                0x00400958                afec_enable
 .text.pmc_switch_mck_to_pllack
                0x004009bc       0x64 src/ASF/sam/drivers/pmc/pmc.o
                0x004009bc                pmc_switch_mck_to_pllack
 .text.pmc_switch_mainck_to_xtal
                0x00400a20       0x54 src/ASF/sam/drivers/pmc/pmc.o
                0x00400a20                pmc_switch_mainck_to_xtal
 .text.pmc_osc_is_ready_mainck
                0x00400a74       0x10 src/ASF/sam/drivers/pmc/pmc.o
                0x00400a74                pmc_osc_is_ready_mainck
 .text.pmc_disable_pllack
                0x00400a84       0x10 src/ASF/sam/drivers/pmc/pmc.o
                0x00400a84                pmc_disable_pllack
 .text.pmc_is_locked_pllack
                0x00400a94       0x10 src/ASF/sam/drivers/pmc/pmc.o
                0x00400a94                pmc_is_locked_pllack
 .text.pmc_enable_periph_clk
                0x00400aa4       0x54 src/ASF/sam/drivers/pmc/pmc.o
                0x00400aa4                pmc_enable_periph_clk
 .text.uart_init
                0x00400af8       0x38 src/ASF/sam/drivers/uart/uart.o
                0x00400af8                uart_init
 .text.uart_write
                0x00400b30       0x10 src/ASF/sam/drivers/uart/uart.o
                0x00400b30                uart_write
 .text.uart_read
                0x00400b40       0x12 src/ASF/sam/drivers/uart/uart.o
                0x00400b40                uart_read
 .text.usart_write
                0x00400b52       0x14 src/ASF/sam/drivers/usart/usart.o
                0x00400b52                usart_write
 .text.usart_read
                0x00400b66       0x18 src/ASF/sam/drivers/usart/usart.o
                0x00400b66                usart_read
 .text.Dummy_Handler
                0x00400b7e        0x2 src/ASF/sam/utils/cmsis/sam4e/source/templates/exceptions.o
                0x00400b7e                DACC_Handler
                0x00400b7e                DebugMon_Handler
                0x00400b7e                DMAC_Handler
                0x00400b7e                HardFault_Handler
                0x00400b7e                TC2_Handler
                0x00400b7e                SPI_Handler
                0x00400b7e                SysTick_Handler
                0x00400b7e                TWI1_Handler
                0x00400b7e                PendSV_Handler
                0x00400b7e                NMI_Handler
                0x00400b7e                TC7_Handler
                0x00400b7e                SMC_Handler
                0x00400b7e                USART0_Handler
                0x00400b7e                RTT_Handler
                0x00400b7e                PIOB_Handler
                0x00400b7e                RTC_Handler
                0x00400b7e                UsageFault_Handler
                0x00400b7e                TC6_Handler
                0x00400b7e                WDT_Handler
                0x00400b7e                CAN0_Handler
                0x00400b7e                TC4_Handler
                0x00400b7e                TC1_Handler
                0x00400b7e                HSMCI_Handler
                0x00400b7e                UART1_Handler
                0x00400b7e                TC3_Handler
                0x00400b7e                ARM_Handler
                0x00400b7e                Dummy_Handler
                0x00400b7e                TWI0_Handler
                0x00400b7e                USART1_Handler
                0x00400b7e                PIOA_Handler
                0x00400b7e                ACC_Handler
                0x00400b7e                PMC_Handler
                0x00400b7e                PWM_Handler
                0x00400b7e                GMAC_Handler
                0x00400b7e                CAN1_Handler
                0x00400b7e                MemManage_Handler
                0x00400b7e                SUPC_Handler
                0x00400b7e                SVC_Handler
                0x00400b7e                TC8_Handler
                0x00400b7e                EFC_Handler
                0x00400b7e                PIOE_Handler
                0x00400b7e                PIOD_Handler
                0x00400b7e                UART0_Handler
                0x00400b7e                PIOC_Handler
                0x00400b7e                UDP_Handler
                0x00400b7e                BusFault_Handler
                0x00400b7e                RSTC_Handler
                0x00400b7e                TC0_Handler
                0x00400b7e                TC5_Handler
                0x00400b7e                AES_Handler
 .text.Reset_Handler
                0x00400b80       0xc8 src/ASF/sam/utils/cmsis/sam4e/source/templates/gcc/startup_sam4e.o
                0x00400b80                Reset_Handler
 .text.SystemCoreClockUpdate
                0x00400c48      0x10c src/ASF/sam/utils/cmsis/sam4e/source/templates/system_sam4e.o
                0x00400c48                SystemCoreClockUpdate
 .text.system_init_flash
                0x00400d54       0x74 src/ASF/sam/utils/cmsis/sam4e/source/templates/system_sam4e.o
                0x00400d54                system_init_flash
 .text._sbrk    0x00400dc8       0x38 src/ASF/sam/utils/syscalls/gcc/syscalls.o
                0x00400dc8                _sbrk
 .text._close   0x00400e00        0x6 src/ASF/sam/utils/syscalls/gcc/syscalls.o
                0x00400e00                _close
 .text._fstat   0x00400e06        0xa src/ASF/sam/utils/syscalls/gcc/syscalls.o
                0x00400e06                _fstat
 .text._isatty  0x00400e10        0x4 src/ASF/sam/utils/syscalls/gcc/syscalls.o
                0x00400e10                _isatty
 .text._lseek   0x00400e14        0x4 src/ASF/sam/utils/syscalls/gcc/syscalls.o
                0x00400e14                _lseek
 .text.__libc_init_array
                0x00400e18       0x50 c:/program files (x86)/atmel/studio/7.0/toolchain/arm/arm-gnu-toolchain/bin/../lib/gcc/arm-none-eabi/6.3.1/../../../../arm-none-eabi/lib/thumb/v7e-m\libc.a(lib_a-init.o)
                0x00400e18                __libc_init_array
 .text.iprintf  0x00400e68       0x28 c:/program files (x86)/atmel/studio/7.0/toolchain/arm/arm-gnu-toolchain/bin/../lib/gcc/arm-none-eabi/6.3.1/../../../../arm-none-eabi/lib/thumb/v7e-m\libc.a(lib_a-iprintf.o)
                0x00400e68                iprintf
 .text.memset   0x00400e90       0x9c c:/program files (x86)/atmel/studio/7.0/toolchain/arm/arm-gnu-toolchain/bin/../lib/gcc/arm-none-eabi/6.3.1/../../../../arm-none-eabi/lib/thumb/v7e-m\libc.a(lib_a-memset.o)
                0x00400e90                memset
 .text._puts_r  0x00400f2c       0x9c c:/program files (x86)/atmel/studio/7.0/toolchain/arm/arm-gnu-toolchain/bin/../lib/gcc/arm-none-eabi/6.3.1/../../../../arm-none-eabi/lib/thumb/v7e-m\libc.a(lib_a-puts.o)
                0x00400f2c                _puts_r
 .text.puts     0x00400fc8       0x10 c:/program files (x86)/atmel/studio/7.0/toolchain/arm/arm-gnu-toolchain/bin/../lib/gcc/arm-none-eabi/6.3.1/../../../../arm-none-eabi/lib/thumb/v7e-m\libc.a(lib_a-puts.o)
                0x00400fc8                puts
 .text.setbuf   0x00400fd8       0x10 c:/program files (x86)/atmel/studio/7.0/toolchain/arm/arm-gnu-toolchain/bin/../lib/gcc/arm-none-eabi/6.3.1/../../../../arm-none-eabi/lib/thumb/v7e-m\libc.a(lib_a-setbuf.o)
                0x00400fd8                setbuf
 .text.setvbuf  0x00400fe8      0x190 c:/program files (x86)/atmel/studio/7.0/toolchain/arm/arm-gnu-toolchain/bin/../lib/gcc/arm-none-eabi/6.3.1/../../../../arm-none-eabi/lib/thumb/v7e-m\libc.a(lib_a-setvbuf.o)
                0x00400fe8                setvbuf
 *fill*         0x00401178        0x8 
 .text          0x00401180       0xdc c:/program files (x86)/atmel/studio/7.0/toolchain/arm/arm-gnu-toolchain/bin/../lib/gcc/arm-none-eabi/6.3.1/../../../../arm-none-eabi/lib/thumb/v7e-m\libc.a(lib_a-strlen.o)
                0x00401180                strlen
 .text.__sprint_r.part.0
                0x0040125c       0x80 c:/program files (x86)/atmel/studio/7.0/toolchain/arm/arm-gnu-toolchain/bin/../lib/gcc/arm-none-eabi/6.3.1/../../../../arm-none-eabi/lib/thumb/v7e-m\libc.a(lib_a-vfiprintf.o)
 .text._vfiprintf_r
                0x004012dc      0xc90 c:/program files (x86)/atmel/studio/7.0/toolchain/arm/arm-gnu-toolchain/bin/../lib/gcc/arm-none-eabi/6.3.1/../../../../arm-none-eabi/lib/thumb/v7e-m\libc.a(lib_a-vfiprintf.o)
                0x004012dc                _vfiprintf_r
 .text.__sbprintf
                0x00401f6c       0x84 c:/program files (x86)/atmel/studio/7.0/toolchain/arm/arm-gnu-toolchain/bin/../lib/gcc/arm-none-eabi/6.3.1/../../../../arm-none-eabi/lib/thumb/v7e-m\libc.a(lib_a-vfiprintf.o)
 .text.__swsetup_r
                0x00401ff0       0xc8 c:/program files (x86)/atmel/studio/7.0/toolchain/arm/arm-gnu-toolchain/bin/../lib/gcc/arm-none-eabi/6.3.1/../../../../arm-none-eabi/lib/thumb/v7e-m\libc.a(lib_a-wsetup.o)
                0x00401ff0                __swsetup_r
 .text.startup.register_fini
                0x004020b8       0x14 c:/program files (x86)/atmel/studio/7.0/toolchain/arm/arm-gnu-toolchain/bin/../lib/gcc/arm-none-eabi/6.3.1/../../../../arm-none-eabi/lib/thumb/v7e-m\libc.a(lib_a-__call_atexit.o)
 .text.atexit   0x004020cc        0xc c:/program files (x86)/atmel/studio/7.0/toolchain/arm/arm-gnu-toolchain/bin/../lib/gcc/arm-none-eabi/6.3.1/../../../../arm-none-eabi/lib/thumb/v7e-m\libc.a(lib_a-atexit.o)
                0x004020cc                atexit
 .text.__sflush_r
                0x004020d8      0x140 c:/program files (x86)/atmel/studio/7.0/toolchain/arm/arm-gnu-toolchain/bin/../lib/gcc/arm-none-eabi/6.3.1/../../../../arm-none-eabi/lib/thumb/v7e-m\libc.a(lib_a-fflush.o)
                0x004020d8                __sflush_r
 .text._fflush_r
                0x00402218       0x54 c:/program files (x86)/atmel/studio/7.0/toolchain/arm/arm-gnu-toolchain/bin/../lib/gcc/arm-none-eabi/6.3.1/../../../../arm-none-eabi/lib/thumb/v7e-m\libc.a(lib_a-fflush.o)
                0x00402218                _fflush_r
 .text._cleanup_r
                0x0040226c        0xc c:/program files (x86)/atmel/studio/7.0/toolchain/arm/arm-gnu-toolchain/bin/../lib/gcc/arm-none-eabi/6.3.1/../../../../arm-none-eabi/lib/thumb/v7e-m\libc.a(lib_a-findfp.o)
                0x0040226c                _cleanup_r
 .text.std.isra.0
                0x00402278       0x50 c:/program files (x86)/atmel/studio/7.0/toolchain/arm/arm-gnu-toolchain/bin/../lib/gcc/arm-none-eabi/6.3.1/../../../../arm-none-eabi/lib/thumb/v7e-m\libc.a(lib_a-findfp.o)
 .text.__sinit  0x004022c8       0x58 c:/program files (x86)/atmel/studio/7.0/toolchain/arm/arm-gnu-toolchain/bin/../lib/gcc/arm-none-eabi/6.3.1/../../../../arm-none-eabi/lib/thumb/v7e-m\libc.a(lib_a-findfp.o)
                0x004022c8                __sinit
 .text.__sfp_lock_acquire
                0x00402320        0xc c:/program files (x86)/atmel/studio/7.0/toolchain/arm/arm-gnu-toolchain/bin/../lib/gcc/arm-none-eabi/6.3.1/../../../../arm-none-eabi/lib/thumb/v7e-m\libc.a(lib_a-findfp.o)
                0x00402320                __sfp_lock_acquire
 .text.__sfp_lock_release
                0x0040232c        0xc c:/program files (x86)/atmel/studio/7.0/toolchain/arm/arm-gnu-toolchain/bin/../lib/gcc/arm-none-eabi/6.3.1/../../../../arm-none-eabi/lib/thumb/v7e-m\libc.a(lib_a-findfp.o)
                0x0040232c                __sfp_lock_release
 .text.__libc_fini_array
                0x00402338       0x34 c:/program files (x86)/atmel/studio/7.0/toolchain/arm/arm-gnu-toolchain/bin/../lib/gcc/arm-none-eabi/6.3.1/../../../../arm-none-eabi/lib/thumb/v7e-m\libc.a(lib_a-fini.o)
                0x00402338                __libc_fini_array
 .text.__fputwc
                0x0040236c       0xa0 c:/program files (x86)/atmel/studio/7.0/toolchain/arm/arm-gnu-toolchain/bin/../lib/gcc/arm-none-eabi/6.3.1/../../../../arm-none-eabi/lib/thumb/v7e-m\libc.a(lib_a-fputwc.o)
                0x0040236c                __fputwc
 .text._fputwc_r
                0x0040240c       0x68 c:/program files (x86)/atmel/studio/7.0/toolchain/arm/arm-gnu-toolchain/bin/../lib/gcc/arm-none-eabi/6.3.1/../../../../arm-none-eabi/lib/thumb/v7e-m\libc.a(lib_a-fputwc.o)
                0x0040240c                _fputwc_r
 .text._malloc_trim_r
                0x00402474       0xa0 c:/program files (x86)/atmel/studio/7.0/toolchain/arm/arm-gnu-toolchain/bin/../lib/gcc/arm-none-eabi/6.3.1/../../../../arm-none-eabi/lib/thumb/v7e-m\libc.a(lib_a-freer.o)
                0x00402474                _malloc_trim_r
 .text._free_r  0x00402514      0x1cc c:/program files (x86)/atmel/studio/7.0/toolchain/arm/arm-gnu-toolchain/bin/../lib/gcc/arm-none-eabi/6.3.1/../../../../arm-none-eabi/lib/thumb/v7e-m\libc.a(lib_a-freer.o)
                0x00402514                _free_r
 .text.__sfvwrite_r
                0x004026e0      0x2f0 c:/program files (x86)/atmel/studio/7.0/toolchain/arm/arm-gnu-toolchain/bin/../lib/gcc/arm-none-eabi/6.3.1/../../../../arm-none-eabi/lib/thumb/v7e-m\libc.a(lib_a-fvwrite.o)
                0x004026e0                __sfvwrite_r
 .text._fwalk_reent
                0x004029d0       0x54 c:/program files (x86)/atmel/studio/7.0/toolchain/arm/arm-gnu-toolchain/bin/../lib/gcc/arm-none-eabi/6.3.1/../../../../arm-none-eabi/lib/thumb/v7e-m\libc.a(lib_a-fwalk.o)
                0x004029d0                _fwalk_reent
 .text.__locale_mb_cur_max
                0x00402a24       0x1c c:/program files (x86)/atmel/studio/7.0/toolchain/arm/arm-gnu-toolchain/bin/../lib/gcc/arm-none-eabi/6.3.1/../../../../arm-none-eabi/lib/thumb/v7e-m\libc.a(lib_a-locale.o)
                0x00402a24                __locale_mb_cur_max
 .text.__retarget_lock_init_recursive
                0x00402a40        0x4 c:/program files (x86)/atmel/studio/7.0/toolchain/arm/arm-gnu-toolchain/bin/../lib/gcc/arm-none-eabi/6.3.1/../../../../arm-none-eabi/lib/thumb/v7e-m\libc.a(lib_a-lock.o)
                0x00402a40                __retarget_lock_init_recursive
 .text.__retarget_lock_close_recursive
                0x00402a44        0x4 c:/program files (x86)/atmel/studio/7.0/toolchain/arm/arm-gnu-toolchain/bin/../lib/gcc/arm-none-eabi/6.3.1/../../../../arm-none-eabi/lib/thumb/v7e-m\libc.a(lib_a-lock.o)
                0x00402a44                __retarget_lock_close_recursive
 .text.__retarget_lock_acquire_recursive
                0x00402a48        0x4 c:/program files (x86)/atmel/studio/7.0/toolchain/arm/arm-gnu-toolchain/bin/../lib/gcc/arm-none-eabi/6.3.1/../../../../arm-none-eabi/lib/thumb/v7e-m\libc.a(lib_a-lock.o)
                0x00402a48                __retarget_lock_acquire_recursive
 .text.__retarget_lock_release_recursive
                0x00402a4c        0x4 c:/program files (x86)/atmel/studio/7.0/toolchain/arm/arm-gnu-toolchain/bin/../lib/gcc/arm-none-eabi/6.3.1/../../../../arm-none-eabi/lib/thumb/v7e-m\libc.a(lib_a-lock.o)
                0x00402a4c                __retarget_lock_release_recursive
 .text.__swhatbuf_r
                0x00402a50       0x5c c:/program files (x86)/atmel/studio/7.0/toolchain/arm/arm-gnu-toolchain/bin/../lib/gcc/arm-none-eabi/6.3.1/../../../../arm-none-eabi/lib/thumb/v7e-m\libc.a(lib_a-makebuf.o)
                0x00402a50                __swhatbuf_r
 .text.__smakebuf_r
                0x00402aac       0x94 c:/program files (x86)/atmel/studio/7.0/toolchain/arm/arm-gnu-toolchain/bin/../lib/gcc/arm-none-eabi/6.3.1/../../../../arm-none-eabi/lib/thumb/v7e-m\libc.a(lib_a-makebuf.o)
                0x00402aac                __smakebuf_r
 .text.malloc   0x00402b40       0x10 c:/program files (x86)/atmel/studio/7.0/toolchain/arm/arm-gnu-toolchain/bin/../lib/gcc/arm-none-eabi/6.3.1/../../../../arm-none-eabi/lib/thumb/v7e-m\libc.a(lib_a-malloc.o)
                0x00402b40                malloc
 .text._malloc_r
                0x00402b50      0x560 c:/program files (x86)/atmel/studio/7.0/toolchain/arm/arm-gnu-toolchain/bin/../lib/gcc/arm-none-eabi/6.3.1/../../../../arm-none-eabi/lib/thumb/v7e-m\libc.a(lib_a-mallocr.o)
                0x00402b50                _malloc_r
 .text.__ascii_mbtowc
                0x004030b0       0x2c c:/program files (x86)/atmel/studio/7.0/toolchain/arm/arm-gnu-toolchain/bin/../lib/gcc/arm-none-eabi/6.3.1/../../../../arm-none-eabi/lib/thumb/v7e-m\libc.a(lib_a-mbtowc_r.o)
                0x004030b0                __ascii_mbtowc
 *fill*         0x004030dc        0x4 
 .text          0x004030e0       0xa0 c:/program files (x86)/atmel/studio/7.0/toolchain/arm/arm-gnu-toolchain/bin/../lib/gcc/arm-none-eabi/6.3.1/../../../../arm-none-eabi/lib/thumb/v7e-m\libc.a(lib_a-memchr.o)
                0x004030e0                memchr
 .text          0x00403180      0x134 c:/program files (x86)/atmel/studio/7.0/toolchain/arm/arm-gnu-toolchain/bin/../lib/gcc/arm-none-eabi/6.3.1/../../../../arm-none-eabi/lib/thumb/v7e-m\libc.a(lib_a-memcpy.o)
                0x00403180                memcpy
 .text.memmove  0x004032b4       0xc8 c:/program files (x86)/atmel/studio/7.0/toolchain/arm/arm-gnu-toolchain/bin/../lib/gcc/arm-none-eabi/6.3.1/../../../../arm-none-eabi/lib/thumb/v7e-m\libc.a(lib_a-memmove.o)
                0x004032b4                memmove
 .text.__malloc_lock
                0x0040337c        0xc c:/program files (x86)/atmel/studio/7.0/toolchain/arm/arm-gnu-toolchain/bin/../lib/gcc/arm-none-eabi/6.3.1/../../../../arm-none-eabi/lib/thumb/v7e-m\libc.a(lib_a-mlock.o)
                0x0040337c                __malloc_lock
 .text.__malloc_unlock
                0x00403388        0xc c:/program files (x86)/atmel/studio/7.0/toolchain/arm/arm-gnu-toolchain/bin/../lib/gcc/arm-none-eabi/6.3.1/../../../../arm-none-eabi/lib/thumb/v7e-m\libc.a(lib_a-mlock.o)
                0x00403388                __malloc_unlock
 .text._realloc_r
                0x00403394      0x34c c:/program files (x86)/atmel/studio/7.0/toolchain/arm/arm-gnu-toolchain/bin/../lib/gcc/arm-none-eabi/6.3.1/../../../../arm-none-eabi/lib/thumb/v7e-m\libc.a(lib_a-reallocr.o)
                0x00403394                _realloc_r
 .text._sbrk_r  0x004036e0       0x24 c:/program files (x86)/atmel/studio/7.0/toolchain/arm/arm-gnu-toolchain/bin/../lib/gcc/arm-none-eabi/6.3.1/../../../../arm-none-eabi/lib/thumb/v7e-m\libc.a(lib_a-sbrkr.o)
                0x004036e0                _sbrk_r
 .text.__sread  0x00403704       0x24 c:/program files (x86)/atmel/studio/7.0/toolchain/arm/arm-gnu-toolchain/bin/../lib/gcc/arm-none-eabi/6.3.1/../../../../arm-none-eabi/lib/thumb/v7e-m\libc.a(lib_a-stdio.o)
                0x00403704                __sread
 .text.__swrite
                0x00403728       0x3c c:/program files (x86)/atmel/studio/7.0/toolchain/arm/arm-gnu-toolchain/bin/../lib/gcc/arm-none-eabi/6.3.1/../../../../arm-none-eabi/lib/thumb/v7e-m\libc.a(lib_a-stdio.o)
                0x00403728                __swrite
 .text.__sseek  0x00403764       0x20 c:/program files (x86)/atmel/studio/7.0/toolchain/arm/arm-gnu-toolchain/bin/../lib/gcc/arm-none-eabi/6.3.1/../../../../arm-none-eabi/lib/thumb/v7e-m\libc.a(lib_a-stdio.o)
                0x00403764                __sseek
 .text.__sclose
                0x00403784        0x8 c:/program files (x86)/atmel/studio/7.0/toolchain/arm/arm-gnu-toolchain/bin/../lib/gcc/arm-none-eabi/6.3.1/../../../../arm-none-eabi/lib/thumb/v7e-m\libc.a(lib_a-stdio.o)
                0x00403784                __sclose
 .text.__swbuf_r
                0x0040378c       0xb0 c:/program files (x86)/atmel/studio/7.0/toolchain/arm/arm-gnu-toolchain/bin/../lib/gcc/arm-none-eabi/6.3.1/../../../../arm-none-eabi/lib/thumb/v7e-m\libc.a(lib_a-wbuf.o)
                0x0040378c                __swbuf_r
 .text._wcrtomb_r
                0x0040383c       0x54 c:/program files (x86)/atmel/studio/7.0/toolchain/arm/arm-gnu-toolchain/bin/../lib/gcc/arm-none-eabi/6.3.1/../../../../arm-none-eabi/lib/thumb/v7e-m\libc.a(lib_a-wcrtomb.o)
                0x0040383c                _wcrtomb_r
 .text.__ascii_wctomb
                0x00403890       0x1c c:/program files (x86)/atmel/studio/7.0/toolchain/arm/arm-gnu-toolchain/bin/../lib/gcc/arm-none-eabi/6.3.1/../../../../arm-none-eabi/lib/thumb/v7e-m\libc.a(lib_a-wctomb_r.o)
                0x00403890                __ascii_wctomb
 .text._write_r
                0x004038ac       0x2c c:/program files (x86)/atmel/studio/7.0/toolchain/arm/arm-gnu-toolchain/bin/../lib/gcc/arm-none-eabi/6.3.1/../../../../arm-none-eabi/lib/thumb/v7e-m\libc.a(lib_a-writer.o)
                0x004038ac                _write_r
 .text.__register_exitproc
                0x004038d8       0xc4 c:/program files (x86)/atmel/studio/7.0/toolchain/arm/arm-gnu-toolchain/bin/../lib/gcc/arm-none-eabi/6.3.1/../../../../arm-none-eabi/lib/thumb/v7e-m\libc.a(lib_a-__atexit.o)
                0x004038d8                __register_exitproc
 .text._close_r
                0x0040399c       0x24 c:/program files (x86)/atmel/studio/7.0/toolchain/arm/arm-gnu-toolchain/bin/../lib/gcc/arm-none-eabi/6.3.1/../../../../arm-none-eabi/lib/thumb/v7e-m\libc.a(lib_a-closer.o)
                0x0040399c                _close_r
 .text._fclose_r
                0x004039c0       0xc4 c:/program files (x86)/atmel/studio/7.0/toolchain/arm/arm-gnu-toolchain/bin/../lib/gcc/arm-none-eabi/6.3.1/../../../../arm-none-eabi/lib/thumb/v7e-m\libc.a(lib_a-fclose.o)
                0x004039c0                _fclose_r
 .text._fstat_r
                0x00403a84       0x28 c:/program files (x86)/atmel/studio/7.0/toolchain/arm/arm-gnu-toolchain/bin/../lib/gcc/arm-none-eabi/6.3.1/../../../../arm-none-eabi/lib/thumb/v7e-m\libc.a(lib_a-fstatr.o)
                0x00403a84                _fstat_r
 .text._isatty_r
                0x00403aac       0x24 c:/program files (x86)/atmel/studio/7.0/toolchain/arm/arm-gnu-toolchain/bin/../lib/gcc/arm-none-eabi/6.3.1/../../../../arm-none-eabi/lib/thumb/v7e-m\libc.a(lib_a-isattyr.o)
                0x00403aac                _isatty_r
 .text._lseek_r
                0x00403ad0       0x2c c:/program files (x86)/atmel/studio/7.0/toolchain/arm/arm-gnu-toolchain/bin/../lib/gcc/arm-none-eabi/6.3.1/../../../../arm-none-eabi/lib/thumb/v7e-m\libc.a(lib_a-lseekr.o)
                0x00403ad0                _lseek_r
 .text._read_r  0x00403afc       0x2c c:/program files (x86)/atmel/studio/7.0/toolchain/arm/arm-gnu-toolchain/bin/../lib/gcc/arm-none-eabi/6.3.1/../../../../arm-none-eabi/lib/thumb/v7e-m\libc.a(lib_a-readr.o)
                0x00403afc                _read_r
 .text          0x00403b28       0x30 c:/program files (x86)/atmel/studio/7.0/toolchain/arm/arm-gnu-toolchain/bin/../lib/gcc/arm-none-eabi/6.3.1/thumb/v7e-m\libgcc.a(_aeabi_uldivmod.o)
                0x00403b28                __aeabi_uldivmod
 .text          0x00403b58      0x2dc c:/program files (x86)/atmel/studio/7.0/toolchain/arm/arm-gnu-toolchain/bin/../lib/gcc/arm-none-eabi/6.3.1/thumb/v7e-m\libgcc.a(_udivmoddi4.o)
                0x00403b58                __udivmoddi4
 .text          0x00403e34        0x4 c:/program files (x86)/atmel/studio/7.0/toolchain/arm/arm-gnu-toolchain/bin/../lib/gcc/arm-none-eabi/6.3.1/thumb/v7e-m\libgcc.a(_dvmd_tls.o)
                0x00403e34                __aeabi_idiv0
                0x00403e34                __aeabi_ldiv0
 *(.glue_7t)
 .glue_7t       0x00403e38        0x0 linker stubs
 *(.glue_7)
 .glue_7        0x00403e38        0x0 linker stubs
 *(.rodata .rodata* .gnu.linkonce.r.*)
 .rodata.afec_print_comp_result.str1.4
                0x00403e38       0x4b src/afec_example3.o
 *fill*         0x00403e83        0x1 
 .rodata.main.str1.4
                0x00403e84       0x5f src/afec_example3.o
 *fill*         0x00403ee3        0x1 
 .rodata._global_impure_ptr
                0x00403ee4        0x4 c:/program files (x86)/atmel/studio/7.0/toolchain/arm/arm-gnu-toolchain/bin/../lib/gcc/arm-none-eabi/6.3.1/../../../../arm-none-eabi/lib/thumb/v7e-m\libc.a(lib_a-impure.o)
                0x00403ee4                _global_impure_ptr
 .rodata._puts_r.str1.4
                0x00403ee8        0x2 c:/program files (x86)/atmel/studio/7.0/toolchain/arm/arm-gnu-toolchain/bin/../lib/gcc/arm-none-eabi/6.3.1/../../../../arm-none-eabi/lib/thumb/v7e-m\libc.a(lib_a-puts.o)
 *fill*         0x00403eea        0x2 
 .rodata._vfiprintf_r.str1.4
                0x00403eec       0x2f c:/program files (x86)/atmel/studio/7.0/toolchain/arm/arm-gnu-toolchain/bin/../lib/gcc/arm-none-eabi/6.3.1/../../../../arm-none-eabi/lib/thumb/v7e-m\libc.a(lib_a-vfiprintf.o)
 *fill*         0x00403f1b        0x1 
 .rodata.blanks.7217
                0x00403f1c       0x10 c:/program files (x86)/atmel/studio/7.0/toolchain/arm/arm-gnu-toolchain/bin/../lib/gcc/arm-none-eabi/6.3.1/../../../../arm-none-eabi/lib/thumb/v7e-m\libc.a(lib_a-vfiprintf.o)
 .rodata.zeroes.7218
                0x00403f2c       0x10 c:/program files (x86)/atmel/studio/7.0/toolchain/arm/arm-gnu-toolchain/bin/../lib/gcc/arm-none-eabi/6.3.1/../../../../arm-none-eabi/lib/thumb/v7e-m\libc.a(lib_a-vfiprintf.o)
 .rodata._setlocale_r.str1.4
                0x00403f3c        0xa c:/program files (x86)/atmel/studio/7.0/toolchain/arm/arm-gnu-toolchain/bin/../lib/gcc/arm-none-eabi/6.3.1/../../../../arm-none-eabi/lib/thumb/v7e-m\libc.a(lib_a-locale.o)
                                  0xd (size before relaxing)
 *fill*         0x00403f46        0x2 
 .rodata.str1.4
                0x00403f48        0x4 c:/program files (x86)/atmel/studio/7.0/toolchain/arm/arm-gnu-toolchain/bin/../lib/gcc/arm-none-eabi/6.3.1/../../../../arm-none-eabi/lib/thumb/v7e-m\libc.a(lib_a-locale.o)
                                  0x2 (size before relaxing)
 .rodata._ctype_
                0x00403f4c      0x101 c:/program files (x86)/atmel/studio/7.0/toolchain/arm/arm-gnu-toolchain/bin/../lib/gcc/arm-none-eabi/6.3.1/../../../../arm-none-eabi/lib/thumb/v7e-m\libc.a(lib_a-ctype_.o)
                0x00403f4c                _ctype_
 *(.ARM.extab* .gnu.linkonce.armextab.*)
                0x00404050                . = ALIGN (0x4)
 *fill*         0x0040404d        0x3 
 *(.init)
 .init          0x00404050        0x4 c:/program files (x86)/atmel/studio/7.0/toolchain/arm/arm-gnu-toolchain/bin/../lib/gcc/arm-none-eabi/6.3.1/thumb/v7e-m/crti.o
                0x00404050                _init
 .init          0x00404054        0x8 c:/program files (x86)/atmel/studio/7.0/toolchain/arm/arm-gnu-toolchain/bin/../lib/gcc/arm-none-eabi/6.3.1/thumb/v7e-m/crtn.o
                0x0040405c                . = ALIGN (0x4)
                0x0040405c                __preinit_array_start = .
 *(.preinit_array)
                0x0040405c                __preinit_array_end = .
                0x0040405c                . = ALIGN (0x4)
                0x0040405c                __init_array_start = .
 *(SORT(.init_array.*))
 .init_array.00000
                0x0040405c        0x4 c:/program files (x86)/atmel/studio/7.0/toolchain/arm/arm-gnu-toolchain/bin/../lib/gcc/arm-none-eabi/6.3.1/../../../../arm-none-eabi/lib/thumb/v7e-m\libc.a(lib_a-__call_atexit.o)
 *(.init_array)
 .init_array    0x00404060        0x4 c:/program files (x86)/atmel/studio/7.0/toolchain/arm/arm-gnu-toolchain/bin/../lib/gcc/arm-none-eabi/6.3.1/thumb/v7e-m/crtbegin.o
                0x00404064                __init_array_end = .
                0x00404064                . = ALIGN (0x4)
 *crtbegin.o(.ctors)
 *(EXCLUDE_FILE(*crtend.o) .ctors)
 *(SORT(.ctors.*))
 *crtend.o(.ctors)
                0x00404064                . = ALIGN (0x4)
 *(.fini)
 .fini          0x00404064        0x4 c:/program files (x86)/atmel/studio/7.0/toolchain/arm/arm-gnu-toolchain/bin/../lib/gcc/arm-none-eabi/6.3.1/thumb/v7e-m/crti.o
                0x00404064                _fini
 .fini          0x00404068        0x8 c:/program files (x86)/atmel/studio/7.0/toolchain/arm/arm-gnu-toolchain/bin/../lib/gcc/arm-none-eabi/6.3.1/thumb/v7e-m/crtn.o
                0x00404070                . = ALIGN (0x4)
                0x00404070                __fini_array_start = .
 *(.fini_array)
 .fini_array    0x00404070        0x4 c:/program files (x86)/atmel/studio/7.0/toolchain/arm/arm-gnu-toolchain/bin/../lib/gcc/arm-none-eabi/6.3.1/thumb/v7e-m/crtbegin.o
 *(SORT(.fini_array.*))
                0x00404074                __fini_array_end = .
 *crtbegin.o(.dtors)
 *(EXCLUDE_FILE(*crtend.o) .dtors)
 *(SORT(.dtors.*))
 *crtend.o(.dtors)
                0x00404074                . = ALIGN (0x4)
                0x00404074                _efixed = .
                [!provide]                PROVIDE (__exidx_start, .)

.vfp11_veneer   0x00404074        0x0
 .vfp11_veneer  0x00404074        0x0 linker stubs

.v4_bx          0x00404074        0x0
 .v4_bx         0x00404074        0x0 linker stubs

.iplt           0x00404074        0x0
 .iplt          0x00404074        0x0 c:/program files (x86)/atmel/studio/7.0/toolchain/arm/arm-gnu-toolchain/bin/../lib/gcc/arm-none-eabi/6.3.1/thumb/v7e-m/crtbegin.o

.ARM.exidx      0x00404074        0x8
 *(.ARM.exidx* .gnu.linkonce.armexidx.*)
 .ARM.exidx     0x00404074        0x8 c:/program files (x86)/atmel/studio/7.0/toolchain/arm/arm-gnu-toolchain/bin/../lib/gcc/arm-none-eabi/6.3.1/thumb/v7e-m\libgcc.a(_udivmoddi4.o)
                [!provide]                PROVIDE (__exidx_end, .)

.eh_frame       0x0040407c        0x0
 .eh_frame      0x0040407c        0x0 c:/program files (x86)/atmel/studio/7.0/toolchain/arm/arm-gnu-toolchain/bin/../lib/gcc/arm-none-eabi/6.3.1/thumb/v7e-m/crtbegin.o

.rel.dyn        0x0040407c        0x0
 .rel.iplt      0x0040407c        0x0 c:/program files (x86)/atmel/studio/7.0/toolchain/arm/arm-gnu-toolchain/bin/../lib/gcc/arm-none-eabi/6.3.1/thumb/v7e-m/crtbegin.o

.jcr            0x0040407c        0x0
 .jcr           0x0040407c        0x0 c:/program files (x86)/atmel/studio/7.0/toolchain/arm/arm-gnu-toolchain/bin/../lib/gcc/arm-none-eabi/6.3.1/thumb/v7e-m/crtbegin.o

.igot.plt       0x0040407c        0x0
 .igot.plt      0x0040407c        0x0 c:/program files (x86)/atmel/studio/7.0/toolchain/arm/arm-gnu-toolchain/bin/../lib/gcc/arm-none-eabi/6.3.1/thumb/v7e-m/crtbegin.o
                0x0040407c                . = ALIGN (0x4)
                0x0040407c                _etext = .

.relocate       0x20000000      0x9c0 load address 0x0040407c
                0x20000000                . = ALIGN (0x4)
                0x20000000                _srelocate = .
 *(.ramfunc .ramfunc.*)
 .ramfunc       0x20000000        0xa src/ASF/common/services/delay/sam/cycle_counter.o
                0x20000000                portable_delay_cycles
 *(.data .data.*)
 .data.g_interrupt_enabled
                0x2000000a        0x1 src/ASF/common/utils/interrupt/interrupt_sam_nvic.o
                0x2000000a                g_interrupt_enabled
 *fill*         0x2000000b        0x1 
 .data.SystemCoreClock
                0x2000000c        0x4 src/ASF/sam/utils/cmsis/sam4e/source/templates/system_sam4e.o
                0x2000000c                SystemCoreClock
 .data._impure_ptr
                0x20000010        0x4 c:/program files (x86)/atmel/studio/7.0/toolchain/arm/arm-gnu-toolchain/bin/../lib/gcc/arm-none-eabi/6.3.1/../../../../arm-none-eabi/lib/thumb/v7e-m\libc.a(lib_a-impure.o)
                0x20000010                _impure_ptr
 *fill*         0x20000014        0x4 
 .data.impure_data
                0x20000018      0x428 c:/program files (x86)/atmel/studio/7.0/toolchain/arm/arm-gnu-toolchain/bin/../lib/gcc/arm-none-eabi/6.3.1/../../../../arm-none-eabi/lib/thumb/v7e-m\libc.a(lib_a-impure.o)
 .data.__atexit_recursive_mutex
                0x20000440        0x4 c:/program files (x86)/atmel/studio/7.0/toolchain/arm/arm-gnu-toolchain/bin/../lib/gcc/arm-none-eabi/6.3.1/../../../../arm-none-eabi/lib/thumb/v7e-m\libc.a(lib_a-__call_atexit.o)
                0x20000440                __atexit_recursive_mutex
 .data.__global_locale
                0x20000444      0x16c c:/program files (x86)/atmel/studio/7.0/toolchain/arm/arm-gnu-toolchain/bin/../lib/gcc/arm-none-eabi/6.3.1/../../../../arm-none-eabi/lib/thumb/v7e-m\libc.a(lib_a-locale.o)
                0x20000444                __global_locale
 .data.__malloc_av_
                0x200005b0      0x408 c:/program files (x86)/atmel/studio/7.0/toolchain/arm/arm-gnu-toolchain/bin/../lib/gcc/arm-none-eabi/6.3.1/../../../../arm-none-eabi/lib/thumb/v7e-m\libc.a(lib_a-mallocr.o)
                0x200005b0                __malloc_av_
 .data.__malloc_sbrk_base
                0x200009b8        0x4 c:/program files (x86)/atmel/studio/7.0/toolchain/arm/arm-gnu-toolchain/bin/../lib/gcc/arm-none-eabi/6.3.1/../../../../arm-none-eabi/lib/thumb/v7e-m\libc.a(lib_a-mallocr.o)
                0x200009b8                __malloc_sbrk_base
 .data.__malloc_trim_threshold
                0x200009bc        0x4 c:/program files (x86)/atmel/studio/7.0/toolchain/arm/arm-gnu-toolchain/bin/../lib/gcc/arm-none-eabi/6.3.1/../../../../arm-none-eabi/lib/thumb/v7e-m\libc.a(lib_a-mallocr.o)
                0x200009bc                __malloc_trim_threshold
                0x200009c0                . = ALIGN (0x4)
                0x200009c0                _erelocate = .

.bss            0x200009c0      0x14c load address 0x00404a3c
                0x200009c0                . = ALIGN (0x4)
                0x200009c0                _sbss = .
                0x200009c0                _szero = .
 *(.bss .bss.*)
 .bss           0x200009c0       0x1c c:/program files (x86)/atmel/studio/7.0/toolchain/arm/arm-gnu-toolchain/bin/../lib/gcc/arm-none-eabi/6.3.1/thumb/v7e-m/crtbegin.o
 .bss.gs_us_high_threshold
                0x200009dc        0x2 src/afec_example3.o
 .bss.gs_us_low_threshold
                0x200009de        0x2 src/afec_example3.o
 .bss.heap.6420
                0x200009e0        0x4 src/ASF/sam/utils/syscalls/gcc/syscalls.o
 .bss.__malloc_current_mallinfo
                0x200009e4       0x28 c:/program files (x86)/atmel/studio/7.0/toolchain/arm/arm-gnu-toolchain/bin/../lib/gcc/arm-none-eabi/6.3.1/../../../../arm-none-eabi/lib/thumb/v7e-m\libc.a(lib_a-mallocr.o)
                0x200009e4                __malloc_current_mallinfo
 .bss.__malloc_max_sbrked_mem
                0x20000a0c        0x4 c:/program files (x86)/atmel/studio/7.0/toolchain/arm/arm-gnu-toolchain/bin/../lib/gcc/arm-none-eabi/6.3.1/../../../../arm-none-eabi/lib/thumb/v7e-m\libc.a(lib_a-mallocr.o)
                0x20000a0c                __malloc_max_sbrked_mem
 .bss.__malloc_max_total_mem
                0x20000a10        0x4 c:/program files (x86)/atmel/studio/7.0/toolchain/arm/arm-gnu-toolchain/bin/../lib/gcc/arm-none-eabi/6.3.1/../../../../arm-none-eabi/lib/thumb/v7e-m\libc.a(lib_a-mallocr.o)
                0x20000a10                __malloc_max_total_mem
 .bss.__malloc_top_pad
                0x20000a14        0x4 c:/program files (x86)/atmel/studio/7.0/toolchain/arm/arm-gnu-toolchain/bin/../lib/gcc/arm-none-eabi/6.3.1/../../../../arm-none-eabi/lib/thumb/v7e-m\libc.a(lib_a-mallocr.o)
                0x20000a14                __malloc_top_pad
 *(COMMON)
 COMMON         0x20000a18        0x6 src/ASF/common/services/sleepmgr/sam/sleepmgr.o
                0x20000a18                sleepmgr_locks
 *fill*         0x20000a1e        0x2 
 COMMON         0x20000a20        0x4 src/ASF/common/utils/stdio/read.o
                0x20000a20                ptr_get
 COMMON         0x20000a24        0x8 src/ASF/common/utils/stdio/write.o
                0x20000a24                ptr_put
                0x20000a28                stdio_base
 COMMON         0x20000a2c       0xb8 src/ASF/sam/drivers/afec/afec.o
                0x20000a2c                afec_callback_pointer
 COMMON         0x20000ae4       0x21 c:/program files (x86)/atmel/studio/7.0/toolchain/arm/arm-gnu-toolchain/bin/../lib/gcc/arm-none-eabi/6.3.1/../../../../arm-none-eabi/lib/thumb/v7e-m\libc.a(lib_a-lock.o)
                0x20000ae4                __lock___atexit_recursive_mutex
                0x20000ae8                __lock___arc4random_mutex
                0x20000aec                __lock___env_recursive_mutex
                0x20000af0                __lock___sinit_recursive_mutex
                0x20000af4                __lock___malloc_recursive_mutex
                0x20000af8                __lock___at_quick_exit_mutex
                0x20000afc                __lock___dd_hash_mutex
                0x20000b00                __lock___tz_mutex
                0x20000b04                __lock___sfp_recursive_mutex
 *fill*         0x20000b05        0x3 
 COMMON         0x20000b08        0x4 c:/program files (x86)/atmel/studio/7.0/toolchain/arm/arm-gnu-toolchain/bin/../lib/gcc/arm-none-eabi/6.3.1/../../../../arm-none-eabi/lib/thumb/v7e-m\libc.a(lib_a-reent.o)
                0x20000b08                errno
                0x20000b0c                . = ALIGN (0x4)
                0x20000b0c                _ebss = .
                0x20000b0c                _ezero = .

.stack          0x20000b0c     0x3004 load address 0x00404b88
                0x20000b10                . = ALIGN (0x8)
 *fill*         0x20000b0c        0x4 
                0x20000b10                _sstack = .
                0x20003b10                . = (. + __stack_size__)
 *fill*         0x20000b10     0x3000 
                0x20003b10                . = ALIGN (0x8)
                0x20003b10                _estack = .
                0x20003b10                . = ALIGN (0x4)
                0x20003b10                _end = .
OUTPUT(AFEC_EXAMPLE32.elf elf32-littlearm)

.ARM.attributes
                0x00000000       0x2e
 .ARM.attributes
                0x00000000       0x1e c:/program files (x86)/atmel/studio/7.0/toolchain/arm/arm-gnu-toolchain/bin/../lib/gcc/arm-none-eabi/6.3.1/thumb/v7e-m/crti.o
 .ARM.attributes
                0x0000001e       0x2e c:/program files (x86)/atmel/studio/7.0/toolchain/arm/arm-gnu-toolchain/bin/../lib/gcc/arm-none-eabi/6.3.1/thumb/v7e-m/crtbegin.o
 .ARM.attributes
                0x0000004c       0x37 src/afec_example3.o
 .ARM.attributes
                0x00000083       0x37 src/ASF/common/services/clock/sam4e/sysclk.o
 .ARM.attributes
                0x000000ba       0x37 src/ASF/common/services/delay/sam/cycle_counter.o
 .ARM.attributes
                0x000000f1       0x37 src/ASF/common/services/sleepmgr/sam/sleepmgr.o
 .ARM.attributes
                0x00000128       0x37 src/ASF/common/utils/interrupt/interrupt_sam_nvic.o
 .ARM.attributes
                0x0000015f       0x37 src/ASF/common/utils/stdio/read.o
 .ARM.attributes
                0x00000196       0x37 src/ASF/common/utils/stdio/write.o
 .ARM.attributes
                0x000001cd       0x37 src/ASF/sam/boards/sam4e_ek/init.o
 .ARM.attributes
                0x00000204       0x37 src/ASF/sam/drivers/afec/afec.o
 .ARM.attributes
                0x0000023b       0x37 src/ASF/sam/drivers/pmc/pmc.o
 .ARM.attributes
                0x00000272       0x37 src/ASF/sam/drivers/uart/uart.o
 .ARM.attributes
                0x000002a9       0x37 src/ASF/sam/drivers/usart/usart.o
 .ARM.attributes
                0x000002e0       0x37 src/ASF/sam/utils/cmsis/sam4e/source/templates/exceptions.o
 .ARM.attributes
                0x00000317       0x37 src/ASF/sam/utils/cmsis/sam4e/source/templates/gcc/startup_sam4e.o
 .ARM.attributes
                0x0000034e       0x37 src/ASF/sam/utils/cmsis/sam4e/source/templates/system_sam4e.o
 .ARM.attributes
                0x00000385       0x37 src/ASF/sam/utils/syscalls/gcc/syscalls.o
 .ARM.attributes
                0x000003bc       0x2e c:/program files (x86)/atmel/studio/7.0/toolchain/arm/arm-gnu-toolchain/bin/../lib/gcc/arm-none-eabi/6.3.1/../../../../arm-none-eabi/lib/thumb/v7e-m\libc.a(lib_a-impure.o)
 .ARM.attributes
                0x000003ea       0x2e c:/program files (x86)/atmel/studio/7.0/toolchain/arm/arm-gnu-toolchain/bin/../lib/gcc/arm-none-eabi/6.3.1/../../../../arm-none-eabi/lib/thumb/v7e-m\libc.a(lib_a-init.o)
 .ARM.attributes
                0x00000418       0x2e c:/program files (x86)/atmel/studio/7.0/toolchain/arm/arm-gnu-toolchain/bin/../lib/gcc/arm-none-eabi/6.3.1/../../../../arm-none-eabi/lib/thumb/v7e-m\libc.a(lib_a-iprintf.o)
 .ARM.attributes
                0x00000446       0x2e c:/program files (x86)/atmel/studio/7.0/toolchain/arm/arm-gnu-toolchain/bin/../lib/gcc/arm-none-eabi/6.3.1/../../../../arm-none-eabi/lib/thumb/v7e-m\libc.a(lib_a-memset.o)
 .ARM.attributes
                0x00000474       0x2e c:/program files (x86)/atmel/studio/7.0/toolchain/arm/arm-gnu-toolchain/bin/../lib/gcc/arm-none-eabi/6.3.1/../../../../arm-none-eabi/lib/thumb/v7e-m\libc.a(lib_a-puts.o)
 .ARM.attributes
                0x000004a2       0x2e c:/program files (x86)/atmel/studio/7.0/toolchain/arm/arm-gnu-toolchain/bin/../lib/gcc/arm-none-eabi/6.3.1/../../../../arm-none-eabi/lib/thumb/v7e-m\libc.a(lib_a-setbuf.o)
 .ARM.attributes
                0x000004d0       0x2e c:/program files (x86)/atmel/studio/7.0/toolchain/arm/arm-gnu-toolchain/bin/../lib/gcc/arm-none-eabi/6.3.1/../../../../arm-none-eabi/lib/thumb/v7e-m\libc.a(lib_a-setvbuf.o)
 .ARM.attributes
                0x000004fe       0x1c c:/program files (x86)/atmel/studio/7.0/toolchain/arm/arm-gnu-toolchain/bin/../lib/gcc/arm-none-eabi/6.3.1/../../../../arm-none-eabi/lib/thumb/v7e-m\libc.a(lib_a-strlen.o)
 .ARM.attributes
                0x0000051a       0x2e c:/program files (x86)/atmel/studio/7.0/toolchain/arm/arm-gnu-toolchain/bin/../lib/gcc/arm-none-eabi/6.3.1/../../../../arm-none-eabi/lib/thumb/v7e-m\libc.a(lib_a-vfiprintf.o)
 .ARM.attributes
                0x00000548       0x2e c:/program files (x86)/atmel/studio/7.0/toolchain/arm/arm-gnu-toolchain/bin/../lib/gcc/arm-none-eabi/6.3.1/../../../../arm-none-eabi/lib/thumb/v7e-m\libc.a(lib_a-wsetup.o)
 .ARM.attributes
                0x00000576       0x2e c:/program files (x86)/atmel/studio/7.0/toolchain/arm/arm-gnu-toolchain/bin/../lib/gcc/arm-none-eabi/6.3.1/../../../../arm-none-eabi/lib/thumb/v7e-m\libc.a(lib_a-__call_atexit.o)
 .ARM.attributes
                0x000005a4       0x2e c:/program files (x86)/atmel/studio/7.0/toolchain/arm/arm-gnu-toolchain/bin/../lib/gcc/arm-none-eabi/6.3.1/../../../../arm-none-eabi/lib/thumb/v7e-m\libc.a(lib_a-atexit.o)
 .ARM.attributes
                0x000005d2       0x2e c:/program files (x86)/atmel/studio/7.0/toolchain/arm/arm-gnu-toolchain/bin/../lib/gcc/arm-none-eabi/6.3.1/../../../../arm-none-eabi/lib/thumb/v7e-m\libc.a(lib_a-fflush.o)
 .ARM.attributes
                0x00000600       0x2e c:/program files (x86)/atmel/studio/7.0/toolchain/arm/arm-gnu-toolchain/bin/../lib/gcc/arm-none-eabi/6.3.1/../../../../arm-none-eabi/lib/thumb/v7e-m\libc.a(lib_a-findfp.o)
 .ARM.attributes
                0x0000062e       0x2e c:/program files (x86)/atmel/studio/7.0/toolchain/arm/arm-gnu-toolchain/bin/../lib/gcc/arm-none-eabi/6.3.1/../../../../arm-none-eabi/lib/thumb/v7e-m\libc.a(lib_a-fini.o)
 .ARM.attributes
                0x0000065c       0x2e c:/program files (x86)/atmel/studio/7.0/toolchain/arm/arm-gnu-toolchain/bin/../lib/gcc/arm-none-eabi/6.3.1/../../../../arm-none-eabi/lib/thumb/v7e-m\libc.a(lib_a-fputwc.o)
 .ARM.attributes
                0x0000068a       0x2e c:/program files (x86)/atmel/studio/7.0/toolchain/arm/arm-gnu-toolchain/bin/../lib/gcc/arm-none-eabi/6.3.1/../../../../arm-none-eabi/lib/thumb/v7e-m\libc.a(lib_a-freer.o)
 .ARM.attributes
                0x000006b8       0x2e c:/program files (x86)/atmel/studio/7.0/toolchain/arm/arm-gnu-toolchain/bin/../lib/gcc/arm-none-eabi/6.3.1/../../../../arm-none-eabi/lib/thumb/v7e-m\libc.a(lib_a-fvwrite.o)
 .ARM.attributes
                0x000006e6       0x2e c:/program files (x86)/atmel/studio/7.0/toolchain/arm/arm-gnu-toolchain/bin/../lib/gcc/arm-none-eabi/6.3.1/../../../../arm-none-eabi/lib/thumb/v7e-m\libc.a(lib_a-fwalk.o)
 .ARM.attributes
                0x00000714       0x2e c:/program files (x86)/atmel/studio/7.0/toolchain/arm/arm-gnu-toolchain/bin/../lib/gcc/arm-none-eabi/6.3.1/../../../../arm-none-eabi/lib/thumb/v7e-m\libc.a(lib_a-locale.o)
 .ARM.attributes
                0x00000742       0x2e c:/program files (x86)/atmel/studio/7.0/toolchain/arm/arm-gnu-toolchain/bin/../lib/gcc/arm-none-eabi/6.3.1/../../../../arm-none-eabi/lib/thumb/v7e-m\libc.a(lib_a-lock.o)
 .ARM.attributes
                0x00000770       0x2e c:/program files (x86)/atmel/studio/7.0/toolchain/arm/arm-gnu-toolchain/bin/../lib/gcc/arm-none-eabi/6.3.1/../../../../arm-none-eabi/lib/thumb/v7e-m\libc.a(lib_a-makebuf.o)
 .ARM.attributes
                0x0000079e       0x2e c:/program files (x86)/atmel/studio/7.0/toolchain/arm/arm-gnu-toolchain/bin/../lib/gcc/arm-none-eabi/6.3.1/../../../../arm-none-eabi/lib/thumb/v7e-m\libc.a(lib_a-malloc.o)
 .ARM.attributes
                0x000007cc       0x2e c:/program files (x86)/atmel/studio/7.0/toolchain/arm/arm-gnu-toolchain/bin/../lib/gcc/arm-none-eabi/6.3.1/../../../../arm-none-eabi/lib/thumb/v7e-m\libc.a(lib_a-mallocr.o)
 .ARM.attributes
                0x000007fa       0x2e c:/program files (x86)/atmel/studio/7.0/toolchain/arm/arm-gnu-toolchain/bin/../lib/gcc/arm-none-eabi/6.3.1/../../../../arm-none-eabi/lib/thumb/v7e-m\libc.a(lib_a-mbtowc_r.o)
 .ARM.attributes
                0x00000828       0x1c c:/program files (x86)/atmel/studio/7.0/toolchain/arm/arm-gnu-toolchain/bin/../lib/gcc/arm-none-eabi/6.3.1/../../../../arm-none-eabi/lib/thumb/v7e-m\libc.a(lib_a-memchr.o)
 .ARM.attributes
                0x00000844       0x1c c:/program files (x86)/atmel/studio/7.0/toolchain/arm/arm-gnu-toolchain/bin/../lib/gcc/arm-none-eabi/6.3.1/../../../../arm-none-eabi/lib/thumb/v7e-m\libc.a(lib_a-memcpy.o)
 .ARM.attributes
                0x00000860       0x2e c:/program files (x86)/atmel/studio/7.0/toolchain/arm/arm-gnu-toolchain/bin/../lib/gcc/arm-none-eabi/6.3.1/../../../../arm-none-eabi/lib/thumb/v7e-m\libc.a(lib_a-memmove.o)
 .ARM.attributes
                0x0000088e       0x2e c:/program files (x86)/atmel/studio/7.0/toolchain/arm/arm-gnu-toolchain/bin/../lib/gcc/arm-none-eabi/6.3.1/../../../../arm-none-eabi/lib/thumb/v7e-m\libc.a(lib_a-mlock.o)
 .ARM.attributes
                0x000008bc       0x2e c:/program files (x86)/atmel/studio/7.0/toolchain/arm/arm-gnu-toolchain/bin/../lib/gcc/arm-none-eabi/6.3.1/../../../../arm-none-eabi/lib/thumb/v7e-m\libc.a(lib_a-reallocr.o)
 .ARM.attributes
                0x000008ea       0x2e c:/program files (x86)/atmel/studio/7.0/toolchain/arm/arm-gnu-toolchain/bin/../lib/gcc/arm-none-eabi/6.3.1/../../../../arm-none-eabi/lib/thumb/v7e-m\libc.a(lib_a-sbrkr.o)
 .ARM.attributes
                0x00000918       0x2e c:/program files (x86)/atmel/studio/7.0/toolchain/arm/arm-gnu-toolchain/bin/../lib/gcc/arm-none-eabi/6.3.1/../../../../arm-none-eabi/lib/thumb/v7e-m\libc.a(lib_a-stdio.o)
 .ARM.attributes
                0x00000946       0x2e c:/program files (x86)/atmel/studio/7.0/toolchain/arm/arm-gnu-toolchain/bin/../lib/gcc/arm-none-eabi/6.3.1/../../../../arm-none-eabi/lib/thumb/v7e-m\libc.a(lib_a-wbuf.o)
 .ARM.attributes
                0x00000974       0x2e c:/program files (x86)/atmel/studio/7.0/toolchain/arm/arm-gnu-toolchain/bin/../lib/gcc/arm-none-eabi/6.3.1/../../../../arm-none-eabi/lib/thumb/v7e-m\libc.a(lib_a-wcrtomb.o)
 .ARM.attributes
                0x000009a2       0x2e c:/program files (x86)/atmel/studio/7.0/toolchain/arm/arm-gnu-toolchain/bin/../lib/gcc/arm-none-eabi/6.3.1/../../../../arm-none-eabi/lib/thumb/v7e-m\libc.a(lib_a-wctomb_r.o)
 .ARM.attributes
                0x000009d0       0x2e c:/program files (x86)/atmel/studio/7.0/toolchain/arm/arm-gnu-toolchain/bin/../lib/gcc/arm-none-eabi/6.3.1/../../../../arm-none-eabi/lib/thumb/v7e-m\libc.a(lib_a-writer.o)
 .ARM.attributes
                0x000009fe       0x2e c:/program files (x86)/atmel/studio/7.0/toolchain/arm/arm-gnu-toolchain/bin/../lib/gcc/arm-none-eabi/6.3.1/../../../../arm-none-eabi/lib/thumb/v7e-m\libc.a(lib_a-__atexit.o)
 .ARM.attributes
                0x00000a2c       0x2e c:/program files (x86)/atmel/studio/7.0/toolchain/arm/arm-gnu-toolchain/bin/../lib/gcc/arm-none-eabi/6.3.1/../../../../arm-none-eabi/lib/thumb/v7e-m\libc.a(lib_a-closer.o)
 .ARM.attributes
                0x00000a5a       0x2e c:/program files (x86)/atmel/studio/7.0/toolchain/arm/arm-gnu-toolchain/bin/../lib/gcc/arm-none-eabi/6.3.1/../../../../arm-none-eabi/lib/thumb/v7e-m\libc.a(lib_a-ctype_.o)
 .ARM.attributes
                0x00000a88       0x2e c:/program files (x86)/atmel/studio/7.0/toolchain/arm/arm-gnu-toolchain/bin/../lib/gcc/arm-none-eabi/6.3.1/../../../../arm-none-eabi/lib/thumb/v7e-m\libc.a(lib_a-fclose.o)
 .ARM.attributes
                0x00000ab6       0x2e c:/program files (x86)/atmel/studio/7.0/toolchain/arm/arm-gnu-toolchain/bin/../lib/gcc/arm-none-eabi/6.3.1/../../../../arm-none-eabi/lib/thumb/v7e-m\libc.a(lib_a-fstatr.o)
 .ARM.attributes
                0x00000ae4       0x2e c:/program files (x86)/atmel/studio/7.0/toolchain/arm/arm-gnu-toolchain/bin/../lib/gcc/arm-none-eabi/6.3.1/../../../../arm-none-eabi/lib/thumb/v7e-m\libc.a(lib_a-isattyr.o)
 .ARM.attributes
                0x00000b12       0x2e c:/program files (x86)/atmel/studio/7.0/toolchain/arm/arm-gnu-toolchain/bin/../lib/gcc/arm-none-eabi/6.3.1/../../../../arm-none-eabi/lib/thumb/v7e-m\libc.a(lib_a-lseekr.o)
 .ARM.attributes
                0x00000b40       0x2e c:/program files (x86)/atmel/studio/7.0/toolchain/arm/arm-gnu-toolchain/bin/../lib/gcc/arm-none-eabi/6.3.1/../../../../arm-none-eabi/lib/thumb/v7e-m\libc.a(lib_a-readr.o)
 .ARM.attributes
                0x00000b6e       0x2e c:/program files (x86)/atmel/studio/7.0/toolchain/arm/arm-gnu-toolchain/bin/../lib/gcc/arm-none-eabi/6.3.1/../../../../arm-none-eabi/lib/thumb/v7e-m\libc.a(lib_a-reent.o)
 .ARM.attributes
                0x00000b9c       0x1e c:/program files (x86)/atmel/studio/7.0/toolchain/arm/arm-gnu-toolchain/bin/../lib/gcc/arm-none-eabi/6.3.1/thumb/v7e-m\libgcc.a(_aeabi_uldivmod.o)
 .ARM.attributes
                0x00000bba       0x2e c:/program files (x86)/atmel/studio/7.0/toolchain/arm/arm-gnu-toolchain/bin/../lib/gcc/arm-none-eabi/6.3.1/thumb/v7e-m\libgcc.a(_udivmoddi4.o)
 .ARM.attributes
                0x00000be8       0x1e c:/program files (x86)/atmel/studio/7.0/toolchain/arm/arm-gnu-toolchain/bin/../lib/gcc/arm-none-eabi/6.3.1/thumb/v7e-m\libgcc.a(_dvmd_tls.o)
 .ARM.attributes
                0x00000c06       0x1e c:/program files (x86)/atmel/studio/7.0/toolchain/arm/arm-gnu-toolchain/bin/../lib/gcc/arm-none-eabi/6.3.1/thumb/v7e-m/crtn.o

.comment        0x00000000       0x59
 .comment       0x00000000       0x59 src/afec_example3.o
                                 0x5a (size before relaxing)
 .comment       0x00000059       0x5a src/ASF/common/services/clock/sam4e/sysclk.o
 .comment       0x00000059       0x5a src/ASF/common/services/delay/sam/cycle_counter.o
 .comment       0x00000059       0x5a src/ASF/common/services/sleepmgr/sam/sleepmgr.o
 .comment       0x00000059       0x5a src/ASF/common/utils/interrupt/interrupt_sam_nvic.o
 .comment       0x00000059       0x5a src/ASF/common/utils/stdio/read.o
 .comment       0x00000059       0x5a src/ASF/common/utils/stdio/write.o
 .comment       0x00000059       0x5a src/ASF/sam/boards/sam4e_ek/init.o
 .comment       0x00000059       0x5a src/ASF/sam/drivers/afec/afec.o
 .comment       0x00000059       0x5a src/ASF/sam/drivers/pmc/pmc.o
 .comment       0x00000059       0x5a src/ASF/sam/drivers/uart/uart.o
 .comment       0x00000059       0x5a src/ASF/sam/drivers/usart/usart.o
 .comment       0x00000059       0x5a src/ASF/sam/utils/cmsis/sam4e/source/templates/exceptions.o
 .comment       0x00000059       0x5a src/ASF/sam/utils/cmsis/sam4e/source/templates/gcc/startup_sam4e.o
 .comment       0x00000059       0x5a src/ASF/sam/utils/cmsis/sam4e/source/templates/system_sam4e.o
 .comment       0x00000059       0x5a src/ASF/sam/utils/syscalls/gcc/syscalls.o

.debug_info     0x00000000    0x11379
 .debug_info    0x00000000     0x1ed9 src/afec_example3.o
 .debug_info    0x00001ed9     0x1124 src/ASF/common/services/clock/sam4e/sysclk.o
 .debug_info    0x00002ffd      0xa45 src/ASF/common/services/delay/sam/cycle_counter.o
 .debug_info    0x00003a42      0xa8e src/ASF/common/services/sleepmgr/sam/sleepmgr.o
 .debug_info    0x000044d0      0xb01 src/ASF/common/utils/interrupt/interrupt_sam_nvic.o
 .debug_info    0x00004fd1      0xac9 src/ASF/common/utils/stdio/read.o
 .debug_info    0x00005a9a      0xac6 src/ASF/common/utils/stdio/write.o
 .debug_info    0x00006560     0x1c45 src/ASF/sam/boards/sam4e_ek/init.o
 .debug_info    0x000081a5     0x217b src/ASF/sam/drivers/afec/afec.o
 .debug_info    0x0000a320     0x190f src/ASF/sam/drivers/pmc/pmc.o
 .debug_info    0x0000bc2f     0x11ae src/ASF/sam/drivers/uart/uart.o
 .debug_info    0x0000cddd     0x2039 src/ASF/sam/drivers/usart/usart.o
 .debug_info    0x0000ee16       0xdc src/ASF/sam/utils/cmsis/sam4e/source/templates/exceptions.o
 .debug_info    0x0000eef2     0x1242 src/ASF/sam/utils/cmsis/sam4e/source/templates/gcc/startup_sam4e.o
 .debug_info    0x00010134      0x495 src/ASF/sam/utils/cmsis/sam4e/source/templates/system_sam4e.o
 .debug_info    0x000105c9      0xdb0 src/ASF/sam/utils/syscalls/gcc/syscalls.o

.debug_abbrev   0x00000000     0x282f
 .debug_abbrev  0x00000000      0x3e0 src/afec_example3.o
 .debug_abbrev  0x000003e0      0x311 src/ASF/common/services/clock/sam4e/sysclk.o
 .debug_abbrev  0x000006f1      0x1b3 src/ASF/common/services/delay/sam/cycle_counter.o
 .debug_abbrev  0x000008a4      0x1b2 src/ASF/common/services/sleepmgr/sam/sleepmgr.o
 .debug_abbrev  0x00000a56      0x212 src/ASF/common/utils/interrupt/interrupt_sam_nvic.o
 .debug_abbrev  0x00000c68      0x1fe src/ASF/common/utils/stdio/read.o
 .debug_abbrev  0x00000e66      0x1e9 src/ASF/common/utils/stdio/write.o
 .debug_abbrev  0x0000104f      0x2e4 src/ASF/sam/boards/sam4e_ek/init.o
 .debug_abbrev  0x00001333      0x4c8 src/ASF/sam/drivers/afec/afec.o
 .debug_abbrev  0x000017fb      0x315 src/ASF/sam/drivers/pmc/pmc.o
 .debug_abbrev  0x00001b10      0x288 src/ASF/sam/drivers/uart/uart.o
 .debug_abbrev  0x00001d98      0x406 src/ASF/sam/drivers/usart/usart.o
 .debug_abbrev  0x0000219e       0x7d src/ASF/sam/utils/cmsis/sam4e/source/templates/exceptions.o
 .debug_abbrev  0x0000221b      0x2ae src/ASF/sam/utils/cmsis/sam4e/source/templates/gcc/startup_sam4e.o
 .debug_abbrev  0x000024c9      0x102 src/ASF/sam/utils/cmsis/sam4e/source/templates/system_sam4e.o
 .debug_abbrev  0x000025cb      0x264 src/ASF/sam/utils/syscalls/gcc/syscalls.o

.debug_loc      0x00000000     0x2ef2
 .debug_loc     0x00000000      0x460 src/afec_example3.o
 .debug_loc     0x00000460      0x12a src/ASF/common/services/clock/sam4e/sysclk.o
 .debug_loc     0x0000058a       0xb3 src/ASF/common/utils/stdio/read.o
 .debug_loc     0x0000063d      0x12b src/ASF/common/utils/stdio/write.o
 .debug_loc     0x00000768      0x39c src/ASF/sam/boards/sam4e_ek/init.o
 .debug_loc     0x00000b04      0x81a src/ASF/sam/drivers/afec/afec.o
 .debug_loc     0x0000131e      0x9c6 src/ASF/sam/drivers/pmc/pmc.o
 .debug_loc     0x00001ce4      0x241 src/ASF/sam/drivers/uart/uart.o
 .debug_loc     0x00001f25      0xe59 src/ASF/sam/drivers/usart/usart.o
 .debug_loc     0x00002d7e       0x77 src/ASF/sam/utils/cmsis/sam4e/source/templates/gcc/startup_sam4e.o
 .debug_loc     0x00002df5       0xfd src/ASF/sam/utils/syscalls/gcc/syscalls.o

.debug_aranges  0x00000000      0x768
 .debug_aranges
                0x00000000       0x38 src/afec_example3.o
 .debug_aranges
                0x00000038       0x30 src/ASF/common/services/clock/sam4e/sysclk.o
 .debug_aranges
                0x00000068       0x20 src/ASF/common/services/delay/sam/cycle_counter.o
 .debug_aranges
                0x00000088       0x18 src/ASF/common/services/sleepmgr/sam/sleepmgr.o
 .debug_aranges
                0x000000a0       0x28 src/ASF/common/utils/interrupt/interrupt_sam_nvic.o
 .debug_aranges
                0x000000c8       0x20 src/ASF/common/utils/stdio/read.o
 .debug_aranges
                0x000000e8       0x20 src/ASF/common/utils/stdio/write.o
 .debug_aranges
                0x00000108       0x20 src/ASF/sam/boards/sam4e_ek/init.o
 .debug_aranges
                0x00000128       0xa0 src/ASF/sam/drivers/afec/afec.o
 .debug_aranges
                0x000001c8      0x1d8 src/ASF/sam/drivers/pmc/pmc.o
 .debug_aranges
                0x000003a0       0xe8 src/ASF/sam/drivers/uart/uart.o
 .debug_aranges
                0x00000488      0x210 src/ASF/sam/drivers/usart/usart.o
 .debug_aranges
                0x00000698       0x20 src/ASF/sam/utils/cmsis/sam4e/source/templates/exceptions.o
 .debug_aranges
                0x000006b8       0x20 src/ASF/sam/utils/cmsis/sam4e/source/templates/gcc/startup_sam4e.o
 .debug_aranges
                0x000006d8       0x30 src/ASF/sam/utils/cmsis/sam4e/source/templates/system_sam4e.o
 .debug_aranges
                0x00000708       0x60 src/ASF/sam/utils/syscalls/gcc/syscalls.o

.debug_ranges   0x00000000      0x690
 .debug_ranges  0x00000000       0x40 src/afec_example3.o
 .debug_ranges  0x00000040       0x20 src/ASF/common/services/clock/sam4e/sysclk.o
 .debug_ranges  0x00000060       0x10 src/ASF/common/services/delay/sam/cycle_counter.o
 .debug_ranges  0x00000070       0x18 src/ASF/common/utils/interrupt/interrupt_sam_nvic.o
 .debug_ranges  0x00000088       0x10 src/ASF/common/utils/stdio/read.o
 .debug_ranges  0x00000098       0x10 src/ASF/common/utils/stdio/write.o
 .debug_ranges  0x000000a8       0x10 src/ASF/sam/boards/sam4e_ek/init.o
 .debug_ranges  0x000000b8       0xa8 src/ASF/sam/drivers/afec/afec.o
 .debug_ranges  0x00000160      0x1c8 src/ASF/sam/drivers/pmc/pmc.o
 .debug_ranges  0x00000328       0xd8 src/ASF/sam/drivers/uart/uart.o
 .debug_ranges  0x00000400      0x200 src/ASF/sam/drivers/usart/usart.o
 .debug_ranges  0x00000600       0x10 src/ASF/sam/utils/cmsis/sam4e/source/templates/exceptions.o
 .debug_ranges  0x00000610       0x10 src/ASF/sam/utils/cmsis/sam4e/source/templates/gcc/startup_sam4e.o
 .debug_ranges  0x00000620       0x20 src/ASF/sam/utils/cmsis/sam4e/source/templates/system_sam4e.o
 .debug_ranges  0x00000640       0x50 src/ASF/sam/utils/syscalls/gcc/syscalls.o

.debug_macro    0x00000000    0x177d1
 .debug_macro   0x00000000      0x71b src/afec_example3.o
 .debug_macro   0x0000071b      0x8ce src/afec_example3.o
 .debug_macro   0x00000fe9       0x22 src/afec_example3.o
 .debug_macro   0x0000100b       0x52 src/afec_example3.o
 .debug_macro   0x0000105d       0x8d src/afec_example3.o
 .debug_macro   0x000010ea       0x35 src/afec_example3.o
 .debug_macro   0x0000111f       0x9c src/afec_example3.o
 .debug_macro   0x000011bb       0x16 src/afec_example3.o
 .debug_macro   0x000011d1       0x57 src/afec_example3.o
 .debug_macro   0x00001228       0x97 src/afec_example3.o
 .debug_macro   0x000012bf      0x353 src/afec_example3.o
 .debug_macro   0x00001612       0xf6 src/afec_example3.o
 .debug_macro   0x00001708       0x10 src/afec_example3.o
 .debug_macro   0x00001718       0x58 src/afec_example3.o
 .debug_macro   0x00001770       0x1f src/afec_example3.o
 .debug_macro   0x0000178f       0x43 src/afec_example3.o
 .debug_macro   0x000017d2       0x20 src/afec_example3.o
 .debug_macro   0x000017f2      0x187 src/afec_example3.o
 .debug_macro   0x00001979       0x10 src/afec_example3.o
 .debug_macro   0x00001989       0x6a src/afec_example3.o
 .debug_macro   0x000019f3       0x1c src/afec_example3.o
 .debug_macro   0x00001a0f       0x52 src/afec_example3.o
 .debug_macro   0x00001a61       0x40 src/afec_example3.o
 .debug_macro   0x00001aa1       0x10 src/afec_example3.o
 .debug_macro   0x00001ab1       0x40 src/afec_example3.o
 .debug_macro   0x00001af1       0xd7 src/afec_example3.o
 .debug_macro   0x00001bc8       0x16 src/afec_example3.o
 .debug_macro   0x00001bde      0x18b src/afec_example3.o
 .debug_macro   0x00001d69       0x16 src/afec_example3.o
 .debug_macro   0x00001d7f       0x35 src/afec_example3.o
 .debug_macro   0x00001db4       0x16 src/afec_example3.o
 .debug_macro   0x00001dca      0x6d7 src/afec_example3.o
 .debug_macro   0x000024a1       0x76 src/afec_example3.o
 .debug_macro   0x00002517       0x16 src/afec_example3.o
 .debug_macro   0x0000252d      0x6da src/afec_example3.o
 .debug_macro   0x00002c07       0xef src/afec_example3.o
 .debug_macro   0x00002cf6      0x1df src/afec_example3.o
 .debug_macro   0x00002ed5       0x27 src/afec_example3.o
 .debug_macro   0x00002efc       0x3b src/afec_example3.o
 .debug_macro   0x00002f37       0x2d src/afec_example3.o
 .debug_macro   0x00002f64       0x26 src/afec_example3.o
 .debug_macro   0x00002f8a      0xd39 src/afec_example3.o
 .debug_macro   0x00003cc3      0x154 src/afec_example3.o
 .debug_macro   0x00003e17      0x18f src/afec_example3.o
 .debug_macro   0x00003fa6      0xbec src/afec_example3.o
 .debug_macro   0x00004b92      0x535 src/afec_example3.o
 .debug_macro   0x000050c7      0x196 src/afec_example3.o
 .debug_macro   0x0000525d      0x11e src/afec_example3.o
 .debug_macro   0x0000537b      0x428 src/afec_example3.o
 .debug_macro   0x000057a3      0x541 src/afec_example3.o
 .debug_macro   0x00005ce4      0x106 src/afec_example3.o
 .debug_macro   0x00005dea      0xa74 src/afec_example3.o
 .debug_macro   0x0000685e       0x1c src/afec_example3.o
 .debug_macro   0x0000687a      0x735 src/afec_example3.o
 .debug_macro   0x00006faf      0x44d src/afec_example3.o
 .debug_macro   0x000073fc       0xbe src/afec_example3.o
 .debug_macro   0x000074ba     0x28b1 src/afec_example3.o
 .debug_macro   0x00009d6b      0x834 src/afec_example3.o
 .debug_macro   0x0000a59f      0xb98 src/afec_example3.o
 .debug_macro   0x0000b137       0x9a src/afec_example3.o
 .debug_macro   0x0000b1d1       0x76 src/afec_example3.o
 .debug_macro   0x0000b247      0x3cf src/afec_example3.o
 .debug_macro   0x0000b616       0x64 src/afec_example3.o
 .debug_macro   0x0000b67a      0x1a6 src/afec_example3.o
 .debug_macro   0x0000b820      0x37c src/afec_example3.o
 .debug_macro   0x0000bb9c      0x6fd src/afec_example3.o
 .debug_macro   0x0000c299      0x6f4 src/afec_example3.o
 .debug_macro   0x0000c98d      0x377 src/afec_example3.o
 .debug_macro   0x0000cd04      0x2a1 src/afec_example3.o
 .debug_macro   0x0000cfa5      0x2cd src/afec_example3.o
 .debug_macro   0x0000d272      0x6b2 src/afec_example3.o
 .debug_macro   0x0000d924       0x76 src/afec_example3.o
 .debug_macro   0x0000d99a      0x2e9 src/afec_example3.o
 .debug_macro   0x0000dc83       0x46 src/afec_example3.o
 .debug_macro   0x0000dcc9      0x21b src/afec_example3.o
 .debug_macro   0x0000dee4      0x21b src/afec_example3.o
 .debug_macro   0x0000e0ff      0x287 src/afec_example3.o
 .debug_macro   0x0000e386       0x88 src/afec_example3.o
 .debug_macro   0x0000e40e       0x82 src/afec_example3.o
 .debug_macro   0x0000e490       0xb8 src/afec_example3.o
 .debug_macro   0x0000e548       0x52 src/afec_example3.o
 .debug_macro   0x0000e59a       0x88 src/afec_example3.o
 .debug_macro   0x0000e622      0x1bb src/afec_example3.o
 .debug_macro   0x0000e7dd      0x1bb src/afec_example3.o
 .debug_macro   0x0000e998      0x12b src/afec_example3.o
 .debug_macro   0x0000eac3       0xac src/afec_example3.o
 .debug_macro   0x0000eb6f       0xac src/afec_example3.o
 .debug_macro   0x0000ec1b       0x94 src/afec_example3.o
 .debug_macro   0x0000ecaf       0x94 src/afec_example3.o
 .debug_macro   0x0000ed43       0xdc src/afec_example3.o
 .debug_macro   0x0000ee1f       0xdc src/afec_example3.o
 .debug_macro   0x0000eefb       0x7c src/afec_example3.o
 .debug_macro   0x0000ef77       0x40 src/afec_example3.o
 .debug_macro   0x0000efb7       0xee src/afec_example3.o
 .debug_macro   0x0000f0a5       0x46 src/afec_example3.o
 .debug_macro   0x0000f0eb       0x58 src/afec_example3.o
 .debug_macro   0x0000f143       0xa6 src/afec_example3.o
 .debug_macro   0x0000f1e9       0x82 src/afec_example3.o
 .debug_macro   0x0000f26b       0x16 src/afec_example3.o
 .debug_macro   0x0000f281       0x22 src/afec_example3.o
 .debug_macro   0x0000f2a3      0x193 src/afec_example3.o
 .debug_macro   0x0000f436      0x163 src/afec_example3.o
 .debug_macro   0x0000f599      0x163 src/afec_example3.o
 .debug_macro   0x0000f6fc      0x163 src/afec_example3.o
 .debug_macro   0x0000f85f      0x163 src/afec_example3.o
 .debug_macro   0x0000f9c2       0x1c src/afec_example3.o
 .debug_macro   0x0000f9de       0x2e src/afec_example3.o
 .debug_macro   0x0000fa0c       0x22 src/afec_example3.o
 .debug_macro   0x0000fa2e       0x1c src/afec_example3.o
 .debug_macro   0x0000fa4a       0x52 src/afec_example3.o
 .debug_macro   0x0000fa9c       0x10 src/afec_example3.o
 .debug_macro   0x0000faac       0x1c src/afec_example3.o
 .debug_macro   0x0000fac8      0x2b2 src/afec_example3.o
 .debug_macro   0x0000fd7a      0xc83 src/afec_example3.o
 .debug_macro   0x000109fd      0x10e src/afec_example3.o
 .debug_macro   0x00010b0b       0x22 src/afec_example3.o
 .debug_macro   0x00010b2d       0x16 src/afec_example3.o
 .debug_macro   0x00010b43       0x16 src/afec_example3.o
 .debug_macro   0x00010b59       0x29 src/afec_example3.o
 .debug_macro   0x00010b82       0x73 src/afec_example3.o
 .debug_macro   0x00010bf5       0x3e src/afec_example3.o
 .debug_macro   0x00010c33      0x3ca src/afec_example3.o
 .debug_macro   0x00010ffd       0x28 src/afec_example3.o
 .debug_macro   0x00011025      0x2c3 src/afec_example3.o
 .debug_macro   0x000112e8      0xafb src/afec_example3.o
 .debug_macro   0x00011de3       0x58 src/afec_example3.o
 .debug_macro   0x00011e3b       0x64 src/afec_example3.o
 .debug_macro   0x00011e9f       0x40 src/afec_example3.o
 .debug_macro   0x00011edf       0x82 src/afec_example3.o
 .debug_macro   0x00011f61       0x28 src/afec_example3.o
 .debug_macro   0x00011f89       0x22 src/afec_example3.o
 .debug_macro   0x00011fab       0x88 src/afec_example3.o
 .debug_macro   0x00012033       0x34 src/afec_example3.o
 .debug_macro   0x00012067       0x16 src/afec_example3.o
 .debug_macro   0x0001207d       0x1c src/afec_example3.o
 .debug_macro   0x00012099       0x10 src/afec_example3.o
 .debug_macro   0x000120a9       0x1c src/afec_example3.o
 .debug_macro   0x000120c5       0x2e src/afec_example3.o
 .debug_macro   0x000120f3       0x1c src/afec_example3.o
 .debug_macro   0x0001210f      0x60e src/ASF/common/services/clock/sam4e/sysclk.o
 .debug_macro   0x0001271d      0x16d src/ASF/common/services/clock/sam4e/sysclk.o
 .debug_macro   0x0001288a       0x87 src/ASF/common/services/clock/sam4e/sysclk.o
 .debug_macro   0x00012911       0x51 src/ASF/common/services/clock/sam4e/sysclk.o
 .debug_macro   0x00012962       0x58 src/ASF/common/services/clock/sam4e/sysclk.o
 .debug_macro   0x000129ba      0x2bd src/ASF/common/services/clock/sam4e/sysclk.o
 .debug_macro   0x00012c77      0x597 src/ASF/common/services/delay/sam/cycle_counter.o
 .debug_macro   0x0001320e       0x22 src/ASF/common/services/delay/sam/cycle_counter.o
 .debug_macro   0x00013230      0x5ae src/ASF/common/services/sleepmgr/sam/sleepmgr.o
 .debug_macro   0x000137de      0x588 src/ASF/common/utils/interrupt/interrupt_sam_nvic.o
 .debug_macro   0x00013d66      0x588 src/ASF/common/utils/stdio/read.o
 .debug_macro   0x000142ee      0x588 src/ASF/common/utils/stdio/write.o
 .debug_macro   0x00014876      0x640 src/ASF/sam/boards/sam4e_ek/init.o
 .debug_macro   0x00014eb6       0x16 src/ASF/sam/boards/sam4e_ek/init.o
 .debug_macro   0x00014ecc       0x82 src/ASF/sam/boards/sam4e_ek/init.o
 .debug_macro   0x00014f4e      0x666 src/ASF/sam/drivers/afec/afec.o
 .debug_macro   0x000155b4      0x59d src/ASF/sam/drivers/pmc/pmc.o
 .debug_macro   0x00015b51       0x52 src/ASF/sam/drivers/pmc/pmc.o
 .debug_macro   0x00015ba3      0x597 src/ASF/sam/drivers/uart/uart.o
 .debug_macro   0x0001613a       0x16 src/ASF/sam/drivers/uart/uart.o
 .debug_macro   0x00016150      0x5cd src/ASF/sam/drivers/usart/usart.o
 .debug_macro   0x0001671d       0x28 src/ASF/sam/drivers/usart/usart.o
 .debug_macro   0x00016745      0x38f src/ASF/sam/utils/cmsis/sam4e/source/templates/exceptions.o
 .debug_macro   0x00016ad4      0x5a1 src/ASF/sam/utils/cmsis/sam4e/source/templates/gcc/startup_sam4e.o
 .debug_macro   0x00017075       0x10 src/ASF/sam/utils/cmsis/sam4e/source/templates/gcc/startup_sam4e.o
 .debug_macro   0x00017085      0x39d src/ASF/sam/utils/cmsis/sam4e/source/templates/system_sam4e.o
 .debug_macro   0x00017422      0x1d6 src/ASF/sam/utils/syscalls/gcc/syscalls.o
 .debug_macro   0x000175f8       0x4c src/ASF/sam/utils/syscalls/gcc/syscalls.o
 .debug_macro   0x00017644       0x16 src/ASF/sam/utils/syscalls/gcc/syscalls.o
 .debug_macro   0x0001765a       0x10 src/ASF/sam/utils/syscalls/gcc/syscalls.o
 .debug_macro   0x0001766a       0x10 src/ASF/sam/utils/syscalls/gcc/syscalls.o
 .debug_macro   0x0001767a       0x35 src/ASF/sam/utils/syscalls/gcc/syscalls.o
 .debug_macro   0x000176af      0x122 src/ASF/sam/utils/syscalls/gcc/syscalls.o

.debug_line     0x00000000     0xa121
 .debug_line    0x00000000      0xe1e src/afec_example3.o
 .debug_line    0x00000e1e      0xa4a src/ASF/common/services/clock/sam4e/sysclk.o
 .debug_line    0x00001868      0x910 src/ASF/common/services/delay/sam/cycle_counter.o
 .debug_line    0x00002178      0x972 src/ASF/common/services/sleepmgr/sam/sleepmgr.o
 .debug_line    0x00002aea      0x923 src/ASF/common/utils/interrupt/interrupt_sam_nvic.o
 .debug_line    0x0000340d      0x90a src/ASF/common/utils/stdio/read.o
 .debug_line    0x00003d17      0x902 src/ASF/common/utils/stdio/write.o
 .debug_line    0x00004619      0xb06 src/ASF/sam/boards/sam4e_ek/init.o
 .debug_line    0x0000511f      0xd7b src/ASF/sam/drivers/afec/afec.o
 .debug_line    0x00005e9a      0xe16 src/ASF/sam/drivers/pmc/pmc.o
 .debug_line    0x00006cb0      0xabd src/ASF/sam/drivers/uart/uart.o
 .debug_line    0x0000776d      0xe86 src/ASF/sam/drivers/usart/usart.o
 .debug_line    0x000085f3      0x686 src/ASF/sam/utils/cmsis/sam4e/source/templates/exceptions.o
 .debug_line    0x00008c79      0x994 src/ASF/sam/utils/cmsis/sam4e/source/templates/gcc/startup_sam4e.o
 .debug_line    0x0000960d      0x709 src/ASF/sam/utils/cmsis/sam4e/source/templates/system_sam4e.o
 .debug_line    0x00009d16      0x40b src/ASF/sam/utils/syscalls/gcc/syscalls.o

.debug_str      0x00000000    0x62fab
 .debug_str     0x00000000    0x5ff21 src/afec_example3.o
                              0x604f3 (size before relaxing)
 .debug_str     0x0005ff21      0x2eb src/ASF/common/services/clock/sam4e/sysclk.o
                              0x5eed7 (size before relaxing)
 .debug_str     0x0006020c       0x35 src/ASF/common/services/delay/sam/cycle_counter.o
                              0x59fa8 (size before relaxing)
 .debug_str     0x00060241       0xbd src/ASF/common/services/sleepmgr/sam/sleepmgr.o
                              0x59fc0 (size before relaxing)
 .debug_str     0x000602fe       0x94 src/ASF/common/utils/interrupt/interrupt_sam_nvic.o
                              0x59e84 (size before relaxing)
 .debug_str     0x00060392       0x2c src/ASF/common/utils/stdio/read.o
                              0x59e2d (size before relaxing)
 .debug_str     0x000603be       0x26 src/ASF/common/utils/stdio/write.o
                              0x59e2e (size before relaxing)
 .debug_str     0x000603e4      0x6b7 src/ASF/sam/boards/sam4e_ek/init.o
                              0x5f584 (size before relaxing)
 .debug_str     0x00060a9b      0x796 src/ASF/sam/drivers/afec/afec.o
                              0x5fedf (size before relaxing)
 .debug_str     0x00061231      0x59b src/ASF/sam/drivers/pmc/pmc.o
                              0x5a81e (size before relaxing)
 .debug_str     0x000617cc      0x258 src/ASF/sam/drivers/uart/uart.o
                              0x5a1fb (size before relaxing)
 .debug_str     0x00061a24      0x787 src/ASF/sam/drivers/usart/usart.o
                              0x5a822 (size before relaxing)
 .debug_str     0x000621ab       0x4d src/ASF/sam/utils/cmsis/sam4e/source/templates/exceptions.o
                              0x49a50 (size before relaxing)
 .debug_str     0x000621f8      0x4d0 src/ASF/sam/utils/cmsis/sam4e/source/templates/gcc/startup_sam4e.o
                              0x5a43b (size before relaxing)
 .debug_str     0x000626c8      0x17b src/ASF/sam/utils/cmsis/sam4e/source/templates/system_sam4e.o
                              0x49d1a (size before relaxing)
 .debug_str     0x00062843      0x768 src/ASF/sam/utils/syscalls/gcc/syscalls.o
                               0x7444 (size before relaxing)

.debug_frame    0x00000000     0x1c0c
 .debug_frame   0x00000000       0x8c src/afec_example3.o
 .debug_frame   0x0000008c       0x58 src/ASF/common/services/clock/sam4e/sysclk.o
 .debug_frame   0x000000e4       0x20 src/ASF/common/services/delay/sam/cycle_counter.o
 .debug_frame   0x00000104       0x30 src/ASF/common/utils/interrupt/interrupt_sam_nvic.o
 .debug_frame   0x00000134       0x30 src/ASF/common/utils/stdio/read.o
 .debug_frame   0x00000164       0x48 src/ASF/common/utils/stdio/write.o
 .debug_frame   0x000001ac       0x28 src/ASF/sam/boards/sam4e_ek/init.o
 .debug_frame   0x000001d4      0x1ac src/ASF/sam/drivers/afec/afec.o
 .debug_frame   0x00000380      0x39c src/ASF/sam/drivers/pmc/pmc.o
 .debug_frame   0x0000071c      0x1bc src/ASF/sam/drivers/uart/uart.o
 .debug_frame   0x000008d8      0x48c src/ASF/sam/drivers/usart/usart.o
 .debug_frame   0x00000d64       0x20 src/ASF/sam/utils/cmsis/sam4e/source/templates/exceptions.o
 .debug_frame   0x00000d84       0x28 src/ASF/sam/utils/cmsis/sam4e/source/templates/gcc/startup_sam4e.o
 .debug_frame   0x00000dac       0x40 src/ASF/sam/utils/cmsis/sam4e/source/templates/system_sam4e.o
 .debug_frame   0x00000dec       0xa0 src/ASF/sam/utils/syscalls/gcc/syscalls.o
 .debug_frame   0x00000e8c       0x2c c:/program files (x86)/atmel/studio/7.0/toolchain/arm/arm-gnu-toolchain/bin/../lib/gcc/arm-none-eabi/6.3.1/../../../../arm-none-eabi/lib/thumb/v7e-m\libc.a(lib_a-init.o)
 .debug_frame   0x00000eb8       0x74 c:/program files (x86)/atmel/studio/7.0/toolchain/arm/arm-gnu-toolchain/bin/../lib/gcc/arm-none-eabi/6.3.1/../../../../arm-none-eabi/lib/thumb/v7e-m\libc.a(lib_a-iprintf.o)
 .debug_frame   0x00000f2c       0x34 c:/program files (x86)/atmel/studio/7.0/toolchain/arm/arm-gnu-toolchain/bin/../lib/gcc/arm-none-eabi/6.3.1/../../../../arm-none-eabi/lib/thumb/v7e-m\libc.a(lib_a-memset.o)
 .debug_frame   0x00000f60       0x4c c:/program files (x86)/atmel/studio/7.0/toolchain/arm/arm-gnu-toolchain/bin/../lib/gcc/arm-none-eabi/6.3.1/../../../../arm-none-eabi/lib/thumb/v7e-m\libc.a(lib_a-puts.o)
 .debug_frame   0x00000fac       0x20 c:/program files (x86)/atmel/studio/7.0/toolchain/arm/arm-gnu-toolchain/bin/../lib/gcc/arm-none-eabi/6.3.1/../../../../arm-none-eabi/lib/thumb/v7e-m\libc.a(lib_a-setbuf.o)
 .debug_frame   0x00000fcc       0x48 c:/program files (x86)/atmel/studio/7.0/toolchain/arm/arm-gnu-toolchain/bin/../lib/gcc/arm-none-eabi/6.3.1/../../../../arm-none-eabi/lib/thumb/v7e-m\libc.a(lib_a-setvbuf.o)
 .debug_frame   0x00001014       0xd8 c:/program files (x86)/atmel/studio/7.0/toolchain/arm/arm-gnu-toolchain/bin/../lib/gcc/arm-none-eabi/6.3.1/../../../../arm-none-eabi/lib/thumb/v7e-m\libc.a(lib_a-vfiprintf.o)
 .debug_frame   0x000010ec       0x2c c:/program files (x86)/atmel/studio/7.0/toolchain/arm/arm-gnu-toolchain/bin/../lib/gcc/arm-none-eabi/6.3.1/../../../../arm-none-eabi/lib/thumb/v7e-m\libc.a(lib_a-wsetup.o)
 .debug_frame   0x00001118       0x5c c:/program files (x86)/atmel/studio/7.0/toolchain/arm/arm-gnu-toolchain/bin/../lib/gcc/arm-none-eabi/6.3.1/../../../../arm-none-eabi/lib/thumb/v7e-m\libc.a(lib_a-__call_atexit.o)
 .debug_frame   0x00001174       0x20 c:/program files (x86)/atmel/studio/7.0/toolchain/arm/arm-gnu-toolchain/bin/../lib/gcc/arm-none-eabi/6.3.1/../../../../arm-none-eabi/lib/thumb/v7e-m\libc.a(lib_a-atexit.o)
 .debug_frame   0x00001194       0x5c c:/program files (x86)/atmel/studio/7.0/toolchain/arm/arm-gnu-toolchain/bin/../lib/gcc/arm-none-eabi/6.3.1/../../../../arm-none-eabi/lib/thumb/v7e-m\libc.a(lib_a-fflush.o)
 .debug_frame   0x000011f0      0x148 c:/program files (x86)/atmel/studio/7.0/toolchain/arm/arm-gnu-toolchain/bin/../lib/gcc/arm-none-eabi/6.3.1/../../../../arm-none-eabi/lib/thumb/v7e-m\libc.a(lib_a-findfp.o)
 .debug_frame   0x00001338       0x34 c:/program files (x86)/atmel/studio/7.0/toolchain/arm/arm-gnu-toolchain/bin/../lib/gcc/arm-none-eabi/6.3.1/../../../../arm-none-eabi/lib/thumb/v7e-m\libc.a(lib_a-fini.o)
 .debug_frame   0x0000136c       0x94 c:/program files (x86)/atmel/studio/7.0/toolchain/arm/arm-gnu-toolchain/bin/../lib/gcc/arm-none-eabi/6.3.1/../../../../arm-none-eabi/lib/thumb/v7e-m\libc.a(lib_a-fputwc.o)
 .debug_frame   0x00001400       0x74 c:/program files (x86)/atmel/studio/7.0/toolchain/arm/arm-gnu-toolchain/bin/../lib/gcc/arm-none-eabi/6.3.1/../../../../arm-none-eabi/lib/thumb/v7e-m\libc.a(lib_a-freer.o)
 .debug_frame   0x00001474       0x68 c:/program files (x86)/atmel/studio/7.0/toolchain/arm/arm-gnu-toolchain/bin/../lib/gcc/arm-none-eabi/6.3.1/../../../../arm-none-eabi/lib/thumb/v7e-m\libc.a(lib_a-fvwrite.o)
 .debug_frame   0x000014dc       0x54 c:/program files (x86)/atmel/studio/7.0/toolchain/arm/arm-gnu-toolchain/bin/../lib/gcc/arm-none-eabi/6.3.1/../../../../arm-none-eabi/lib/thumb/v7e-m\libc.a(lib_a-fwalk.o)
 .debug_frame   0x00001530       0x6c c:/program files (x86)/atmel/studio/7.0/toolchain/arm/arm-gnu-toolchain/bin/../lib/gcc/arm-none-eabi/6.3.1/../../../../arm-none-eabi/lib/thumb/v7e-m\libc.a(lib_a-locale.o)
 .debug_frame   0x0000159c       0xb0 c:/program files (x86)/atmel/studio/7.0/toolchain/arm/arm-gnu-toolchain/bin/../lib/gcc/arm-none-eabi/6.3.1/../../../../arm-none-eabi/lib/thumb/v7e-m\libc.a(lib_a-lock.o)
 .debug_frame   0x0000164c       0x68 c:/program files (x86)/atmel/studio/7.0/toolchain/arm/arm-gnu-toolchain/bin/../lib/gcc/arm-none-eabi/6.3.1/../../../../arm-none-eabi/lib/thumb/v7e-m\libc.a(lib_a-makebuf.o)
 .debug_frame   0x000016b4       0x30 c:/program files (x86)/atmel/studio/7.0/toolchain/arm/arm-gnu-toolchain/bin/../lib/gcc/arm-none-eabi/6.3.1/../../../../arm-none-eabi/lib/thumb/v7e-m\libc.a(lib_a-malloc.o)
 .debug_frame   0x000016e4       0x58 c:/program files (x86)/atmel/studio/7.0/toolchain/arm/arm-gnu-toolchain/bin/../lib/gcc/arm-none-eabi/6.3.1/../../../../arm-none-eabi/lib/thumb/v7e-m\libc.a(lib_a-mallocr.o)
 .debug_frame   0x0000173c       0x4c c:/program files (x86)/atmel/studio/7.0/toolchain/arm/arm-gnu-toolchain/bin/../lib/gcc/arm-none-eabi/6.3.1/../../../../arm-none-eabi/lib/thumb/v7e-m\libc.a(lib_a-mbtowc_r.o)
 .debug_frame   0x00001788       0x30 c:/program files (x86)/atmel/studio/7.0/toolchain/arm/arm-gnu-toolchain/bin/../lib/gcc/arm-none-eabi/6.3.1/../../../../arm-none-eabi/lib/thumb/v7e-m\libc.a(lib_a-memmove.o)
 .debug_frame   0x000017b8       0x30 c:/program files (x86)/atmel/studio/7.0/toolchain/arm/arm-gnu-toolchain/bin/../lib/gcc/arm-none-eabi/6.3.1/../../../../arm-none-eabi/lib/thumb/v7e-m\libc.a(lib_a-mlock.o)
 .debug_frame   0x000017e8       0x68 c:/program files (x86)/atmel/studio/7.0/toolchain/arm/arm-gnu-toolchain/bin/../lib/gcc/arm-none-eabi/6.3.1/../../../../arm-none-eabi/lib/thumb/v7e-m\libc.a(lib_a-reallocr.o)
 .debug_frame   0x00001850       0x2c c:/program files (x86)/atmel/studio/7.0/toolchain/arm/arm-gnu-toolchain/bin/../lib/gcc/arm-none-eabi/6.3.1/../../../../arm-none-eabi/lib/thumb/v7e-m\libc.a(lib_a-sbrkr.o)
 .debug_frame   0x0000187c       0x88 c:/program files (x86)/atmel/studio/7.0/toolchain/arm/arm-gnu-toolchain/bin/../lib/gcc/arm-none-eabi/6.3.1/../../../../arm-none-eabi/lib/thumb/v7e-m\libc.a(lib_a-stdio.o)
 .debug_frame   0x00001904       0x40 c:/program files (x86)/atmel/studio/7.0/toolchain/arm/arm-gnu-toolchain/bin/../lib/gcc/arm-none-eabi/6.3.1/../../../../arm-none-eabi/lib/thumb/v7e-m\libc.a(lib_a-wbuf.o)
 .debug_frame   0x00001944       0x5c c:/program files (x86)/atmel/studio/7.0/toolchain/arm/arm-gnu-toolchain/bin/../lib/gcc/arm-none-eabi/6.3.1/../../../../arm-none-eabi/lib/thumb/v7e-m\libc.a(lib_a-wcrtomb.o)
 .debug_frame   0x000019a0       0x3c c:/program files (x86)/atmel/studio/7.0/toolchain/arm/arm-gnu-toolchain/bin/../lib/gcc/arm-none-eabi/6.3.1/../../../../arm-none-eabi/lib/thumb/v7e-m\libc.a(lib_a-wctomb_r.o)
 .debug_frame   0x000019dc       0x2c c:/program files (x86)/atmel/studio/7.0/toolchain/arm/arm-gnu-toolchain/bin/../lib/gcc/arm-none-eabi/6.3.1/../../../../arm-none-eabi/lib/thumb/v7e-m\libc.a(lib_a-writer.o)
 .debug_frame   0x00001a08       0x34 c:/program files (x86)/atmel/studio/7.0/toolchain/arm/arm-gnu-toolchain/bin/../lib/gcc/arm-none-eabi/6.3.1/../../../../arm-none-eabi/lib/thumb/v7e-m\libc.a(lib_a-__atexit.o)
 .debug_frame   0x00001a3c       0x2c c:/program files (x86)/atmel/studio/7.0/toolchain/arm/arm-gnu-toolchain/bin/../lib/gcc/arm-none-eabi/6.3.1/../../../../arm-none-eabi/lib/thumb/v7e-m\libc.a(lib_a-closer.o)
 .debug_frame   0x00001a68       0x3c c:/program files (x86)/atmel/studio/7.0/toolchain/arm/arm-gnu-toolchain/bin/../lib/gcc/arm-none-eabi/6.3.1/../../../../arm-none-eabi/lib/thumb/v7e-m\libc.a(lib_a-fclose.o)
 .debug_frame   0x00001aa4       0x2c c:/program files (x86)/atmel/studio/7.0/toolchain/arm/arm-gnu-toolchain/bin/../lib/gcc/arm-none-eabi/6.3.1/../../../../arm-none-eabi/lib/thumb/v7e-m\libc.a(lib_a-fstatr.o)
 .debug_frame   0x00001ad0       0x2c c:/program files (x86)/atmel/studio/7.0/toolchain/arm/arm-gnu-toolchain/bin/../lib/gcc/arm-none-eabi/6.3.1/../../../../arm-none-eabi/lib/thumb/v7e-m\libc.a(lib_a-isattyr.o)
 .debug_frame   0x00001afc       0x2c c:/program files (x86)/atmel/studio/7.0/toolchain/arm/arm-gnu-toolchain/bin/../lib/gcc/arm-none-eabi/6.3.1/../../../../arm-none-eabi/lib/thumb/v7e-m\libc.a(lib_a-lseekr.o)
 .debug_frame   0x00001b28       0x2c c:/program files (x86)/atmel/studio/7.0/toolchain/arm/arm-gnu-toolchain/bin/../lib/gcc/arm-none-eabi/6.3.1/../../../../arm-none-eabi/lib/thumb/v7e-m\libc.a(lib_a-readr.o)
 .debug_frame   0x00001b54       0x58 c:/program files (x86)/atmel/studio/7.0/toolchain/arm/arm-gnu-toolchain/bin/../lib/gcc/arm-none-eabi/6.3.1/../../../../arm-none-eabi/lib/thumb/v7e-m\libc.a(lib_a-reent.o)
 .debug_frame   0x00001bac       0x2c c:/program files (x86)/atmel/studio/7.0/toolchain/arm/arm-gnu-toolchain/bin/../lib/gcc/arm-none-eabi/6.3.1/thumb/v7e-m\libgcc.a(_aeabi_uldivmod.o)
 .debug_frame   0x00001bd8       0x34 c:/program files (x86)/atmel/studio/7.0/toolchain/arm/arm-gnu-toolchain/bin/../lib/gcc/arm-none-eabi/6.3.1/thumb/v7e-m\libgcc.a(_udivmoddi4.o)

Cross Reference Table

Symbol                                            File
ACC_Handler                                       src/ASF/sam/utils/cmsis/sam4e/source/templates/exceptions.o
                                                  src/ASF/sam/utils/cmsis/sam4e/source/templates/gcc/startup_sam4e.o
AES_Handler                                       src/ASF/sam/utils/cmsis/sam4e/source/templates/exceptions.o
                                                  src/ASF/sam/utils/cmsis/sam4e/source/templates/gcc/startup_sam4e.o
AFEC0_Handler                                     src/ASF/sam/drivers/afec/afec.o
                                                  src/ASF/sam/utils/cmsis/sam4e/source/templates/gcc/startup_sam4e.o
AFEC1_Handler                                     src/ASF/sam/drivers/afec/afec.o
                                                  src/ASF/sam/utils/cmsis/sam4e/source/templates/gcc/startup_sam4e.o
ARM_Handler                                       src/ASF/sam/utils/cmsis/sam4e/source/templates/exceptions.o
                                                  src/ASF/sam/utils/cmsis/sam4e/source/templates/gcc/startup_sam4e.o
BusFault_Handler                                  src/ASF/sam/utils/cmsis/sam4e/source/templates/exceptions.o
                                                  src/ASF/sam/utils/cmsis/sam4e/source/templates/gcc/startup_sam4e.o
CAN0_Handler                                      src/ASF/sam/utils/cmsis/sam4e/source/templates/exceptions.o
                                                  src/ASF/sam/utils/cmsis/sam4e/source/templates/gcc/startup_sam4e.o
CAN1_Handler                                      src/ASF/sam/utils/cmsis/sam4e/source/templates/exceptions.o
                                                  src/ASF/sam/utils/cmsis/sam4e/source/templates/gcc/startup_sam4e.o
DACC_Handler                                      src/ASF/sam/utils/cmsis/sam4e/source/templates/exceptions.o
                                                  src/ASF/sam/utils/cmsis/sam4e/source/templates/gcc/startup_sam4e.o
DMAC_Handler                                      src/ASF/sam/utils/cmsis/sam4e/source/templates/exceptions.o
                                                  src/ASF/sam/utils/cmsis/sam4e/source/templates/gcc/startup_sam4e.o
DebugMon_Handler                                  src/ASF/sam/utils/cmsis/sam4e/source/templates/exceptions.o
                                                  src/ASF/sam/utils/cmsis/sam4e/source/templates/gcc/startup_sam4e.o
Dummy_Handler                                     src/ASF/sam/utils/cmsis/sam4e/source/templates/exceptions.o
                                                  src/ASF/sam/utils/cmsis/sam4e/source/templates/gcc/startup_sam4e.o
EFC_Handler                                       src/ASF/sam/utils/cmsis/sam4e/source/templates/exceptions.o
                                                  src/ASF/sam/utils/cmsis/sam4e/source/templates/gcc/startup_sam4e.o
GMAC_Handler                                      src/ASF/sam/utils/cmsis/sam4e/source/templates/exceptions.o
                                                  src/ASF/sam/utils/cmsis/sam4e/source/templates/gcc/startup_sam4e.o
HSMCI_Handler                                     src/ASF/sam/utils/cmsis/sam4e/source/templates/exceptions.o
                                                  src/ASF/sam/utils/cmsis/sam4e/source/templates/gcc/startup_sam4e.o
HardFault_Handler                                 src/ASF/sam/utils/cmsis/sam4e/source/templates/exceptions.o
                                                  src/ASF/sam/utils/cmsis/sam4e/source/templates/gcc/startup_sam4e.o
MemManage_Handler                                 src/ASF/sam/utils/cmsis/sam4e/source/templates/exceptions.o
                                                  src/ASF/sam/utils/cmsis/sam4e/source/templates/gcc/startup_sam4e.o
NMI_Handler                                       src/ASF/sam/utils/cmsis/sam4e/source/templates/exceptions.o
                                                  src/ASF/sam/utils/cmsis/sam4e/source/templates/gcc/startup_sam4e.o
PIOA_Handler                                      src/ASF/sam/utils/cmsis/sam4e/source/templates/exceptions.o
                                                  src/ASF/sam/utils/cmsis/sam4e/source/templates/gcc/startup_sam4e.o
PIOB_Handler                                      src/ASF/sam/utils/cmsis/sam4e/source/templates/exceptions.o
                                                  src/ASF/sam/utils/cmsis/sam4e/source/templates/gcc/startup_sam4e.o
PIOC_Handler                                      src/ASF/sam/utils/cmsis/sam4e/source/templates/exceptions.o
                                                  src/ASF/sam/utils/cmsis/sam4e/source/templates/gcc/startup_sam4e.o
PIOD_Handler                                      src/ASF/sam/utils/cmsis/sam4e/source/templates/exceptions.o
                                                  src/ASF/sam/utils/cmsis/sam4e/source/templates/gcc/startup_sam4e.o
PIOE_Handler                                      src/ASF/sam/utils/cmsis/sam4e/source/templates/exceptions.o
                                                  src/ASF/sam/utils/cmsis/sam4e/source/templates/gcc/startup_sam4e.o