Archive member included to satisfy reference by file (symbol)

c:/program files (x86)/atmel/studio/7.0/toolchain/arm/arm-gnu-toolchain/bin/../lib/gcc/arm-none-eabi/6.3.1/../../../../arm-none-eabi/lib/thumb/v7e-m\libc.a(lib_a-exit.o)
                              c:/program files (x86)/atmel/studio/7.0/toolchain/arm/arm-gnu-toolchain/bin/../lib/gcc/arm-none-eabi/6.3.1/../../../../arm-none-eabi/lib/thumb/v7e-m/crt0.o (exit)
c:/program files (x86)/atmel/studio/7.0/toolchain/arm/arm-gnu-toolchain/bin/../lib/gcc/arm-none-eabi/6.3.1/../../../../arm-none-eabi/lib/thumb/v7e-m\libc.a(lib_a-impure.o)
                              c:/program files (x86)/atmel/studio/7.0/toolchain/arm/arm-gnu-toolchain/bin/../lib/gcc/arm-none-eabi/6.3.1/../../../../arm-none-eabi/lib/thumb/v7e-m\libc.a(lib_a-exit.o) (_global_impure_ptr)
c:/program files (x86)/atmel/studio/7.0/toolchain/arm/arm-gnu-toolchain/bin/../lib/gcc/arm-none-eabi/6.3.1/../../../../arm-none-eabi/lib/thumb/v7e-m\libc.a(lib_a-init.o)
                              c:/program files (x86)/atmel/studio/7.0/toolchain/arm/arm-gnu-toolchain/bin/../lib/gcc/arm-none-eabi/6.3.1/../../../../arm-none-eabi/lib/thumb/v7e-m/crt0.o (__libc_init_array)
c:/program files (x86)/atmel/studio/7.0/toolchain/arm/arm-gnu-toolchain/bin/../lib/gcc/arm-none-eabi/6.3.1/../../../../arm-none-eabi/lib/thumb/v7e-m\libc.a(lib_a-iprintf.o)
                              src/sinewave_example.o (iprintf)
c:/program files (x86)/atmel/studio/7.0/toolchain/arm/arm-gnu-toolchain/bin/../lib/gcc/arm-none-eabi/6.3.1/../../../../arm-none-eabi/lib/thumb/v7e-m\libc.a(lib_a-memset.o)
                              c:/program files (x86)/atmel/studio/7.0/toolchain/arm/arm-gnu-toolchain/bin/../lib/gcc/arm-none-eabi/6.3.1/../../../../arm-none-eabi/lib/thumb/v7e-m/crt0.o (memset)
c:/program files (x86)/atmel/studio/7.0/toolchain/arm/arm-gnu-toolchain/bin/../lib/gcc/arm-none-eabi/6.3.1/../../../../arm-none-eabi/lib/thumb/v7e-m\libc.a(lib_a-puts.o)
                              src/sinewave_example.o (puts)
c:/program files (x86)/atmel/studio/7.0/toolchain/arm/arm-gnu-toolchain/bin/../lib/gcc/arm-none-eabi/6.3.1/../../../../arm-none-eabi/lib/thumb/v7e-m\libc.a(lib_a-setbuf.o)
                              src/sinewave_example.o (setbuf)
c:/program files (x86)/atmel/studio/7.0/toolchain/arm/arm-gnu-toolchain/bin/../lib/gcc/arm-none-eabi/6.3.1/../../../../arm-none-eabi/lib/thumb/v7e-m\libc.a(lib_a-setvbuf.o)
                              c:/program files (x86)/atmel/studio/7.0/toolchain/arm/arm-gnu-toolchain/bin/../lib/gcc/arm-none-eabi/6.3.1/../../../../arm-none-eabi/lib/thumb/v7e-m\libc.a(lib_a-setbuf.o) (setvbuf)
c:/program files (x86)/atmel/studio/7.0/toolchain/arm/arm-gnu-toolchain/bin/../lib/gcc/arm-none-eabi/6.3.1/../../../../arm-none-eabi/lib/thumb/v7e-m\libc.a(lib_a-strlen.o)
                              c:/program files (x86)/atmel/studio/7.0/toolchain/arm/arm-gnu-toolchain/bin/../lib/gcc/arm-none-eabi/6.3.1/../../../../arm-none-eabi/lib/thumb/v7e-m\libc.a(lib_a-puts.o) (strlen)
c:/program files (x86)/atmel/studio/7.0/toolchain/arm/arm-gnu-toolchain/bin/../lib/gcc/arm-none-eabi/6.3.1/../../../../arm-none-eabi/lib/thumb/v7e-m\libc.a(lib_a-vfiprintf.o)
                              c:/program files (x86)/atmel/studio/7.0/toolchain/arm/arm-gnu-toolchain/bin/../lib/gcc/arm-none-eabi/6.3.1/../../../../arm-none-eabi/lib/thumb/v7e-m\libc.a(lib_a-iprintf.o) (_vfiprintf_r)
c:/program files (x86)/atmel/studio/7.0/toolchain/arm/arm-gnu-toolchain/bin/../lib/gcc/arm-none-eabi/6.3.1/../../../../arm-none-eabi/lib/thumb/v7e-m\libc.a(lib_a-wsetup.o)
                              c:/program files (x86)/atmel/studio/7.0/toolchain/arm/arm-gnu-toolchain/bin/../lib/gcc/arm-none-eabi/6.3.1/../../../../arm-none-eabi/lib/thumb/v7e-m\libc.a(lib_a-vfiprintf.o) (__swsetup_r)
c:/program files (x86)/atmel/studio/7.0/toolchain/arm/arm-gnu-toolchain/bin/../lib/gcc/arm-none-eabi/6.3.1/../../../../arm-none-eabi/lib/thumb/v7e-m\libc.a(lib_a-__call_atexit.o)
                              c:/program files (x86)/atmel/studio/7.0/toolchain/arm/arm-gnu-toolchain/bin/../lib/gcc/arm-none-eabi/6.3.1/../../../../arm-none-eabi/lib/thumb/v7e-m\libc.a(lib_a-exit.o) (__call_exitprocs)
c:/program files (x86)/atmel/studio/7.0/toolchain/arm/arm-gnu-toolchain/bin/../lib/gcc/arm-none-eabi/6.3.1/../../../../arm-none-eabi/lib/thumb/v7e-m\libc.a(lib_a-atexit.o)
                              c:/program files (x86)/atmel/studio/7.0/toolchain/arm/arm-gnu-toolchain/bin/../lib/gcc/arm-none-eabi/6.3.1/../../../../arm-none-eabi/lib/thumb/v7e-m\libc.a(lib_a-__call_atexit.o) (atexit)
c:/program files (x86)/atmel/studio/7.0/toolchain/arm/arm-gnu-toolchain/bin/../lib/gcc/arm-none-eabi/6.3.1/../../../../arm-none-eabi/lib/thumb/v7e-m\libc.a(lib_a-fflush.o)
[...]
Memory Configuration

Name             Origin             Length             Attributes
rom              0x00400000         0x00100000         xr
ram              0x20000000         0x00020000         xrw
*default*        0x00000000         0xffffffff

Linker script and memory map

LOAD c:/program files (x86)/atmel/studio/7.0/toolchain/arm/arm-gnu-toolchain/bin/../lib/gcc/arm-none-eabi/6.3.1/thumb/v7e-m/crti.o
LOAD c:/program files (x86)/atmel/studio/7.0/toolchain/arm/arm-gnu-toolchain/bin/../lib/gcc/arm-none-eabi/6.3.1/thumb/v7e-m/crtbegin.o
LOAD c:/program files (x86)/atmel/studio/7.0/toolchain/arm/arm-gnu-toolchain/bin/../lib/gcc/arm-none-eabi/6.3.1/../../../../arm-none-eabi/lib/thumb/v7e-m/crt0.o
LOAD src/ASF/common/services/delay/sam/cycle_counter.o
LOAD src/ASF/common/services/clock/sam4e/sysclk.o
LOAD src/ASF/common/services/serial/usart_serial.o
LOAD src/ASF/common/utils/interrupt/interrupt_sam_nvic.o
LOAD src/ASF/common/utils/stdio/read.o
LOAD src/ASF/common/utils/stdio/write.o
LOAD src/ASF/sam/boards/sam4e_ek/init.o
LOAD src/ASF/sam/drivers/dacc/dacc.o
LOAD src/ASF/sam/drivers/pmc/pmc.o
LOAD src/ASF/sam/drivers/pmc/sleep.o
LOAD src/ASF/sam/drivers/uart/uart.o
LOAD src/ASF/sam/drivers/usart/usart.o
LOAD src/ASF/sam/utils/cmsis/sam4e/source/templates/exceptions.o
LOAD src/ASF/sam/utils/cmsis/sam4e/source/templates/gcc/startup_sam4e.o
LOAD src/ASF/sam/utils/cmsis/sam4e/source/templates/system_sam4e.o
LOAD src/ASF/sam/utils/syscalls/gcc/syscalls.o
LOAD src/sinewave_example.o
START GROUP
LOAD ../src/ASF/thirdparty/CMSIS/Lib/GCC\libarm_cortexM4lf_math_softfp.a
LOAD c:/program files (x86)/atmel/studio/7.0/toolchain/arm/arm-gnu-toolchain/bin/../lib/gcc/arm-none-eabi/6.3.1/../../../../arm-none-eabi/lib/thumb/v7e-m\libm.a
END GROUP
START GROUP
LOAD c:/program files (x86)/atmel/studio/7.0/toolchain/arm/arm-gnu-toolchain/bin/../lib/gcc/arm-none-eabi/6.3.1/thumb/v7e-m\libgcc.a
LOAD c:/program files (x86)/atmel/studio/7.0/toolchain/arm/arm-gnu-toolchain/bin/../lib/gcc/arm-none-eabi/6.3.1/../../../../arm-none-eabi/lib/thumb/v7e-m\libc.a
END GROUP
LOAD c:/program files (x86)/atmel/studio/7.0/toolchain/arm/arm-gnu-toolchain/bin/../lib/gcc/arm-none-eabi/6.3.1/thumb/v7e-m/crtend.o
LOAD c:/program files (x86)/atmel/studio/7.0/toolchain/arm/arm-gnu-toolchain/bin/../lib/gcc/arm-none-eabi/6.3.1/thumb/v7e-m/crtn.o
                0x00003000                __stack_size__ = DEFINED (__stack_size__)?__stack_size__:0x3000
                0x2001fffc                __ram_end__ = ((ORIGIN (ram) + LENGTH (ram)) - 0x4)

.text           0x00400000     0x44bc
                0x00400000                . = ALIGN (0x4)
                0x00400000                _sfixed = .
 *(.vectors .vectors.*)
 .vectors       0x00400000       0xf8 src/ASF/sam/utils/cmsis/sam4e/source/templates/gcc/startup_sam4e.o
                0x00400000                exception_table
 *(.text .text.* .gnu.linkonce.t.*)
 .text          0x004000f8       0x6c c:/program files (x86)/atmel/studio/7.0/toolchain/arm/arm-gnu-toolchain/bin/../lib/gcc/arm-none-eabi/6.3.1/thumb/v7e-m/crtbegin.o
 .text.sysclk_init
                0x00400164       0x64 src/ASF/common/services/clock/sam4e/sysclk.o
                0x00400164                sysclk_init
 .text._read    0x004001c8       0x3c src/ASF/common/utils/stdio/read.o
                0x004001c8                _read
 .text._write   0x00400204       0x50 src/ASF/common/utils/stdio/write.o
                0x00400204                _write
 .text.board_init
                0x00400254      0x13c src/ASF/sam/boards/sam4e_ek/init.o
                0x00400254                board_init
 .text.dacc_reset
                0x00400390        0x6 src/ASF/sam/drivers/dacc/dacc.o
                0x00400390                dacc_reset
 .text.dacc_set_transfer_mode
                0x00400396       0x28 src/ASF/sam/drivers/dacc/dacc.o
                0x00400396                dacc_set_transfer_mode
 .text.dacc_get_interrupt_status
                0x004003be        0x4 src/ASF/sam/drivers/dacc/dacc.o
                0x004003be                dacc_get_interrupt_status
 .text.dacc_write_conversion_data
                0x004003c2        0x4 src/ASF/sam/drivers/dacc/dacc.o
                0x004003c2                dacc_write_conversion_data
 .text.dacc_set_channel_selection
                0x004003c6       0x18 src/ASF/sam/drivers/dacc/dacc.o
                0x004003c6                dacc_set_channel_selection
 *fill*         0x004003de        0x2 
 .text.dacc_set_timing
                0x004003e0       0x28 src/ASF/sam/drivers/dacc/dacc.o
                0x004003e0                dacc_set_timing
 .text.dacc_enable_channel
                0x00400408       0x14 src/ASF/sam/drivers/dacc/dacc.o
                0x00400408                dacc_enable_channel
 .text.dacc_set_analog_control
                0x0040041c        0x8 src/ASF/sam/drivers/dacc/dacc.o
                0x0040041c                dacc_set_analog_control
 .text.pmc_switch_mck_to_pllack
                0x00400424       0x64 src/ASF/sam/drivers/pmc/pmc.o
                0x00400424                pmc_switch_mck_to_pllack
 .text.pmc_switch_mainck_to_xtal
                0x00400488       0x54 src/ASF/sam/drivers/pmc/pmc.o
                0x00400488                pmc_switch_mainck_to_xtal
 .text.pmc_osc_is_ready_mainck
                0x004004dc       0x10 src/ASF/sam/drivers/pmc/pmc.o
                0x004004dc                pmc_osc_is_ready_mainck
 .text.pmc_disable_pllack
                0x004004ec       0x10 src/ASF/sam/drivers/pmc/pmc.o
                0x004004ec                pmc_disable_pllack
 .text.pmc_is_locked_pllack
                0x004004fc       0x10 src/ASF/sam/drivers/pmc/pmc.o
                0x004004fc                pmc_is_locked_pllack
 .text.pmc_enable_periph_clk
                0x0040050c       0x54 src/ASF/sam/drivers/pmc/pmc.o
                0x0040050c                pmc_enable_periph_clk
 .text.uart_init
                0x00400560       0x38 src/ASF/sam/drivers/uart/uart.o
                0x00400560                uart_init
 .text.uart_write
                0x00400598       0x10 src/ASF/sam/drivers/uart/uart.o
                0x00400598                uart_write
 .text.uart_read
                0x004005a8       0x12 src/ASF/sam/drivers/uart/uart.o
                0x004005a8                uart_read
 .text.usart_write
                0x004005ba       0x14 src/ASF/sam/drivers/usart/usart.o
                0x004005ba                usart_write
 .text.usart_read
                0x004005ce       0x18 src/ASF/sam/drivers/usart/usart.o
                0x004005ce                usart_read
 .text.Dummy_Handler
                0x004005e6        0x2 src/ASF/sam/utils/cmsis/sam4e/source/templates/exceptions.o
                0x004005e6                DACC_Handler
                0x004005e6                DebugMon_Handler
                0x004005e6                DMAC_Handler
                0x004005e6                HardFault_Handler
                0x004005e6                TC2_Handler
                0x004005e6                SPI_Handler
                0x004005e6                TWI1_Handler
                0x004005e6                AFEC1_Handler
                0x004005e6                PendSV_Handler
                0x004005e6                NMI_Handler
                0x004005e6                TC7_Handler
                0x004005e6                SMC_Handler
                0x004005e6                USART0_Handler
                0x004005e6                RTT_Handler
                0x004005e6                PIOB_Handler
                0x004005e6                RTC_Handler
                0x004005e6                UsageFault_Handler
                0x004005e6                TC6_Handler
                0x004005e6                WDT_Handler
                0x004005e6                CAN0_Handler
                0x004005e6                TC4_Handler
                0x004005e6                TC1_Handler
                0x004005e6                HSMCI_Handler
                0x004005e6                UART1_Handler
                0x004005e6                TC3_Handler
                0x004005e6                ARM_Handler
                0x004005e6                Dummy_Handler
                0x004005e6                TWI0_Handler
                0x004005e6                USART1_Handler
                0x004005e6                PIOA_Handler
                0x004005e6                AFEC0_Handler
                0x004005e6                ACC_Handler
                0x004005e6                PMC_Handler
                0x004005e6                PWM_Handler
                0x004005e6                GMAC_Handler
                0x004005e6                CAN1_Handler
                0x004005e6                MemManage_Handler
                0x004005e6                SUPC_Handler
                0x004005e6                SVC_Handler
                0x004005e6                TC8_Handler
                0x004005e6                EFC_Handler
                0x004005e6                PIOE_Handler
                0x004005e6                PIOD_Handler
                0x004005e6                UART0_Handler
                0x004005e6                PIOC_Handler
                0x004005e6                UDP_Handler
                0x004005e6                BusFault_Handler
                0x004005e6                RSTC_Handler
                0x004005e6                TC0_Handler
                0x004005e6                TC5_Handler
                0x004005e6                AES_Handler
 .text.Reset_Handler
                0x004005e8       0xc8 src/ASF/sam/utils/cmsis/sam4e/source/templates/gcc/startup_sam4e.o
                0x004005e8                Reset_Handler
 .text.SystemCoreClockUpdate
                0x004006b0      0x10c src/ASF/sam/utils/cmsis/sam4e/source/templates/system_sam4e.o
                0x004006b0                SystemCoreClockUpdate
 .text.system_init_flash
                0x004007bc       0x74 src/ASF/sam/utils/cmsis/sam4e/source/templates/system_sam4e.o
                0x004007bc                system_init_flash
 .text._sbrk    0x00400830       0x38 src/ASF/sam/utils/syscalls/gcc/syscalls.o
                0x00400830                _sbrk
 .text._close   0x00400868        0x6 src/ASF/sam/utils/syscalls/gcc/syscalls.o
                0x00400868                _close
 .text._fstat   0x0040086e        0xa src/ASF/sam/utils/syscalls/gcc/syscalls.o
                0x0040086e                _fstat
 .text._isatty  0x00400878        0x4 src/ASF/sam/utils/syscalls/gcc/syscalls.o
                0x00400878                _isatty
 .text._lseek   0x0040087c        0x4 src/ASF/sam/utils/syscalls/gcc/syscalls.o
                0x0040087c                _lseek
 .text.display_menu
                0x00400880       0x90 src/sinewave_example.o
 .text.usart_serial_putchar
                0x00400910       0x80 src/sinewave_example.o
 .text.usart_serial_getchar
                0x00400990       0x88 src/sinewave_example.o
 .text.get_input_value
                0x00400a18       0xf0 src/sinewave_example.o
 .text.SysTick_Handler
                0x00400b08       0x8c src/sinewave_example.o
                0x00400b08                SysTick_Handler
 .text.main     0x00400b94      0x364 src/sinewave_example.o
                0x00400b94                main
 .text.__libc_init_array
                0x00400ef8       0x50 c:/program files (x86)/atmel/studio/7.0/toolchain/arm/arm-gnu-toolchain/bin/../lib/gcc/arm-none-eabi/6.3.1/../../../../arm-none-eabi/lib/thumb/v7e-m\libc.a(lib_a-init.o)
                0x00400ef8                __libc_init_array
 .text.iprintf  0x00400f48       0x28 c:/program files (x86)/atmel/studio/7.0/toolchain/arm/arm-gnu-toolchain/bin/../lib/gcc/arm-none-eabi/6.3.1/../../../../arm-none-eabi/lib/thumb/v7e-m\libc.a(lib_a-iprintf.o)
                0x00400f48                iprintf
 .text.memset   0x00400f70       0x9c c:/program files (x86)/atmel/studio/7.0/toolchain/arm/arm-gnu-toolchain/bin/../lib/gcc/arm-none-eabi/6.3.1/../../../../arm-none-eabi/lib/thumb/v7e-m\libc.a(lib_a-memset.o)
                0x00400f70                memset
 .text._puts_r  0x0040100c       0x9c c:/program files (x86)/atmel/studio/7.0/toolchain/arm/arm-gnu-toolchain/bin/../lib/gcc/arm-none-eabi/6.3.1/../../../../arm-none-eabi/lib/thumb/v7e-m\libc.a(lib_a-puts.o)
                0x0040100c                _puts_r
 .text.puts     0x004010a8       0x10 c:/program files (x86)/atmel/studio/7.0/toolchain/arm/arm-gnu-toolchain/bin/../lib/gcc/arm-none-eabi/6.3.1/../../../../arm-none-eabi/lib/thumb/v7e-m\libc.a(lib_a-puts.o)
                0x004010a8                puts
 .text.setbuf   0x004010b8       0x10 c:/program files (x86)/atmel/studio/7.0/toolchain/arm/arm-gnu-toolchain/bin/../lib/gcc/arm-none-eabi/6.3.1/../../../../arm-none-eabi/lib/thumb/v7e-m\libc.a(lib_a-setbuf.o)
                0x004010b8                setbuf
 .text.setvbuf  0x004010c8      0x190 c:/program files (x86)/atmel/studio/7.0/toolchain/arm/arm-gnu-toolchain/bin/../lib/gcc/arm-none-eabi/6.3.1/../../../../arm-none-eabi/lib/thumb/v7e-m\libc.a(lib_a-setvbuf.o)
                0x004010c8                setvbuf
 *fill*         0x00401258       0x28 
 .text          0x00401280       0xdc c:/program files (x86)/atmel/studio/7.0/toolchain/arm/arm-gnu-toolchain/bin/../lib/gcc/arm-none-eabi/6.3.1/../../../../arm-none-eabi/lib/thumb/v7e-m\libc.a(lib_a-strlen.o)
                0x00401280                strlen
 .text.__sprint_r.part.0
                0x0040135c       0x80 c:/program files (x86)/atmel/studio/7.0/toolchain/arm/arm-gnu-toolchain/bin/../lib/gcc/arm-none-eabi/6.3.1/../../../../arm-none-eabi/lib/thumb/v7e-m\libc.a(lib_a-vfiprintf.o)
 .text._vfiprintf_r
                0x004013dc      0xc90 c:/program files (x86)/atmel/studio/7.0/toolchain/arm/arm-gnu-toolchain/bin/../lib/gcc/arm-none-eabi/6.3.1/../../../../arm-none-eabi/lib/thumb/v7e-m\libc.a(lib_a-vfiprintf.o)
                0x004013dc                _vfiprintf_r
 .text.__sbprintf
                0x0040206c       0x84 c:/program files (x86)/atmel/studio/7.0/toolchain/arm/arm-gnu-toolchain/bin/../lib/gcc/arm-none-eabi/6.3.1/../../../../arm-none-eabi/lib/thumb/v7e-m\libc.a(lib_a-vfiprintf.o)
 .text.__swsetup_r
                0x004020f0       0xc8 c:/program files (x86)/atmel/studio/7.0/toolchain/arm/arm-gnu-toolchain/bin/../lib/gcc/arm-none-eabi/6.3.1/../../../../arm-none-eabi/lib/thumb/v7e-m\libc.a(lib_a-wsetup.o)
                0x004020f0                __swsetup_r
 .text.startup.register_fini
                0x004021b8       0x14 c:/program files (x86)/atmel/studio/7.0/toolchain/arm/arm-gnu-toolchain/bin/../lib/gcc/arm-none-eabi/6.3.1/../../../../arm-none-eabi/lib/thumb/v7e-m\libc.a(lib_a-__call_atexit.o)
 .text.atexit   0x004021cc        0xc c:/program files (x86)/atmel/studio/7.0/toolchain/arm/arm-gnu-toolchain/bin/../lib/gcc/arm-none-eabi/6.3.1/../../../../arm-none-eabi/lib/thumb/v7e-m\libc.a(lib_a-atexit.o)
                0x004021cc                atexit
 .text.__sflush_r
                0x004021d8      0x140 c:/program files (x86)/atmel/studio/7.0/toolchain/arm/arm-gnu-toolchain/bin/../lib/gcc/arm-none-eabi/6.3.1/../../../../arm-none-eabi/lib/thumb/v7e-m\libc.a(lib_a-fflush.o)
                0x004021d8                __sflush_r
 .text._fflush_r
                0x00402318       0x54 c:/program files (x86)/atmel/studio/7.0/toolchain/arm/arm-gnu-toolchain/bin/../lib/gcc/arm-none-eabi/6.3.1/../../../../arm-none-eabi/lib/thumb/v7e-m\libc.a(lib_a-fflush.o)
                0x00402318                _fflush_r
 .text._cleanup_r
                0x0040236c        0xc c:/program files (x86)/atmel/studio/7.0/toolchain/arm/arm-gnu-toolchain/bin/../lib/gcc/arm-none-eabi/6.3.1/../../../../arm-none-eabi/lib/thumb/v7e-m\libc.a(lib_a-findfp.o)
                0x0040236c                _cleanup_r
 .text.std.isra.0
                0x00402378       0x50 c:/program files (x86)/atmel/studio/7.0/toolchain/arm/arm-gnu-toolchain/bin/../lib/gcc/arm-none-eabi/6.3.1/../../../../arm-none-eabi/lib/thumb/v7e-m\libc.a(lib_a-findfp.o)
 .text.__sinit  0x004023c8       0x58 c:/program files (x86)/atmel/studio/7.0/toolchain/arm/arm-gnu-toolchain/bin/../lib/gcc/arm-none-eabi/6.3.1/../../../../arm-none-eabi/lib/thumb/v7e-m\libc.a(lib_a-findfp.o)
                0x004023c8                __sinit
 .text.__sfp_lock_acquire
                0x00402420        0xc c:/program files (x86)/atmel/studio/7.0/toolchain/arm/arm-gnu-toolchain/bin/../lib/gcc/arm-none-eabi/6.3.1/../../../../arm-none-eabi/lib/thumb/v7e-m\libc.a(lib_a-findfp.o)
                0x00402420                __sfp_lock_acquire
 .text.__sfp_lock_release
                0x0040242c        0xc c:/program files (x86)/atmel/studio/7.0/toolchain/arm/arm-gnu-toolchain/bin/../lib/gcc/arm-none-eabi/6.3.1/../../../../arm-none-eabi/lib/thumb/v7e-m\libc.a(lib_a-findfp.o)
                0x0040242c                __sfp_lock_release
 .text.__libc_fini_array
                0x00402438       0x34 c:/program files (x86)/atmel/studio/7.0/toolchain/arm/arm-gnu-toolchain/bin/../lib/gcc/arm-none-eabi/6.3.1/../../../../arm-none-eabi/lib/thumb/v7e-m\libc.a(lib_a-fini.o)
                0x00402438                __libc_fini_array
 .text.__fputwc
                0x0040246c       0xa0 c:/program files (x86)/atmel/studio/7.0/toolchain/arm/arm-gnu-toolchain/bin/../lib/gcc/arm-none-eabi/6.3.1/../../../../arm-none-eabi/lib/thumb/v7e-m\libc.a(lib_a-fputwc.o)
                0x0040246c                __fputwc
 .text._fputwc_r
                0x0040250c       0x68 c:/program files (x86)/atmel/studio/7.0/toolchain/arm/arm-gnu-toolchain/bin/../lib/gcc/arm-none-eabi/6.3.1/../../../../arm-none-eabi/lib/thumb/v7e-m\libc.a(lib_a-fputwc.o)
                0x0040250c                _fputwc_r
 .text._malloc_trim_r
                0x00402574       0xa0 c:/program files (x86)/atmel/studio/7.0/toolchain/arm/arm-gnu-toolchain/bin/../lib/gcc/arm-none-eabi/6.3.1/../../../../arm-none-eabi/lib/thumb/v7e-m\libc.a(lib_a-freer.o)
                0x00402574                _malloc_trim_r
 .text._free_r  0x00402614      0x1cc c:/program files (x86)/atmel/studio/7.0/toolchain/arm/arm-gnu-toolchain/bin/../lib/gcc/arm-none-eabi/6.3.1/../../../../arm-none-eabi/lib/thumb/v7e-m\libc.a(lib_a-freer.o)
                0x00402614                _free_r
 .text.__sfvwrite_r
                0x004027e0      0x2f0 c:/program files (x86)/atmel/studio/7.0/toolchain/arm/arm-gnu-toolchain/bin/../lib/gcc/arm-none-eabi/6.3.1/../../../../arm-none-eabi/lib/thumb/v7e-m\libc.a(lib_a-fvwrite.o)
                0x004027e0                __sfvwrite_r
 .text._fwalk_reent
                0x00402ad0       0x54 c:/program files (x86)/atmel/studio/7.0/toolchain/arm/arm-gnu-toolchain/bin/../lib/gcc/arm-none-eabi/6.3.1/../../../../arm-none-eabi/lib/thumb/v7e-m\libc.a(lib_a-fwalk.o)
                0x00402ad0                _fwalk_reent
 .text.__locale_mb_cur_max
                0x00402b24       0x1c c:/program files (x86)/atmel/studio/7.0/toolchain/arm/arm-gnu-toolchain/bin/../lib/gcc/arm-none-eabi/6.3.1/../../../../arm-none-eabi/lib/thumb/v7e-m\libc.a(lib_a-locale.o)
                0x00402b24                __locale_mb_cur_max
 .text.__retarget_lock_init_recursive
                0x00402b40        0x4 c:/program files (x86)/atmel/studio/7.0/toolchain/arm/arm-gnu-toolchain/bin/../lib/gcc/arm-none-eabi/6.3.1/../../../../arm-none-eabi/lib/thumb/v7e-m\libc.a(lib_a-lock.o)
                0x00402b40                __retarget_lock_init_recursive
 .text.__retarget_lock_close_recursive
                0x00402b44        0x4 c:/program files (x86)/atmel/studio/7.0/toolchain/arm/arm-gnu-toolchain/bin/../lib/gcc/arm-none-eabi/6.3.1/../../../../arm-none-eabi/lib/thumb/v7e-m\libc.a(lib_a-lock.o)
                0x00402b44                __retarget_lock_close_recursive
 .text.__retarget_lock_acquire_recursive
                0x00402b48        0x4 c:/program files (x86)/atmel/studio/7.0/toolchain/arm/arm-gnu-toolchain/bin/../lib/gcc/arm-none-eabi/6.3.1/../../../../arm-none-eabi/lib/thumb/v7e-m\libc.a(lib_a-lock.o)
                0x00402b48                __retarget_lock_acquire_recursive
 .text.__retarget_lock_release_recursive
                0x00402b4c        0x4 c:/program files (x86)/atmel/studio/7.0/toolchain/arm/arm-gnu-toolchain/bin/../lib/gcc/arm-none-eabi/6.3.1/../../../../arm-none-eabi/lib/thumb/v7e-m\libc.a(lib_a-lock.o)
                0x00402b4c                __retarget_lock_release_recursive
 .text.__swhatbuf_r
                0x00402b50       0x5c c:/program files (x86)/atmel/studio/7.0/toolchain/arm/arm-gnu-toolchain/bin/../lib/gcc/arm-none-eabi/6.3.1/../../../../arm-none-eabi/lib/thumb/v7e-m\libc.a(lib_a-makebuf.o)
                0x00402b50                __swhatbuf_r
 .text.__smakebuf_r
                0x00402bac       0x94 c:/program files (x86)/atmel/studio/7.0/toolchain/arm/arm-gnu-toolchain/bin/../lib/gcc/arm-none-eabi/6.3.1/../../../../arm-none-eabi/lib/thumb/v7e-m\libc.a(lib_a-makebuf.o)
                0x00402bac                __smakebuf_r
 .text.malloc   0x00402c40       0x10 c:/program files (x86)/atmel/studio/7.0/toolchain/arm/arm-gnu-toolchain/bin/../lib/gcc/arm-none-eabi/6.3.1/../../../../arm-none-eabi/lib/thumb/v7e-m\libc.a(lib_a-malloc.o)
                0x00402c40                malloc
 .text._malloc_r
                0x00402c50      0x560 c:/program files (x86)/atmel/studio/7.0/toolchain/arm/arm-gnu-toolchain/bin/../lib/gcc/arm-none-eabi/6.3.1/../../../../arm-none-eabi/lib/thumb/v7e-m\libc.a(lib_a-mallocr.o)
                0x00402c50                _malloc_r
 .text.__ascii_mbtowc
                0x004031b0       0x2c c:/program files (x86)/atmel/studio/7.0/toolchain/arm/arm-gnu-toolchain/bin/../lib/gcc/arm-none-eabi/6.3.1/../../../../arm-none-eabi/lib/thumb/v7e-m\libc.a(lib_a-mbtowc_r.o)
                0x004031b0                __ascii_mbtowc
 *fill*         0x004031dc        0x4 
 .text          0x004031e0       0xa0 c:/program files (x86)/atmel/studio/7.0/toolchain/arm/arm-gnu-toolchain/bin/../lib/gcc/arm-none-eabi/6.3.1/../../../../arm-none-eabi/lib/thumb/v7e-m\libc.a(lib_a-memchr.o)
                0x004031e0                memchr
 .text          0x00403280      0x134 c:/program files (x86)/atmel/studio/7.0/toolchain/arm/arm-gnu-toolchain/bin/../lib/gcc/arm-none-eabi/6.3.1/../../../../arm-none-eabi/lib/thumb/v7e-m\libc.a(lib_a-memcpy.o)
                0x00403280                memcpy
 .text.memmove  0x004033b4       0xc8 c:/program files (x86)/atmel/studio/7.0/toolchain/arm/arm-gnu-toolchain/bin/../lib/gcc/arm-none-eabi/6.3.1/../../../../arm-none-eabi/lib/thumb/v7e-m\libc.a(lib_a-memmove.o)
                0x004033b4                memmove
 .text.__malloc_lock
                0x0040347c        0xc c:/program files (x86)/atmel/studio/7.0/toolchain/arm/arm-gnu-toolchain/bin/../lib/gcc/arm-none-eabi/6.3.1/../../../../arm-none-eabi/lib/thumb/v7e-m\libc.a(lib_a-mlock.o)
                0x0040347c                __malloc_lock
 .text.__malloc_unlock
                0x00403488        0xc c:/program files (x86)/atmel/studio/7.0/toolchain/arm/arm-gnu-toolchain/bin/../lib/gcc/arm-none-eabi/6.3.1/../../../../arm-none-eabi/lib/thumb/v7e-m\libc.a(lib_a-mlock.o)
                0x00403488                __malloc_unlock
 .text._realloc_r
                0x00403494      0x34c c:/program files (x86)/atmel/studio/7.0/toolchain/arm/arm-gnu-toolchain/bin/../lib/gcc/arm-none-eabi/6.3.1/../../../../arm-none-eabi/lib/thumb/v7e-m\libc.a(lib_a-reallocr.o)
                0x00403494                _realloc_r
 .text._sbrk_r  0x004037e0       0x24 c:/program files (x86)/atmel/studio/7.0/toolchain/arm/arm-gnu-toolchain/bin/../lib/gcc/arm-none-eabi/6.3.1/../../../../arm-none-eabi/lib/thumb/v7e-m\libc.a(lib_a-sbrkr.o)
                0x004037e0                _sbrk_r
 .text.__sread  0x00403804       0x24 c:/program files (x86)/atmel/studio/7.0/toolchain/arm/arm-gnu-toolchain/bin/../lib/gcc/arm-none-eabi/6.3.1/../../../../arm-none-eabi/lib/thumb/v7e-m\libc.a(lib_a-stdio.o)
                0x00403804                __sread
 .text.__swrite
                0x00403828       0x3c c:/program files (x86)/atmel/studio/7.0/toolchain/arm/arm-gnu-toolchain/bin/../lib/gcc/arm-none-eabi/6.3.1/../../../../arm-none-eabi/lib/thumb/v7e-m\libc.a(lib_a-stdio.o)
                0x00403828                __swrite
 .text.__sseek  0x00403864       0x20 c:/program files (x86)/atmel/studio/7.0/toolchain/arm/arm-gnu-toolchain/bin/../lib/gcc/arm-none-eabi/6.3.1/../../../../arm-none-eabi/lib/thumb/v7e-m\libc.a(lib_a-stdio.o)
                0x00403864                __sseek
 .text.__sclose
                0x00403884        0x8 c:/program files (x86)/atmel/studio/7.0/toolchain/arm/arm-gnu-toolchain/bin/../lib/gcc/arm-none-eabi/6.3.1/../../../../arm-none-eabi/lib/thumb/v7e-m\libc.a(lib_a-stdio.o)
                0x00403884                __sclose
 .text.__swbuf_r
                0x0040388c       0xb0 c:/program files (x86)/atmel/studio/7.0/toolchain/arm/arm-gnu-toolchain/bin/../lib/gcc/arm-none-eabi/6.3.1/../../../../arm-none-eabi/lib/thumb/v7e-m\libc.a(lib_a-wbuf.o)
                0x0040388c                __swbuf_r
 .text._wcrtomb_r
                0x0040393c       0x54 c:/program files (x86)/atmel/studio/7.0/toolchain/arm/arm-gnu-toolchain/bin/../lib/gcc/arm-none-eabi/6.3.1/../../../../arm-none-eabi/lib/thumb/v7e-m\libc.a(lib_a-wcrtomb.o)
                0x0040393c                _wcrtomb_r
 .text.__ascii_wctomb
                0x00403990       0x1c c:/program files (x86)/atmel/studio/7.0/toolchain/arm/arm-gnu-toolchain/bin/../lib/gcc/arm-none-eabi/6.3.1/../../../../arm-none-eabi/lib/thumb/v7e-m\libc.a(lib_a-wctomb_r.o)
                0x00403990                __ascii_wctomb
 .text._write_r
                0x004039ac       0x2c c:/program files (x86)/atmel/studio/7.0/toolchain/arm/arm-gnu-toolchain/bin/../lib/gcc/arm-none-eabi/6.3.1/../../../../arm-none-eabi/lib/thumb/v7e-m\libc.a(lib_a-writer.o)
                0x004039ac                _write_r
 .text.__register_exitproc
                0x004039d8       0xc4 c:/program files (x86)/atmel/studio/7.0/toolchain/arm/arm-gnu-toolchain/bin/../lib/gcc/arm-none-eabi/6.3.1/../../../../arm-none-eabi/lib/thumb/v7e-m\libc.a(lib_a-__atexit.o)
                0x004039d8                __register_exitproc
 .text._close_r
                0x00403a9c       0x24 c:/program files (x86)/atmel/studio/7.0/toolchain/arm/arm-gnu-toolchain/bin/../lib/gcc/arm-none-eabi/6.3.1/../../../../arm-none-eabi/lib/thumb/v7e-m\libc.a(lib_a-closer.o)
                0x00403a9c                _close_r
 .text._fclose_r
                0x00403ac0       0xc4 c:/program files (x86)/atmel/studio/7.0/toolchain/arm/arm-gnu-toolchain/bin/../lib/gcc/arm-none-eabi/6.3.1/../../../../arm-none-eabi/lib/thumb/v7e-m\libc.a(lib_a-fclose.o)
                0x00403ac0                _fclose_r
 .text._fstat_r
                0x00403b84       0x28 c:/program files (x86)/atmel/studio/7.0/toolchain/arm/arm-gnu-toolchain/bin/../lib/gcc/arm-none-eabi/6.3.1/../../../../arm-none-eabi/lib/thumb/v7e-m\libc.a(lib_a-fstatr.o)
                0x00403b84                _fstat_r
 .text._isatty_r
                0x00403bac       0x24 c:/program files (x86)/atmel/studio/7.0/toolchain/arm/arm-gnu-toolchain/bin/../lib/gcc/arm-none-eabi/6.3.1/../../../../arm-none-eabi/lib/thumb/v7e-m\libc.a(lib_a-isattyr.o)
                0x00403bac                _isatty_r
 .text._lseek_r
                0x00403bd0       0x2c c:/program files (x86)/atmel/studio/7.0/toolchain/arm/arm-gnu-toolchain/bin/../lib/gcc/arm-none-eabi/6.3.1/../../../../arm-none-eabi/lib/thumb/v7e-m\libc.a(lib_a-lseekr.o)
                0x00403bd0                _lseek_r
 .text._read_r  0x00403bfc       0x2c c:/program files (x86)/atmel/studio/7.0/toolchain/arm/arm-gnu-toolchain/bin/../lib/gcc/arm-none-eabi/6.3.1/../../../../arm-none-eabi/lib/thumb/v7e-m\libc.a(lib_a-readr.o)
                0x00403bfc                _read_r
 .text          0x00403c28       0x30 c:/program files (x86)/atmel/studio/7.0/toolchain/arm/arm-gnu-toolchain/bin/../lib/gcc/arm-none-eabi/6.3.1/thumb/v7e-m\libgcc.a(_aeabi_uldivmod.o)
                0x00403c28                __aeabi_uldivmod
 .text          0x00403c58      0x2dc c:/program files (x86)/atmel/studio/7.0/toolchain/arm/arm-gnu-toolchain/bin/../lib/gcc/arm-none-eabi/6.3.1/thumb/v7e-m\libgcc.a(_udivmoddi4.o)
                0x00403c58                __udivmoddi4
 .text          0x00403f34        0x4 c:/program files (x86)/atmel/studio/7.0/toolchain/arm/arm-gnu-toolchain/bin/../lib/gcc/arm-none-eabi/6.3.1/thumb/v7e-m\libgcc.a(_dvmd_tls.o)
                0x00403f34                __aeabi_idiv0
                0x00403f34                __aeabi_ldiv0
 *(.glue_7t)
 .glue_7t       0x00403f38        0x0 linker stubs
 *(.glue_7)
 .glue_7        0x00403f38        0x0 linker stubs
 *(.rodata .rodata* .gnu.linkonce.r.*)
 .rodata.display_menu.str1.4
                0x00403f38      0x1c9 src/sinewave_example.o
 *fill*         0x00404101        0x3 
 .rodata.gc_us_sine_data
                0x00404104       0xc8 src/sinewave_example.o
                0x00404104                gc_us_sine_data
 .rodata.get_input_value.str1.4
                0x004041cc       0x22 src/sinewave_example.o
                                 0x26 (size before relaxing)
 *fill*         0x004041ee        0x2 
 .rodata.main.str1.4
                0x004041f0      0x13a src/sinewave_example.o
 *fill*         0x0040432a        0x2 
 .rodata._global_impure_ptr
                0x0040432c        0x4 c:/program files (x86)/atmel/studio/7.0/toolchain/arm/arm-gnu-toolchain/bin/../lib/gcc/arm-none-eabi/6.3.1/../../../../arm-none-eabi/lib/thumb/v7e-m\libc.a(lib_a-impure.o)
                0x0040432c                _global_impure_ptr
 .rodata._puts_r.str1.4
                0x00404330        0x2 c:/program files (x86)/atmel/studio/7.0/toolchain/arm/arm-gnu-toolchain/bin/../lib/gcc/arm-none-eabi/6.3.1/../../../../arm-none-eabi/lib/thumb/v7e-m\libc.a(lib_a-puts.o)
 *fill*         0x00404332        0x2 
 .rodata._vfiprintf_r.str1.4
                0x00404334       0x2f c:/program files (x86)/atmel/studio/7.0/toolchain/arm/arm-gnu-toolchain/bin/../lib/gcc/arm-none-eabi/6.3.1/../../../../arm-none-eabi/lib/thumb/v7e-m\libc.a(lib_a-vfiprintf.o)
 *fill*         0x00404363        0x1 
 .rodata.blanks.7217
                0x00404364       0x10 c:/program files (x86)/atmel/studio/7.0/toolchain/arm/arm-gnu-toolchain/bin/../lib/gcc/arm-none-eabi/6.3.1/../../../../arm-none-eabi/lib/thumb/v7e-m\libc.a(lib_a-vfiprintf.o)
 .rodata.zeroes.7218
                0x00404374       0x10 c:/program files (x86)/atmel/studio/7.0/toolchain/arm/arm-gnu-toolchain/bin/../lib/gcc/arm-none-eabi/6.3.1/../../../../arm-none-eabi/lib/thumb/v7e-m\libc.a(lib_a-vfiprintf.o)
 .rodata._setlocale_r.str1.4
                0x00404384        0xa c:/program files (x86)/atmel/studio/7.0/toolchain/arm/arm-gnu-toolchain/bin/../lib/gcc/arm-none-eabi/6.3.1/../../../../arm-none-eabi/lib/thumb/v7e-m\libc.a(lib_a-locale.o)
                                  0xd (size before relaxing)
 *fill*         0x0040438e        0x2 
 .rodata.str1.4
                0x00404390        0x4 c:/program files (x86)/atmel/studio/7.0/toolchain/arm/arm-gnu-toolchain/bin/../lib/gcc/arm-none-eabi/6.3.1/../../../../arm-none-eabi/lib/thumb/v7e-m\libc.a(lib_a-locale.o)
                                  0x2 (size before relaxing)
 .rodata._ctype_
                0x00404394      0x101 c:/program files (x86)/atmel/studio/7.0/toolchain/arm/arm-gnu-toolchain/bin/../lib/gcc/arm-none-eabi/6.3.1/../../../../arm-none-eabi/lib/thumb/v7e-m\libc.a(lib_a-ctype_.o)
                0x00404394                _ctype_
 *(.ARM.extab* .gnu.linkonce.armextab.*)
                0x00404498                . = ALIGN (0x4)
 *fill*         0x00404495        0x3 
 *(.init)
 .init          0x00404498        0x4 c:/program files (x86)/atmel/studio/7.0/toolchain/arm/arm-gnu-toolchain/bin/../lib/gcc/arm-none-eabi/6.3.1/thumb/v7e-m/crti.o
                0x00404498                _init
 .init          0x0040449c        0x8 c:/program files (x86)/atmel/studio/7.0/toolchain/arm/arm-gnu-toolchain/bin/../lib/gcc/arm-none-eabi/6.3.1/thumb/v7e-m/crtn.o
                0x004044a4                . = ALIGN (0x4)
                0x004044a4                __preinit_array_start = .
 *(.preinit_array)
                0x004044a4                __preinit_array_end = .
                0x004044a4                . = ALIGN (0x4)
                0x004044a4                __init_array_start = .
 *(SORT(.init_array.*))
 .init_array.00000
                0x004044a4        0x4 c:/program files (x86)/atmel/studio/7.0/toolchain/arm/arm-gnu-toolchain/bin/../lib/gcc/arm-none-eabi/6.3.1/../../../../arm-none-eabi/lib/thumb/v7e-m\libc.a(lib_a-__call_atexit.o)
 *(.init_array)
 .init_array    0x004044a8        0x4 c:/program files (x86)/atmel/studio/7.0/toolchain/arm/arm-gnu-toolchain/bin/../lib/gcc/arm-none-eabi/6.3.1/thumb/v7e-m/crtbegin.o
                0x004044ac                __init_array_end = .
                0x004044ac                . = ALIGN (0x4)
 *crtbegin.o(.ctors)
 *(EXCLUDE_FILE(*crtend.o) .ctors)
 *(SORT(.ctors.*))
 *crtend.o(.ctors)
                0x004044ac                . = ALIGN (0x4)
 *(.fini)
 .fini          0x004044ac        0x4 c:/program files (x86)/atmel/studio/7.0/toolchain/arm/arm-gnu-toolchain/bin/../lib/gcc/arm-none-eabi/6.3.1/thumb/v7e-m/crti.o
                0x004044ac                _fini
 .fini          0x004044b0        0x8 c:/program files (x86)/atmel/studio/7.0/toolchain/arm/arm-gnu-toolchain/bin/../lib/gcc/arm-none-eabi/6.3.1/thumb/v7e-m/crtn.o
                0x004044b8                . = ALIGN (0x4)
                0x004044b8                __fini_array_start = .
 *(.fini_array)
 .fini_array    0x004044b8        0x4 c:/program files (x86)/atmel/studio/7.0/toolchain/arm/arm-gnu-toolchain/bin/../lib/gcc/arm-none-eabi/6.3.1/thumb/v7e-m/crtbegin.o
 *(SORT(.fini_array.*))
                0x004044bc                __fini_array_end = .
 *crtbegin.o(.dtors)
 *(EXCLUDE_FILE(*crtend.o) .dtors)
 *(SORT(.dtors.*))
 *crtend.o(.dtors)
                0x004044bc                . = ALIGN (0x4)
                0x004044bc                _efixed = .
                [!provide]                PROVIDE (__exidx_start, .)

.vfp11_veneer   0x004044bc        0x0
 .vfp11_veneer  0x004044bc        0x0 linker stubs

.v4_bx          0x004044bc        0x0
 .v4_bx         0x004044bc        0x0 linker stubs

.iplt           0x004044bc        0x0
 .iplt          0x004044bc        0x0 c:/program files (x86)/atmel/studio/7.0/toolchain/arm/arm-gnu-toolchain/bin/../lib/gcc/arm-none-eabi/6.3.1/thumb/v7e-m/crtbegin.o

.ARM.exidx      0x004044bc        0x8
 *(.ARM.exidx* .gnu.linkonce.armexidx.*)
 .ARM.exidx     0x004044bc        0x8 c:/program files (x86)/atmel/studio/7.0/toolchain/arm/arm-gnu-toolchain/bin/../lib/gcc/arm-none-eabi/6.3.1/thumb/v7e-m\libgcc.a(_udivmoddi4.o)
                [!provide]                PROVIDE (__exidx_end, .)

.eh_frame       0x004044c4        0x0
 .eh_frame      0x004044c4        0x0 c:/program files (x86)/atmel/studio/7.0/toolchain/arm/arm-gnu-toolchain/bin/../lib/gcc/arm-none-eabi/6.3.1/thumb/v7e-m/crtbegin.o

.rel.dyn        0x004044c4        0x0
 .rel.iplt      0x004044c4        0x0 c:/program files (x86)/atmel/studio/7.0/toolchain/arm/arm-gnu-toolchain/bin/../lib/gcc/arm-none-eabi/6.3.1/thumb/v7e-m/crtbegin.o

.jcr            0x004044c4        0x0
 .jcr           0x004044c4        0x0 c:/program files (x86)/atmel/studio/7.0/toolchain/arm/arm-gnu-toolchain/bin/../lib/gcc/arm-none-eabi/6.3.1/thumb/v7e-m/crtbegin.o

.igot.plt       0x004044c4        0x0
 .igot.plt      0x004044c4        0x0 c:/program files (x86)/atmel/studio/7.0/toolchain/arm/arm-gnu-toolchain/bin/../lib/gcc/arm-none-eabi/6.3.1/thumb/v7e-m/crtbegin.o
                0x004044c4                . = ALIGN (0x4)
                0x004044c4                _etext = .

.relocate       0x20000000      0x9b8 load address 0x004044c4
                0x20000000                . = ALIGN (0x4)
                0x20000000                _srelocate = .
 *(.ramfunc .ramfunc.*)
 *(.data .data.*)
 .data.g_interrupt_enabled
                0x20000000        0x1 src/ASF/common/utils/interrupt/interrupt_sam_nvic.o
                0x20000000                g_interrupt_enabled
 *fill*         0x20000001        0x3 
 .data.SystemCoreClock
                0x20000004        0x4 src/ASF/sam/utils/cmsis/sam4e/source/templates/system_sam4e.o
                0x20000004                SystemCoreClock
 .data._impure_ptr
                0x20000008        0x4 c:/program files (x86)/atmel/studio/7.0/toolchain/arm/arm-gnu-toolchain/bin/../lib/gcc/arm-none-eabi/6.3.1/../../../../arm-none-eabi/lib/thumb/v7e-m\libc.a(lib_a-impure.o)
                0x20000008                _impure_ptr
 *fill*         0x2000000c        0x4 
 .data.impure_data
                0x20000010      0x428 c:/program files (x86)/atmel/studio/7.0/toolchain/arm/arm-gnu-toolchain/bin/../lib/gcc/arm-none-eabi/6.3.1/../../../../arm-none-eabi/lib/thumb/v7e-m\libc.a(lib_a-impure.o)
 .data.__atexit_recursive_mutex
                0x20000438        0x4 c:/program files (x86)/atmel/studio/7.0/toolchain/arm/arm-gnu-toolchain/bin/../lib/gcc/arm-none-eabi/6.3.1/../../../../arm-none-eabi/lib/thumb/v7e-m\libc.a(lib_a-__call_atexit.o)
                0x20000438                __atexit_recursive_mutex
 .data.__global_locale
                0x2000043c      0x16c c:/program files (x86)/atmel/studio/7.0/toolchain/arm/arm-gnu-toolchain/bin/../lib/gcc/arm-none-eabi/6.3.1/../../../../arm-none-eabi/lib/thumb/v7e-m\libc.a(lib_a-locale.o)
                0x2000043c                __global_locale
 .data.__malloc_av_
                0x200005a8      0x408 c:/program files (x86)/atmel/studio/7.0/toolchain/arm/arm-gnu-toolchain/bin/../lib/gcc/arm-none-eabi/6.3.1/../../../../arm-none-eabi/lib/thumb/v7e-m\libc.a(lib_a-mallocr.o)
                0x200005a8                __malloc_av_
 .data.__malloc_sbrk_base
                0x200009b0        0x4 c:/program files (x86)/atmel/studio/7.0/toolchain/arm/arm-gnu-toolchain/bin/../lib/gcc/arm-none-eabi/6.3.1/../../../../arm-none-eabi/lib/thumb/v7e-m\libc.a(lib_a-mallocr.o)
                0x200009b0                __malloc_sbrk_base
 .data.__malloc_trim_threshold
                0x200009b4        0x4 c:/program files (x86)/atmel/studio/7.0/toolchain/arm/arm-gnu-toolchain/bin/../lib/gcc/arm-none-eabi/6.3.1/../../../../arm-none-eabi/lib/thumb/v7e-m\libc.a(lib_a-mallocr.o)
                0x200009b4                __malloc_trim_threshold
                0x200009b8                . = ALIGN (0x4)
                0x200009b8                _erelocate = .

.bss            0x200009b8       0x98 load address 0x00404e7c
                0x200009b8                . = ALIGN (0x4)
                0x200009b8                _sbss = .
                0x200009b8                _szero = .
 *(.bss .bss.*)
 .bss           0x200009b8       0x1c c:/program files (x86)/atmel/studio/7.0/toolchain/arm/arm-gnu-toolchain/bin/../lib/gcc/arm-none-eabi/6.3.1/thumb/v7e-m/crtbegin.o
 .bss.heap.6420
                0x200009d4        0x4 src/ASF/sam/utils/syscalls/gcc/syscalls.o
 .bss.g_l_amplitude
                0x200009d8        0x4 src/sinewave_example.o
                0x200009d8                g_l_amplitude
 .bss.g_uc_wave_sel
                0x200009dc        0x1 src/sinewave_example.o
                0x200009dc                g_uc_wave_sel
 *fill*         0x200009dd        0x3 
 .bss.g_ul_frequency
                0x200009e0        0x4 src/sinewave_example.o
                0x200009e0                g_ul_frequency
 .bss.g_ul_index_sample
                0x200009e4        0x4 src/sinewave_example.o
                0x200009e4                g_ul_index_sample
 .bss.__malloc_current_mallinfo
                0x200009e8       0x28 c:/program files (x86)/atmel/studio/7.0/toolchain/arm/arm-gnu-toolchain/bin/../lib/gcc/arm-none-eabi/6.3.1/../../../../arm-none-eabi/lib/thumb/v7e-m\libc.a(lib_a-mallocr.o)
                0x200009e8                __malloc_current_mallinfo
 .bss.__malloc_max_sbrked_mem
                0x20000a10        0x4 c:/program files (x86)/atmel/studio/7.0/toolchain/arm/arm-gnu-toolchain/bin/../lib/gcc/arm-none-eabi/6.3.1/../../../../arm-none-eabi/lib/thumb/v7e-m\libc.a(lib_a-mallocr.o)
                0x20000a10                __malloc_max_sbrked_mem
 .bss.__malloc_max_total_mem
                0x20000a14        0x4 c:/program files (x86)/atmel/studio/7.0/toolchain/arm/arm-gnu-toolchain/bin/../lib/gcc/arm-none-eabi/6.3.1/../../../../arm-none-eabi/lib/thumb/v7e-m\libc.a(lib_a-mallocr.o)
                0x20000a14                __malloc_max_total_mem
 .bss.__malloc_top_pad
                0x20000a18        0x4 c:/program files (x86)/atmel/studio/7.0/toolchain/arm/arm-gnu-toolchain/bin/../lib/gcc/arm-none-eabi/6.3.1/../../../../arm-none-eabi/lib/thumb/v7e-m\libc.a(lib_a-mallocr.o)
                0x20000a18                __malloc_top_pad
 *(COMMON)
 COMMON         0x20000a1c        0x4 src/ASF/common/utils/stdio/read.o
                0x20000a1c                ptr_get
 COMMON         0x20000a20        0x8 src/ASF/common/utils/stdio/write.o
                0x20000a20                ptr_put
                0x20000a24                stdio_base
 COMMON         0x20000a28       0x21 c:/program files (x86)/atmel/studio/7.0/toolchain/arm/arm-gnu-toolchain/bin/../lib/gcc/arm-none-eabi/6.3.1/../../../../arm-none-eabi/lib/thumb/v7e-m\libc.a(lib_a-lock.o)
                0x20000a28                __lock___atexit_recursive_mutex
                0x20000a2c                __lock___arc4random_mutex
                0x20000a30                __lock___env_recursive_mutex
                0x20000a34                __lock___sinit_recursive_mutex
                0x20000a38                __lock___malloc_recursive_mutex
                0x20000a3c                __lock___at_quick_exit_mutex
                0x20000a40                __lock___dd_hash_mutex
                0x20000a44                __lock___tz_mutex
                0x20000a48                __lock___sfp_recursive_mutex
 *fill*         0x20000a49        0x3 
 COMMON         0x20000a4c        0x4 c:/program files (x86)/atmel/studio/7.0/toolchain/arm/arm-gnu-toolchain/bin/../lib/gcc/arm-none-eabi/6.3.1/../../../../arm-none-eabi/lib/thumb/v7e-m\libc.a(lib_a-reent.o)
                0x20000a4c                errno
                0x20000a50                . = ALIGN (0x4)
                0x20000a50                _ebss = .
                0x20000a50                _ezero = .

.stack          0x20000a50     0x3000 load address 0x00404f14
                0x20000a50                . = ALIGN (0x8)
                0x20000a50                _sstack = .
                0x20003a50                . = (. + __stack_size__)
 *fill*         0x20000a50     0x3000 
                0x20003a50                . = ALIGN (0x8)
                0x20003a50                _estack = .
                0x20003a50                . = ALIGN (0x4)
                0x20003a50                _end = .
OUTPUT(DACC_SINEWAVE_EXAMPLE1.elf elf32-littlearm)

.ARM.attributes
                0x00000000       0x2e
 .ARM.attributes
                0x00000000       0x1e c:/program files (x86)/atmel/studio/7.0/toolchain/arm/arm-gnu-toolchain/bin/../lib/gcc/arm-none-eabi/6.3.1/thumb/v7e-m/crti.o
 .ARM.attributes
                0x0000001e       0x2e c:/program files (x86)/atmel/studio/7.0/toolchain/arm/arm-gnu-toolchain/bin/../lib/gcc/arm-none-eabi/6.3.1/thumb/v7e-m/crtbegin.o
 .ARM.attributes
                0x0000004c       0x37 src/ASF/common/services/clock/sam4e/sysclk.o
 .ARM.attributes
                0x00000083       0x37 src/ASF/common/utils/interrupt/interrupt_sam_nvic.o
 .ARM.attributes
                0x000000ba       0x37 src/ASF/common/utils/stdio/read.o
 .ARM.attributes
                0x000000f1       0x37 src/ASF/common/utils/stdio/write.o
 .ARM.attributes
                0x00000128       0x37 src/ASF/sam/boards/sam4e_ek/init.o
 .ARM.attributes
                0x0000015f       0x37 src/ASF/sam/drivers/dacc/dacc.o
 .ARM.attributes
                0x00000196       0x37 src/ASF/sam/drivers/pmc/pmc.o
 .ARM.attributes
                0x000001cd       0x37 src/ASF/sam/drivers/uart/uart.o
 .ARM.attributes
                0x00000204       0x37 src/ASF/sam/drivers/usart/usart.o
 .ARM.attributes
                0x0000023b       0x37 src/ASF/sam/utils/cmsis/sam4e/source/templates/exceptions.o
 .ARM.attributes
                0x00000272       0x37 src/ASF/sam/utils/cmsis/sam4e/source/templates/gcc/startup_sam4e.o
 .ARM.attributes
                0x000002a9       0x37 src/ASF/sam/utils/cmsis/sam4e/source/templates/system_sam4e.o
 .ARM.attributes
                0x000002e0       0x37 src/ASF/sam/utils/syscalls/gcc/syscalls.o
 .ARM.attributes
                0x00000317       0x37 src/sinewave_example.o
 .ARM.attributes
                0x0000034e       0x2e c:/program files (x86)/atmel/studio/7.0/toolchain/arm/arm-gnu-toolchain/bin/../lib/gcc/arm-none-eabi/6.3.1/../../../../arm-none-eabi/lib/thumb/v7e-m\libc.a(lib_a-impure.o)
 .ARM.attributes
                0x0000037c       0x2e c:/program files (x86)/atmel/studio/7.0/toolchain/arm/arm-gnu-toolchain/bin/../lib/gcc/arm-none-eabi/6.3.1/../../../../arm-none-eabi/lib/thumb/v7e-m\libc.a(lib_a-init.o)
 .ARM.attributes
                0x000003aa       0x2e c:/program files (x86)/atmel/studio/7.0/toolchain/arm/arm-gnu-toolchain/bin/../lib/gcc/arm-none-eabi/6.3.1/../../../../arm-none-eabi/lib/thumb/v7e-m\libc.a(lib_a-iprintf.o)
 .ARM.attributes
                0x000003d8       0x2e c:/program files (x86)/atmel/studio/7.0/toolchain/arm/arm-gnu-toolchain/bin/../lib/gcc/arm-none-eabi/6.3.1/../../../../arm-none-eabi/lib/thumb/v7e-m\libc.a(lib_a-memset.o)
 .ARM.attributes
                0x00000406       0x2e c:/program files (x86)/atmel/studio/7.0/toolchain/arm/arm-gnu-toolchain/bin/../lib/gcc/arm-none-eabi/6.3.1/../../../../arm-none-eabi/lib/thumb/v7e-m\libc.a(lib_a-puts.o)
 .ARM.attributes
                0x00000434       0x2e c:/program files (x86)/atmel/studio/7.0/toolchain/arm/arm-gnu-toolchain/bin/../lib/gcc/arm-none-eabi/6.3.1/../../../../arm-none-eabi/lib/thumb/v7e-m\libc.a(lib_a-setbuf.o)
 .ARM.attributes
                0x00000462       0x2e c:/program files (x86)/atmel/studio/7.0/toolchain/arm/arm-gnu-toolchain/bin/../lib/gcc/arm-none-eabi/6.3.1/../../../../arm-none-eabi/lib/thumb/v7e-m\libc.a(lib_a-setvbuf.o)
 .ARM.attributes
                0x00000490       0x1c c:/program files (x86)/atmel/studio/7.0/toolchain/arm/arm-gnu-toolchain/bin/../lib/gcc/arm-none-eabi/6.3.1/../../../../arm-none-eabi/lib/thumb/v7e-m\libc.a(lib_a-strlen.o)
 .ARM.attributes
                0x000004ac       0x2e c:/program files (x86)/atmel/studio/7.0/toolchain/arm/arm-gnu-toolchain/bin/../lib/gcc/arm-none-eabi/6.3.1/../../../../arm-none-eabi/lib/thumb/v7e-m\libc.a(lib_a-vfiprintf.o)
 .ARM.attributes
                0x000004da       0x2e c:/program files (x86)/atmel/studio/7.0/toolchain/arm/arm-gnu-toolchain/bin/../lib/gcc/arm-none-eabi/6.3.1/../../../../arm-none-eabi/lib/thumb/v7e-m\libc.a(lib_a-wsetup.o)
 .ARM.attributes
                0x00000508       0x2e c:/program files (x86)/atmel/studio/7.0/toolchain/arm/arm-gnu-toolchain/bin/../lib/gcc/arm-none-eabi/6.3.1/../../../../arm-none-eabi/lib/thumb/v7e-m\libc.a(lib_a-__call_atexit.o)
 .ARM.attributes
                0x00000536       0x2e c:/program files (x86)/atmel/studio/7.0/toolchain/arm/arm-gnu-toolchain/bin/../lib/gcc/arm-none-eabi/6.3.1/../../../../arm-none-eabi/lib/thumb/v7e-m\libc.a(lib_a-atexit.o)
 .ARM.attributes
                0x00000564       0x2e c:/program files (x86)/atmel/studio/7.0/toolchain/arm/arm-gnu-toolchain/bin/../lib/gcc/arm-none-eabi/6.3.1/../../../../arm-none-eabi/lib/thumb/v7e-m\libc.a(lib_a-fflush.o)
 .ARM.attributes
                0x00000592       0x2e c:/program files (x86)/atmel/studio/7.0/toolchain/arm/arm-gnu-toolchain/bin/../lib/gcc/arm-none-eabi/6.3.1/../../../../arm-none-eabi/lib/thumb/v7e-m\libc.a(lib_a-findfp.o)
 .ARM.attributes
                0x000005c0       0x2e c:/program files (x86)/atmel/studio/7.0/toolchain/arm/arm-gnu-toolchain/bin/../lib/gcc/arm-none-eabi/6.3.1/../../../../arm-none-eabi/lib/thumb/v7e-m\libc.a(lib_a-fini.o)
 .ARM.attributes
                0x000005ee       0x2e c:/program files (x86)/atmel/studio/7.0/toolchain/arm/arm-gnu-toolchain/bin/../lib/gcc/arm-none-eabi/6.3.1/../../../../arm-none-eabi/lib/thumb/v7e-m\libc.a(lib_a-fputwc.o)
 .ARM.attributes
                0x0000061c       0x2e c:/program files (x86)/atmel/studio/7.0/toolchain/arm/arm-gnu-toolchain/bin/../lib/gcc/arm-none-eabi/6.3.1/../../../../arm-none-eabi/lib/thumb/v7e-m\libc.a(lib_a-freer.o)
 .ARM.attributes
                0x0000064a       0x2e c:/program files (x86)/atmel/studio/7.0/toolchain/arm/arm-gnu-toolchain/bin/../lib/gcc/arm-none-eabi/6.3.1/../../../../arm-none-eabi/lib/thumb/v7e-m\libc.a(lib_a-fvwrite.o)
 .ARM.attributes
                0x00000678       0x2e c:/program files (x86)/atmel/studio/7.0/toolchain/arm/arm-gnu-toolchain/bin/../lib/gcc/arm-none-eabi/6.3.1/../../../../arm-none-eabi/lib/thumb/v7e-m\libc.a(lib_a-fwalk.o)
 .ARM.attributes
                0x000006a6       0x2e c:/program files (x86)/atmel/studio/7.0/toolchain/arm/arm-gnu-toolchain/bin/../lib/gcc/arm-none-eabi/6.3.1/../../../../arm-none-eabi/lib/thumb/v7e-m\libc.a(lib_a-locale.o)
 .ARM.attributes
                0x000006d4       0x2e c:/program files (x86)/atmel/studio/7.0/toolchain/arm/arm-gnu-toolchain/bin/../lib/gcc/arm-none-eabi/6.3.1/../../../../arm-none-eabi/lib/thumb/v7e-m\libc.a(lib_a-lock.o)
 .ARM.attributes
                0x00000702       0x2e c:/program files (x86)/atmel/studio/7.0/toolchain/arm/arm-gnu-toolchain/bin/../lib/gcc/arm-none-eabi/6.3.1/../../../../arm-none-eabi/lib/thumb/v7e-m\libc.a(lib_a-makebuf.o)
 .ARM.attributes
                0x00000730       0x2e c:/program files (x86)/atmel/studio/7.0/toolchain/arm/arm-gnu-toolchain/bin/../lib/gcc/arm-none-eabi/6.3.1/../../../../arm-none-eabi/lib/thumb/v7e-m\libc.a(lib_a-malloc.o)
 .ARM.attributes
                0x0000075e       0x2e c:/program files (x86)/atmel/studio/7.0/toolchain/arm/arm-gnu-toolchain/bin/../lib/gcc/arm-none-eabi/6.3.1/../../../../arm-none-eabi/lib/thumb/v7e-m\libc.a(lib_a-mallocr.o)
 .ARM.attributes
                0x0000078c       0x2e c:/program files (x86)/atmel/studio/7.0/toolchain/arm/arm-gnu-toolchain/bin/../lib/gcc/arm-none-eabi/6.3.1/../../../../arm-none-eabi/lib/thumb/v7e-m\libc.a(lib_a-mbtowc_r.o)
 .ARM.attributes
                0x000007ba       0x1c c:/program files (x86)/atmel/studio/7.0/toolchain/arm/arm-gnu-toolchain/bin/../lib/gcc/arm-none-eabi/6.3.1/../../../../arm-none-eabi/lib/thumb/v7e-m\libc.a(lib_a-memchr.o)
 .ARM.attributes
                0x000007d6       0x1c c:/program files (x86)/atmel/studio/7.0/toolchain/arm/arm-gnu-toolchain/bin/../lib/gcc/arm-none-eabi/6.3.1/../../../../arm-none-eabi/lib/thumb/v7e-m\libc.a(lib_a-memcpy.o)
 .ARM.attributes
                0x000007f2       0x2e c:/program files (x86)/atmel/studio/7.0/toolchain/arm/arm-gnu-toolchain/bin/../lib/gcc/arm-none-eabi/6.3.1/../../../../arm-none-eabi/lib/thumb/v7e-m\libc.a(lib_a-memmove.o)
 .ARM.attributes
                0x00000820       0x2e c:/program files (x86)/atmel/studio/7.0/toolchain/arm/arm-gnu-toolchain/bin/../lib/gcc/arm-none-eabi/6.3.1/../../../../arm-none-eabi/lib/thumb/v7e-m\libc.a(lib_a-mlock.o)
 .ARM.attributes
                0x0000084e       0x2e c:/program files (x86)/atmel/studio/7.0/toolchain/arm/arm-gnu-toolchain/bin/../lib/gcc/arm-none-eabi/6.3.1/../../../../arm-none-eabi/lib/thumb/v7e-m\libc.a(lib_a-reallocr.o)
 .ARM.attributes
                0x0000087c       0x2e c:/program files (x86)/atmel/studio/7.0/toolchain/arm/arm-gnu-toolchain/bin/../lib/gcc/arm-none-eabi/6.3.1/../../../../arm-none-eabi/lib/thumb/v7e-m\libc.a(lib_a-sbrkr.o)
 .ARM.attributes
                0x000008aa       0x2e c:/program files (x86)/atmel/studio/7.0/toolchain/arm/arm-gnu-toolchain/bin/../lib/gcc/arm-none-eabi/6.3.1/../../../../arm-none-eabi/lib/thumb/v7e-m\libc.a(lib_a-stdio.o)
 .ARM.attributes
                0x000008d8       0x2e c:/program files (x86)/atmel/studio/7.0/toolchain/arm/arm-gnu-toolchain/bin/../lib/gcc/arm-none-eabi/6.3.1/../../../../arm-none-eabi/lib/thumb/v7e-m\libc.a(lib_a-wbuf.o)
 .ARM.attributes
                0x00000906       0x2e c:/program files (x86)/atmel/studio/7.0/toolchain/arm/arm-gnu-toolchain/bin/../lib/gcc/arm-none-eabi/6.3.1/../../../../arm-none-eabi/lib/thumb/v7e-m\libc.a(lib_a-wcrtomb.o)
 .ARM.attributes
                0x00000934       0x2e c:/program files (x86)/atmel/studio/7.0/toolchain/arm/arm-gnu-toolchain/bin/../lib/gcc/arm-none-eabi/6.3.1/../../../../arm-none-eabi/lib/thumb/v7e-m\libc.a(lib_a-wctomb_r.o)
 .ARM.attributes
                0x00000962       0x2e c:/program files (x86)/atmel/studio/7.0/toolchain/arm/arm-gnu-toolchain/bin/../lib/gcc/arm-none-eabi/6.3.1/../../../../arm-none-eabi/lib/thumb/v7e-m\libc.a(lib_a-writer.o)
 .ARM.attributes
                0x00000990       0x2e c:/program files (x86)/atmel/studio/7.0/toolchain/arm/arm-gnu-toolchain/bin/../lib/gcc/arm-none-eabi/6.3.1/../../../../arm-none-eabi/lib/thumb/v7e-m\libc.a(lib_a-__atexit.o)
 .ARM.attributes
                0x000009be       0x2e c:/program files (x86)/atmel/studio/7.0/toolchain/arm/arm-gnu-toolchain/bin/../lib/gcc/arm-none-eabi/6.3.1/../../../../arm-none-eabi/lib/thumb/v7e-m\libc.a(lib_a-closer.o)
 .ARM.attributes
                0x000009ec       0x2e c:/program files (x86)/atmel/studio/7.0/toolchain/arm/arm-gnu-toolchain/bin/../lib/gcc/arm-none-eabi/6.3.1/../../../../arm-none-eabi/lib/thumb/v7e-m\libc.a(lib_a-ctype_.o)
 .ARM.attributes
                0x00000a1a       0x2e c:/program files (x86)/atmel/studio/7.0/toolchain/arm/arm-gnu-toolchain/bin/../lib/gcc/arm-none-eabi/6.3.1/../../../../arm-none-eabi/lib/thumb/v7e-m\libc.a(lib_a-fclose.o)
 .ARM.attributes
                0x00000a48       0x2e c:/program files (x86)/atmel/studio/7.0/toolchain/arm/arm-gnu-toolchain/bin/../lib/gcc/arm-none-eabi/6.3.1/../../../../arm-none-eabi/lib/thumb/v7e-m\libc.a(lib_a-fstatr.o)
 .ARM.attributes
                0x00000a76       0x2e c:/program files (x86)/atmel/studio/7.0/toolchain/arm/arm-gnu-toolchain/bin/../lib/gcc/arm-none-eabi/6.3.1/../../../../arm-none-eabi/lib/thumb/v7e-m\libc.a(lib_a-isattyr.o)
 .ARM.attributes
                0x00000aa4       0x2e c:/program files (x86)/atmel/studio/7.0/toolchain/arm/arm-gnu-toolchain/bin/../lib/gcc/arm-none-eabi/6.3.1/../../../../arm-none-eabi/lib/thumb/v7e-m\libc.a(lib_a-lseekr.o)
 .ARM.attributes
                0x00000ad2       0x2e c:/program files (x86)/atmel/studio/7.0/toolchain/arm/arm-gnu-toolchain/bin/../lib/gcc/arm-none-eabi/6.3.1/../../../../arm-none-eabi/lib/thumb/v7e-m\libc.a(lib_a-readr.o)
 .ARM.attributes
                0x00000b00       0x2e c:/program files (x86)/atmel/studio/7.0/toolchain/arm/arm-gnu-toolchain/bin/../lib/gcc/arm-none-eabi/6.3.1/../../../../arm-none-eabi/lib/thumb/v7e-m\libc.a(lib_a-reent.o)
 .ARM.attributes
                0x00000b2e       0x1e c:/program files (x86)/atmel/studio/7.0/toolchain/arm/arm-gnu-toolchain/bin/../lib/gcc/arm-none-eabi/6.3.1/thumb/v7e-m\libgcc.a(_aeabi_uldivmod.o)
 .ARM.attributes
                0x00000b4c       0x2e c:/program files (x86)/atmel/studio/7.0/toolchain/arm/arm-gnu-toolchain/bin/../lib/gcc/arm-none-eabi/6.3.1/thumb/v7e-m\libgcc.a(_udivmoddi4.o)
 .ARM.attributes
                0x00000b7a       0x1e c:/program files (x86)/atmel/studio/7.0/toolchain/arm/arm-gnu-toolchain/bin/../lib/gcc/arm-none-eabi/6.3.1/thumb/v7e-m\libgcc.a(_dvmd_tls.o)
 .ARM.attributes
                0x00000b98       0x1e c:/program files (x86)/atmel/studio/7.0/toolchain/arm/arm-gnu-toolchain/bin/../lib/gcc/arm-none-eabi/6.3.1/thumb/v7e-m/crtn.o

.comment        0x00000000       0x59
 .comment       0x00000000       0x59 src/ASF/common/services/clock/sam4e/sysclk.o
                                 0x5a (size before relaxing)
 .comment       0x00000059       0x5a src/ASF/common/utils/interrupt/interrupt_sam_nvic.o
 .comment       0x00000059       0x5a src/ASF/common/utils/stdio/read.o
 .comment       0x00000059       0x5a src/ASF/common/utils/stdio/write.o
 .comment       0x00000059       0x5a src/ASF/sam/boards/sam4e_ek/init.o
 .comment       0x00000059       0x5a src/ASF/sam/drivers/dacc/dacc.o
 .comment       0x00000059       0x5a src/ASF/sam/drivers/pmc/pmc.o
 .comment       0x00000059       0x5a src/ASF/sam/drivers/uart/uart.o
 .comment       0x00000059       0x5a src/ASF/sam/drivers/usart/usart.o
 .comment       0x00000059       0x5a src/ASF/sam/utils/cmsis/sam4e/source/templates/exceptions.o
 .comment       0x00000059       0x5a src/ASF/sam/utils/cmsis/sam4e/source/templates/gcc/startup_sam4e.o
 .comment       0x00000059       0x5a src/ASF/sam/utils/cmsis/sam4e/source/templates/system_sam4e.o
 .comment       0x00000059       0x5a src/ASF/sam/utils/syscalls/gcc/syscalls.o
 .comment       0x00000059       0x5a src/sinewave_example.o

.debug_info     0x00000000     0xf08b
 .debug_info    0x00000000     0x1124 src/ASF/common/services/clock/sam4e/sysclk.o
 .debug_info    0x00001124      0xb01 src/ASF/common/utils/interrupt/interrupt_sam_nvic.o
 .debug_info    0x00001c25      0xac9 src/ASF/common/utils/stdio/read.o
 .debug_info    0x000026ee      0xac6 src/ASF/common/utils/stdio/write.o
 .debug_info    0x000031b4     0x1c45 src/ASF/sam/boards/sam4e_ek/init.o
 .debug_info    0x00004df9     0x1144 src/ASF/sam/drivers/dacc/dacc.o
 .debug_info    0x00005f3d     0x190f src/ASF/sam/drivers/pmc/pmc.o
 .debug_info    0x0000784c     0x11ae src/ASF/sam/drivers/uart/uart.o
 .debug_info    0x000089fa     0x2039 src/ASF/sam/drivers/usart/usart.o
 .debug_info    0x0000aa33       0xdc src/ASF/sam/utils/cmsis/sam4e/source/templates/exceptions.o
 .debug_info    0x0000ab0f     0x1242 src/ASF/sam/utils/cmsis/sam4e/source/templates/gcc/startup_sam4e.o
 .debug_info    0x0000bd51      0x495 src/ASF/sam/utils/cmsis/sam4e/source/templates/system_sam4e.o
 .debug_info    0x0000c1e6      0xdb0 src/ASF/sam/utils/syscalls/gcc/syscalls.o
 .debug_info    0x0000cf96     0x20f5 src/sinewave_example.o

.debug_abbrev   0x00000000     0x2337
 .debug_abbrev  0x00000000      0x311 src/ASF/common/services/clock/sam4e/sysclk.o
 .debug_abbrev  0x00000311      0x212 src/ASF/common/utils/interrupt/interrupt_sam_nvic.o
 .debug_abbrev  0x00000523      0x1fe src/ASF/common/utils/stdio/read.o
 .debug_abbrev  0x00000721      0x1e9 src/ASF/common/utils/stdio/write.o
 .debug_abbrev  0x0000090a      0x2e4 src/ASF/sam/boards/sam4e_ek/init.o
 .debug_abbrev  0x00000bee      0x29e src/ASF/sam/drivers/dacc/dacc.o
 .debug_abbrev  0x00000e8c      0x315 src/ASF/sam/drivers/pmc/pmc.o
 .debug_abbrev  0x000011a1      0x288 src/ASF/sam/drivers/uart/uart.o
 .debug_abbrev  0x00001429      0x406 src/ASF/sam/drivers/usart/usart.o
 .debug_abbrev  0x0000182f       0x7d src/ASF/sam/utils/cmsis/sam4e/source/templates/exceptions.o
 .debug_abbrev  0x000018ac      0x2ae src/ASF/sam/utils/cmsis/sam4e/source/templates/gcc/startup_sam4e.o
 .debug_abbrev  0x00001b5a      0x102 src/ASF/sam/utils/cmsis/sam4e/source/templates/system_sam4e.o
 .debug_abbrev  0x00001c5c      0x264 src/ASF/sam/utils/syscalls/gcc/syscalls.o
 .debug_abbrev  0x00001ec0      0x477 src/sinewave_example.o

.debug_loc      0x00000000     0x2bf6
 .debug_loc     0x00000000      0x12a src/ASF/common/services/clock/sam4e/sysclk.o
 .debug_loc     0x0000012a       0xb3 src/ASF/common/utils/stdio/read.o
 .debug_loc     0x000001dd      0x12b src/ASF/common/utils/stdio/write.o
 .debug_loc     0x00000308      0x39c src/ASF/sam/boards/sam4e_ek/init.o
 .debug_loc     0x000006a4      0x39c src/ASF/sam/drivers/dacc/dacc.o
 .debug_loc     0x00000a40      0x9c6 src/ASF/sam/drivers/pmc/pmc.o
 .debug_loc     0x00001406      0x241 src/ASF/sam/drivers/uart/uart.o
 .debug_loc     0x00001647      0xe59 src/ASF/sam/drivers/usart/usart.o
 .debug_loc     0x000024a0       0x77 src/ASF/sam/utils/cmsis/sam4e/source/templates/gcc/startup_sam4e.o
 .debug_loc     0x00002517       0xfd src/ASF/sam/utils/syscalls/gcc/syscalls.o
 .debug_loc     0x00002614      0x5e2 src/sinewave_example.o

.debug_aranges  0x00000000      0x758
 .debug_aranges
                0x00000000       0x30 src/ASF/common/services/clock/sam4e/sysclk.o
 .debug_aranges
                0x00000030       0x28 src/ASF/common/utils/interrupt/interrupt_sam_nvic.o
 .debug_aranges
                0x00000058       0x20 src/ASF/common/utils/stdio/read.o
 .debug_aranges
                0x00000078       0x20 src/ASF/common/utils/stdio/write.o
 .debug_aranges
                0x00000098       0x20 src/ASF/sam/boards/sam4e_ek/init.o
 .debug_aranges
                0x000000b8       0xb8 src/ASF/sam/drivers/dacc/dacc.o
 .debug_aranges
                0x00000170      0x1d8 src/ASF/sam/drivers/pmc/pmc.o
 .debug_aranges
                0x00000348       0xe8 src/ASF/sam/drivers/uart/uart.o
 .debug_aranges
                0x00000430      0x210 src/ASF/sam/drivers/usart/usart.o
 .debug_aranges
                0x00000640       0x20 src/ASF/sam/utils/cmsis/sam4e/source/templates/exceptions.o
 .debug_aranges
                0x00000660       0x20 src/ASF/sam/utils/cmsis/sam4e/source/templates/gcc/startup_sam4e.o
 .debug_aranges
                0x00000680       0x30 src/ASF/sam/utils/cmsis/sam4e/source/templates/system_sam4e.o
 .debug_aranges
                0x000006b0       0x60 src/ASF/sam/utils/syscalls/gcc/syscalls.o
 .debug_aranges
                0x00000710       0x48 src/sinewave_example.o

.debug_ranges   0x00000000      0x690
 .debug_ranges  0x00000000       0x20 src/ASF/common/services/clock/sam4e/sysclk.o
 .debug_ranges  0x00000020       0x18 src/ASF/common/utils/interrupt/interrupt_sam_nvic.o
 .debug_ranges  0x00000038       0x10 src/ASF/common/utils/stdio/read.o
 .debug_ranges  0x00000048       0x10 src/ASF/common/utils/stdio/write.o
 .debug_ranges  0x00000058       0x10 src/ASF/sam/boards/sam4e_ek/init.o
 .debug_ranges  0x00000068       0xa8 src/ASF/sam/drivers/dacc/dacc.o
 .debug_ranges  0x00000110      0x1c8 src/ASF/sam/drivers/pmc/pmc.o
 .debug_ranges  0x000002d8       0xd8 src/ASF/sam/drivers/uart/uart.o
 .debug_ranges  0x000003b0      0x200 src/ASF/sam/drivers/usart/usart.o
 .debug_ranges  0x000005b0       0x10 src/ASF/sam/utils/cmsis/sam4e/source/templates/exceptions.o
 .debug_ranges  0x000005c0       0x10 src/ASF/sam/utils/cmsis/sam4e/source/templates/gcc/startup_sam4e.o
 .debug_ranges  0x000005d0       0x20 src/ASF/sam/utils/cmsis/sam4e/source/templates/system_sam4e.o
 .debug_ranges  0x000005f0       0x50 src/ASF/sam/utils/syscalls/gcc/syscalls.o
 .debug_ranges  0x00000640       0x50 src/sinewave_example.o

.debug_macro    0x00000000     0x5fb8
 .debug_macro   0x00000000      0x60e src/ASF/common/services/clock/sam4e/sysclk.o
 .debug_macro   0x0000060e       0x28 src/ASF/common/services/clock/sam4e/sysclk.o
 .debug_macro   0x00000636      0x2bd src/ASF/common/services/clock/sam4e/sysclk.o
 .debug_macro   0x000008f3      0xafb src/ASF/common/services/clock/sam4e/sysclk.o
 .debug_macro   0x000013ee       0x58 src/ASF/common/services/clock/sam4e/sysclk.o
 .debug_macro   0x00001446       0x64 src/ASF/common/services/clock/sam4e/sysclk.o
 .debug_macro   0x000014aa       0x40 src/ASF/common/services/clock/sam4e/sysclk.o
 .debug_macro   0x000014ea       0x82 src/ASF/common/services/clock/sam4e/sysclk.o
 .debug_macro   0x0000156c      0x588 src/ASF/common/utils/interrupt/interrupt_sam_nvic.o
 .debug_macro   0x00001af4      0x588 src/ASF/common/utils/stdio/read.o
 .debug_macro   0x0000207c      0x588 src/ASF/common/utils/stdio/write.o
 .debug_macro   0x00002604      0x640 src/ASF/sam/boards/sam4e_ek/init.o
 .debug_macro   0x00002c44       0x16 src/ASF/sam/boards/sam4e_ek/init.o
 .debug_macro   0x00002c5a       0x82 src/ASF/sam/boards/sam4e_ek/init.o
 .debug_macro   0x00002cdc      0x5a3 src/ASF/sam/drivers/dacc/dacc.o
 .debug_macro   0x0000327f       0x10 src/ASF/sam/drivers/dacc/dacc.o
 .debug_macro   0x0000328f      0x59d src/ASF/sam/drivers/pmc/pmc.o
 .debug_macro   0x0000382c       0x52 src/ASF/sam/drivers/pmc/pmc.o
 .debug_macro   0x0000387e      0x597 src/ASF/sam/drivers/uart/uart.o
 .debug_macro   0x00003e15       0x16 src/ASF/sam/drivers/uart/uart.o
 .debug_macro   0x00003e2b      0x5cd src/ASF/sam/drivers/usart/usart.o
 .debug_macro   0x000043f8       0x28 src/ASF/sam/drivers/usart/usart.o
 .debug_macro   0x00004420      0x38f src/ASF/sam/utils/cmsis/sam4e/source/templates/exceptions.o
 .debug_macro   0x000047af      0x5a1 src/ASF/sam/utils/cmsis/sam4e/source/templates/gcc/startup_sam4e.o
 .debug_macro   0x00004d50       0x10 src/ASF/sam/utils/cmsis/sam4e/source/templates/gcc/startup_sam4e.o
 .debug_macro   0x00004d60      0x39d src/ASF/sam/utils/cmsis/sam4e/source/templates/system_sam4e.o
 .debug_macro   0x000050fd      0x1d6 src/ASF/sam/utils/syscalls/gcc/syscalls.o
 .debug_macro   0x000052d3       0x52 src/ASF/sam/utils/syscalls/gcc/syscalls.o
 .debug_macro   0x00005325       0x8d src/ASF/sam/utils/syscalls/gcc/syscalls.o
 .debug_macro   0x000053b2       0x57 src/ASF/sam/utils/syscalls/gcc/syscalls.o
 .debug_macro   0x00005409       0x97 src/ASF/sam/utils/syscalls/gcc/syscalls.o
 .debug_macro   0x000054a0       0xf6 src/ASF/sam/utils/syscalls/gcc/syscalls.o
 .debug_macro   0x00005596       0x4c src/ASF/sam/utils/syscalls/gcc/syscalls.o
 .debug_macro   0x000055e2       0x16 src/ASF/sam/utils/syscalls/gcc/syscalls.o
 .debug_macro   0x000055f8       0x10 src/ASF/sam/utils/syscalls/gcc/syscalls.o
 .debug_macro   0x00005608       0x10 src/ASF/sam/utils/syscalls/gcc/syscalls.o
 .debug_macro   0x00005618       0x35 src/ASF/sam/utils/syscalls/gcc/syscalls.o
 .debug_macro   0x0000564d      0x122 src/ASF/sam/utils/syscalls/gcc/syscalls.o
 .debug_macro   0x0000576f      0x713 src/sinewave_example.o
 .debug_macro   0x00005e82       0x16 src/sinewave_example.o
 .debug_macro   0x00005e98       0x28 src/sinewave_example.o
 .debug_macro   0x00005ec0       0x22 src/sinewave_example.o
 .debug_macro   0x00005ee2       0x88 src/sinewave_example.o
 .debug_macro   0x00005f6a       0x16 src/sinewave_example.o
 .debug_macro   0x00005f80       0x1c src/sinewave_example.o
 .debug_macro   0x00005f9c       0x1c src/sinewave_example.o

.debug_line     0x00000000     0x8ba7
 .debug_line    0x00000000      0xa4a src/ASF/common/services/clock/sam4e/sysclk.o
 .debug_line    0x00000a4a      0x923 src/ASF/common/utils/interrupt/interrupt_sam_nvic.o
 .debug_line    0x0000136d      0x90a src/ASF/common/utils/stdio/read.o
 .debug_line    0x00001c77      0x902 src/ASF/common/utils/stdio/write.o
 .debug_line    0x00002579      0xb06 src/ASF/sam/boards/sam4e_ek/init.o
 .debug_line    0x0000307f      0xa68 src/ASF/sam/drivers/dacc/dacc.o
 .debug_line    0x00003ae7      0xe16 src/ASF/sam/drivers/pmc/pmc.o
 .debug_line    0x000048fd      0xabd src/ASF/sam/drivers/uart/uart.o
 .debug_line    0x000053ba      0xe86 src/ASF/sam/drivers/usart/usart.o
 .debug_line    0x00006240      0x686 src/ASF/sam/utils/cmsis/sam4e/source/templates/exceptions.o
 .debug_line    0x000068c6      0x994 src/ASF/sam/utils/cmsis/sam4e/source/templates/gcc/startup_sam4e.o
 .debug_line    0x0000725a      0x709 src/ASF/sam/utils/cmsis/sam4e/source/templates/system_sam4e.o
 .debug_line    0x00007963      0x40b src/ASF/sam/utils/syscalls/gcc/syscalls.o
 .debug_line    0x00007d6e      0xe39 src/sinewave_example.o

.debug_str      0x00000000    0x62596
 .debug_str     0x00000000    0x5e9cb src/ASF/common/services/clock/sam4e/sysclk.o
                              0x5eedf (size before relaxing)
 .debug_str     0x0005e9cb       0x94 src/ASF/common/utils/interrupt/interrupt_sam_nvic.o
                              0x59e94 (size before relaxing)
 .debug_str     0x0005ea5f       0x3f src/ASF/common/utils/stdio/read.o
                              0x59e3d (size before relaxing)
 .debug_str     0x0005ea9e       0x2e src/ASF/common/utils/stdio/write.o
                              0x59e3e (size before relaxing)
 .debug_str     0x0005eacc      0x968 src/ASF/sam/boards/sam4e_ek/init.o
                              0x5f58c (size before relaxing)
 .debug_str     0x0005f434      0x419 src/ASF/sam/drivers/dacc/dacc.o
                              0x5a24e (size before relaxing)
 .debug_str     0x0005f84d      0x606 src/ASF/sam/drivers/pmc/pmc.o
                              0x5a82e (size before relaxing)
 .debug_str     0x0005fe53      0x354 src/ASF/sam/drivers/uart/uart.o
                              0x5a20b (size before relaxing)
 .debug_str     0x000601a7      0x94d src/ASF/sam/drivers/usart/usart.o
                              0x5a832 (size before relaxing)
 .debug_str     0x00060af4       0x4d src/ASF/sam/utils/cmsis/sam4e/source/templates/exceptions.o
                              0x49a60 (size before relaxing)
 .debug_str     0x00060b41      0x56d src/ASF/sam/utils/cmsis/sam4e/source/templates/gcc/startup_sam4e.o
                              0x5a44b (size before relaxing)
 .debug_str     0x000610ae      0x17b src/ASF/sam/utils/cmsis/sam4e/source/templates/system_sam4e.o
                              0x49d2a (size before relaxing)
 .debug_str     0x00061229      0x774 src/ASF/sam/utils/syscalls/gcc/syscalls.o
                               0x7454 (size before relaxing)
 .debug_str     0x0006199d      0xbf9 src/sinewave_example.o
                              0x600de (size before relaxing)

.debug_frame    0x00000000     0x1bdc
 .debug_frame   0x00000000       0x58 src/ASF/common/services/clock/sam4e/sysclk.o
 .debug_frame   0x00000058       0x30 src/ASF/common/utils/interrupt/interrupt_sam_nvic.o
 .debug_frame   0x00000088       0x30 src/ASF/common/utils/stdio/read.o
 .debug_frame   0x000000b8       0x48 src/ASF/common/utils/stdio/write.o
 .debug_frame   0x00000100       0x28 src/ASF/sam/boards/sam4e_ek/init.o
 .debug_frame   0x00000128      0x150 src/ASF/sam/drivers/dacc/dacc.o
 .debug_frame   0x00000278      0x39c src/ASF/sam/drivers/pmc/pmc.o
 .debug_frame   0x00000614      0x1bc src/ASF/sam/drivers/uart/uart.o
 .debug_frame   0x000007d0      0x48c src/ASF/sam/drivers/usart/usart.o
 .debug_frame   0x00000c5c       0x20 src/ASF/sam/utils/cmsis/sam4e/source/templates/exceptions.o
 .debug_frame   0x00000c7c       0x28 src/ASF/sam/utils/cmsis/sam4e/source/templates/gcc/startup_sam4e.o
 .debug_frame   0x00000ca4       0x40 src/ASF/sam/utils/cmsis/sam4e/source/templates/system_sam4e.o
 .debug_frame   0x00000ce4       0xa0 src/ASF/sam/utils/syscalls/gcc/syscalls.o
 .debug_frame   0x00000d84       0xd8 src/sinewave_example.o
 .debug_frame   0x00000e5c       0x2c c:/program files (x86)/atmel/studio/7.0/toolchain/arm/arm-gnu-toolchain/bin/../lib/gcc/arm-none-eabi/6.3.1/../../../../arm-none-eabi/lib/thumb/v7e-m\libc.a(lib_a-init.o)
 .debug_frame   0x00000e88       0x74 c:/program files (x86)/atmel/studio/7.0/toolchain/arm/arm-gnu-toolchain/bin/../lib/gcc/arm-none-eabi/6.3.1/../../../../arm-none-eabi/lib/thumb/v7e-m\libc.a(lib_a-iprintf.o)
 .debug_frame   0x00000efc       0x34 c:/program files (x86)/atmel/studio/7.0/toolchain/arm/arm-gnu-toolchain/bin/../lib/gcc/arm-none-eabi/6.3.1/../../../../arm-none-eabi/lib/thumb/v7e-m\libc.a(lib_a-memset.o)
 .debug_frame   0x00000f30       0x4c c:/program files (x86)/atmel/studio/7.0/toolchain/arm/arm-gnu-toolchain/bin/../lib/gcc/arm-none-eabi/6.3.1/../../../../arm-none-eabi/lib/thumb/v7e-m\libc.a(lib_a-puts.o)
 .debug_frame   0x00000f7c       0x20 c:/program files (x86)/atmel/studio/7.0/toolchain/arm/arm-gnu-toolchain/bin/../lib/gcc/arm-none-eabi/6.3.1/../../../../arm-none-eabi/lib/thumb/v7e-m\libc.a(lib_a-setbuf.o)
 .debug_frame   0x00000f9c       0x48 c:/program files (x86)/atmel/studio/7.0/toolchain/arm/arm-gnu-toolchain/bin/../lib/gcc/arm-none-eabi/6.3.1/../../../../arm-none-eabi/lib/thumb/v7e-m\libc.a(lib_a-setvbuf.o)
 .debug_frame   0x00000fe4       0xd8 c:/program files (x86)/atmel/studio/7.0/toolchain/arm/arm-gnu-toolchain/bin/../lib/gcc/arm-none-eabi/6.3.1/../../../../arm-none-eabi/lib/thumb/v7e-m\libc.a(lib_a-vfiprintf.o)
 .debug_frame   0x000010bc       0x2c c:/program files (x86)/atmel/studio/7.0/toolchain/arm/arm-gnu-toolchain/bin/../lib/gcc/arm-none-eabi/6.3.1/../../../../arm-none-eabi/lib/thumb/v7e-m\libc.a(lib_a-wsetup.o)
 .debug_frame   0x000010e8       0x5c c:/program files (x86)/atmel/studio/7.0/toolchain/arm/arm-gnu-toolchain/bin/../lib/gcc/arm-none-eabi/6.3.1/../../../../arm-none-eabi/lib/thumb/v7e-m\libc.a(lib_a-__call_atexit.o)
 .debug_frame   0x00001144       0x20 c:/program files (x86)/atmel/studio/7.0/toolchain/arm/arm-gnu-toolchain/bin/../lib/gcc/arm-none-eabi/6.3.1/../../../../arm-none-eabi/lib/thumb/v7e-m\libc.a(lib_a-atexit.o)
 .debug_frame   0x00001164       0x5c c:/program files (x86)/atmel/studio/7.0/toolchain/arm/arm-gnu-toolchain/bin/../lib/gcc/arm-none-eabi/6.3.1/../../../../arm-none-eabi/lib/thumb/v7e-m\libc.a(lib_a-fflush.o)
 .debug_frame   0x000011c0      0x148 c:/program files (x86)/atmel/studio/7.0/toolchain/arm/arm-gnu-toolchain/bin/../lib/gcc/arm-none-eabi/6.3.1/../../../../arm-none-eabi/lib/thumb/v7e-m\libc.a(lib_a-findfp.o)
 .debug_frame   0x00001308       0x34 c:/program files (x86)/atmel/studio/7.0/toolchain/arm/arm-gnu-toolchain/bin/../lib/gcc/arm-none-eabi/6.3.1/../../../../arm-none-eabi/lib/thumb/v7e-m\libc.a(lib_a-fini.o)
 .debug_frame   0x0000133c       0x94 c:/program files (x86)/atmel/studio/7.0/toolchain/arm/arm-gnu-toolchain/bin/../lib/gcc/arm-none-eabi/6.3.1/../../../../arm-none-eabi/lib/thumb/v7e-m\libc.a(lib_a-fputwc.o)
 .debug_frame   0x000013d0       0x74 c:/program files (x86)/atmel/studio/7.0/toolchain/arm/arm-gnu-toolchain/bin/../lib/gcc/arm-none-eabi/6.3.1/../../../../arm-none-eabi/lib/thumb/v7e-m\libc.a(lib_a-freer.o)
 .debug_frame   0x00001444       0x68 c:/program files (x86)/atmel/studio/7.0/toolchain/arm/arm-gnu-toolchain/bin/../lib/gcc/arm-none-eabi/6.3.1/../../../../arm-none-eabi/lib/thumb/v7e-m\libc.a(lib_a-fvwrite.o)
 .debug_frame   0x000014ac       0x54 c:/program files (x86)/atmel/studio/7.0/toolchain/arm/arm-gnu-toolchain/bin/../lib/gcc/arm-none-eabi/6.3.1/../../../../arm-none-eabi/lib/thumb/v7e-m\libc.a(lib_a-fwalk.o)
 .debug_frame   0x00001500       0x6c c:/program files (x86)/atmel/studio/7.0/toolchain/arm/arm-gnu-toolchain/bin/../lib/gcc/arm-none-eabi/6.3.1/../../../../arm-none-eabi/lib/thumb/v7e-m\libc.a(lib_a-locale.o)
 .debug_frame   0x0000156c       0xb0 c:/program files (x86)/atmel/studio/7.0/toolchain/arm/arm-gnu-toolchain/bin/../lib/gcc/arm-none-eabi/6.3.1/../../../../arm-none-eabi/lib/thumb/v7e-m\libc.a(lib_a-lock.o)
 .debug_frame   0x0000161c       0x68 c:/program files (x86)/atmel/studio/7.0/toolchain/arm/arm-gnu-toolchain/bin/../lib/gcc/arm-none-eabi/6.3.1/../../../../arm-none-eabi/lib/thumb/v7e-m\libc.a(lib_a-makebuf.o)
 .debug_frame   0x00001684       0x30 c:/program files (x86)/atmel/studio/7.0/toolchain/arm/arm-gnu-toolchain/bin/../lib/gcc/arm-none-eabi/6.3.1/../../../../arm-none-eabi/lib/thumb/v7e-m\libc.a(lib_a-malloc.o)
 .debug_frame   0x000016b4       0x58 c:/program files (x86)/atmel/studio/7.0/toolchain/arm/arm-gnu-toolchain/bin/../lib/gcc/arm-none-eabi/6.3.1/../../../../arm-none-eabi/lib/thumb/v7e-m\libc.a(lib_a-mallocr.o)
 .debug_frame   0x0000170c       0x4c c:/program files (x86)/atmel/studio/7.0/toolchain/arm/arm-gnu-toolchain/bin/../lib/gcc/arm-none-eabi/6.3.1/../../../../arm-none-eabi/lib/thumb/v7e-m\libc.a(lib_a-mbtowc_r.o)
 .debug_frame   0x00001758       0x30 c:/program files (x86)/atmel/studio/7.0/toolchain/arm/arm-gnu-toolchain/bin/../lib/gcc/arm-none-eabi/6.3.1/../../../../arm-none-eabi/lib/thumb/v7e-m\libc.a(lib_a-memmove.o)
 .debug_frame   0x00001788       0x30 c:/program files (x86)/atmel/studio/7.0/toolchain/arm/arm-gnu-toolchain/bin/../lib/gcc/arm-none-eabi/6.3.1/../../../../arm-none-eabi/lib/thumb/v7e-m\libc.a(lib_a-mlock.o)
 .debug_frame   0x000017b8       0x68 c:/program files (x86)/atmel/studio/7.0/toolchain/arm/arm-gnu-toolchain/bin/../lib/gcc/arm-none-eabi/6.3.1/../../../../arm-none-eabi/lib/thumb/v7e-m\libc.a(lib_a-reallocr.o)
 .debug_frame   0x00001820       0x2c c:/program files (x86)/atmel/studio/7.0/toolchain/arm/arm-gnu-toolchain/bin/../lib/gcc/arm-none-eabi/6.3.1/../../../../arm-none-eabi/lib/thumb/v7e-m\libc.a(lib_a-sbrkr.o)
 .debug_frame   0x0000184c       0x88 c:/program files (x86)/atmel/studio/7.0/toolchain/arm/arm-gnu-toolchain/bin/../lib/gcc/arm-none-eabi/6.3.1/../../../../arm-none-eabi/lib/thumb/v7e-m\libc.a(lib_a-stdio.o)
 .debug_frame   0x000018d4       0x40 c:/program files (x86)/atmel/studio/7.0/toolchain/arm/arm-gnu-toolchain/bin/../lib/gcc/arm-none-eabi/6.3.1/../../../../arm-none-eabi/lib/thumb/v7e-m\libc.a(lib_a-wbuf.o)
 .debug_frame   0x00001914       0x5c c:/program files (x86)/atmel/studio/7.0/toolchain/arm/arm-gnu-toolchain/bin/../lib/gcc/arm-none-eabi/6.3.1/../../../../arm-none-eabi/lib/thumb/v7e-m\libc.a(lib_a-wcrtomb.o)
 .debug_frame   0x00001970       0x3c c:/program files (x86)/atmel/studio/7.0/toolchain/arm/arm-gnu-toolchain/bin/../lib/gcc/arm-none-eabi/6.3.1/../../../../arm-none-eabi/lib/thumb/v7e-m\libc.a(lib_a-wctomb_r.o)
 .debug_frame   0x000019ac       0x2c c:/program files (x86)/atmel/studio/7.0/toolchain/arm/arm-gnu-toolchain/bin/../lib/gcc/arm-none-eabi/6.3.1/../../../../arm-none-eabi/lib/thumb/v7e-m\libc.a(lib_a-writer.o)
 .debug_frame   0x000019d8       0x34 c:/program files (x86)/atmel/studio/7.0/toolchain/arm/arm-gnu-toolchain/bin/../lib/gcc/arm-none-eabi/6.3.1/../../../../arm-none-eabi/lib/thumb/v7e-m\libc.a(lib_a-__atexit.o)
 .debug_frame   0x00001a0c       0x2c c:/program files (x86)/atmel/studio/7.0/toolchain/arm/arm-gnu-toolchain/bin/../lib/gcc/arm-none-eabi/6.3.1/../../../../arm-none-eabi/lib/thumb/v7e-m\libc.a(lib_a-closer.o)
 .debug_frame   0x00001a38       0x3c c:/program files (x86)/atmel/studio/7.0/toolchain/arm/arm-gnu-toolchain/bin/../lib/gcc/arm-none-eabi/6.3.1/../../../../arm-none-eabi/lib/thumb/v7e-m\libc.a(lib_a-fclose.o)
 .debug_frame   0x00001a74       0x2c c:/program files (x86)/atmel/studio/7.0/toolchain/arm/arm-gnu-toolchain/bin/../lib/gcc/arm-none-eabi/6.3.1/../../../../arm-none-eabi/lib/thumb/v7e-m\libc.a(lib_a-fstatr.o)
 .debug_frame   0x00001aa0       0x2c c:/program files (x86)/atmel/studio/7.0/toolchain/arm/arm-gnu-toolchain/bin/../lib/gcc/arm-none-eabi/6.3.1/../../../../arm-none-eabi/lib/thumb/v7e-m\libc.a(lib_a-isattyr.o)
 .debug_frame   0x00001acc       0x2c c:/program files (x86)/atmel/studio/7.0/toolchain/arm/arm-gnu-toolchain/bin/../lib/gcc/arm-none-eabi/6.3.1/../../../../arm-none-eabi/lib/thumb/v7e-m\libc.a(lib_a-lseekr.o)
 .debug_frame   0x00001af8       0x2c c:/program files (x86)/atmel/studio/7.0/toolchain/arm/arm-gnu-toolchain/bin/../lib/gcc/arm-none-eabi/6.3.1/../../../../arm-none-eabi/lib/thumb/v7e-m\libc.a(lib_a-readr.o)
 .debug_frame   0x00001b24       0x58 c:/program files (x86)/atmel/studio/7.0/toolchain/arm/arm-gnu-toolchain/bin/../lib/gcc/arm-none-eabi/6.3.1/../../../../arm-none-eabi/lib/thumb/v7e-m\libc.a(lib_a-reent.o)
 .debug_frame   0x00001b7c       0x2c c:/program files (x86)/atmel/studio/7.0/toolchain/arm/arm-gnu-toolchain/bin/../lib/gcc/arm-none-eabi/6.3.1/thumb/v7e-m\libgcc.a(_aeabi_uldivmod.o)
 .debug_frame   0x00001ba8       0x34 c:/program files (x86)/atmel/studio/7.0/toolchain/arm/arm-gnu-toolchain/bin/../lib/gcc/arm-none-eabi/6.3.1/thumb/v7e-m\libgcc.a(_udivmoddi4.o)

Cross Reference Table

Symbol                                            File
ACC_Handler                                       src/ASF/sam/utils/cmsis/sam4e/source/templates/exceptions.o
                                                  src/ASF/sam/utils/cmsis/sam4e/source/templates/gcc/startup_sam4e.o
AES_Handler                                       src/ASF/sam/utils/cmsis/sam4e/source/templates/exceptions.o
                                                  src/ASF/sam/utils/cmsis/sam4e/source/templates/gcc/startup_sam4e.o
AFEC0_Handler                                     src/ASF/sam/utils/cmsis/sam4e/source/templates/exceptions.o
                                                  src/ASF/sam/utils/cmsis/sam4e/source/templates/gcc/startup_sam4e.o
AFEC1_Handler                                     src/ASF/sam/utils/cmsis/sam4e/source/templates/exceptions.o
                                                  src/ASF/sam/utils/cmsis/sam4e/source/templates/gcc/startup_sam4e.o
ARM_Handler                                       src/ASF/sam/utils/cmsis/sam4e/source/templates/exceptions.o
                                                  src/ASF/sam/utils/cmsis/sam4e/source/templates/gcc/startup_sam4e.o
BusFault_Handler                                  src/ASF/sam/utils/cmsis/sam4e/source/templates/exceptions.o
                                                  src/ASF/sam/utils/cmsis/sam4e/source/templates/gcc/startup_sam4e.o
CAN0_Handler                                      src/ASF/sam/utils/cmsis/sam4e/source/templates/exceptions.o
                                                  src/ASF/sam/utils/cmsis/sam4e/source/templates/gcc/startup_sam4e.o
CAN1_Handler                                      src/ASF/sam/utils/cmsis/sam4e/source/templates/exceptions.o
                                                  src/ASF/sam/utils/cmsis/sam4e/source/templates/gcc/startup_sam4e.o
DACC_Handler                                      src/ASF/sam/utils/cmsis/sam4e/source/templates/exceptions.o
                                                  src/ASF/sam/utils/cmsis/sam4e/source/templates/gcc/startup_sam4e.o
DMAC_Handler                                      src/ASF/sam/utils/cmsis/sam4e/source/templates/exceptions.o
                                                  src/ASF/sam/utils/cmsis/sam4e/source/templates/gcc/startup_sam4e.o
DebugMon_Handler                                  src/ASF/sam/utils/cmsis/sam4e/source/templates/exceptions.o
                                                  src/ASF/sam/utils/cmsis/sam4e/source/templates/gcc/startup_sam4e.o
Dummy_Handler                                     src/ASF/sam/utils/cmsis/sam4e/source/templates/exceptions.o
                                                  src/ASF/sam/utils/cmsis/sam4e/source/templates/gcc/startup_sam4e.o
EFC_Handler                                       src/ASF/sam/utils/cmsis/sam4e/source/templates/exceptions.o
                                                  src/ASF/sam/utils/cmsis/sam4e/source/templates/gcc/startup_sam4e.o
GMAC_Handler                                      src/ASF/sam/utils/cmsis/sam4e/source/templates/exceptions.o
                                                  src/ASF/sam/utils/cmsis/sam4e/source/templates/gcc/startup_sam4e.o
HSMCI_Handler                                     src/ASF/sam/utils/cmsis/sam4e/source/templates/exceptions.o
                                                  src/ASF/sam/utils/cmsis/sam4e/source/templates/gcc/startup_sam4e.o
HardFault_Handler                                 src/ASF/sam/utils/cmsis/sam4e/source/templates/exceptions.o
                                                  src/ASF/sam/utils/cmsis/sam4e/source/templates/gcc/startup_sam4e.o
MemManage_Handler                                 src/ASF/sam/utils/cmsis/sam4e/source/templates/exceptions.o
                                                  src/ASF/sam/utils/cmsis/sam4e/source/templates/gcc/startup_sam4e.o
NMI_Handler                                       src/ASF/sam/utils/cmsis/sam4e/source/templates/exceptions.o
                                                  src/ASF/sam/utils/cmsis/sam4e/source/templates/gcc/startup_sam4e.o
PIOA_Handler                                      src/ASF/sam/utils/cmsis/sam4e/source/templates/exceptions.o
                                                  src/ASF/sam/utils/cmsis/sam4e/source/templates/gcc/startup_sam4e.o
PIOB_Handler                                      src/ASF/sam/utils/cmsis/sam4e/source/templates/exceptions.o
                                                  src/ASF/sam/utils/cmsis/sam4e/source/templates/gcc/startup_sam4e.o
PIOC_Handler                                      src/ASF/sam/utils/cmsis/sam4e/source/templates/exceptions.o
                                                  src/ASF/sam/utils/cmsis/sam4e/source/templates/gcc/startup_sam4e.o
PIOD_Handler                                      src/ASF/sam/utils/cmsis/sam4e/source/templates/exceptions.o
                                                  src/ASF/sam/utils/cmsis/sam4e/source/templates/gcc/startup_sam4e.o
PIOE_Handler                                      src/ASF/sam/utils/cmsis/sam4e/source/templates/exceptions.o
                                                  src/ASF/sam/utils/cmsis/sam4e/source/templates/gcc/startup_sam4e.o
PMC_Handler                                       src/ASF/sam/utils/cmsis/sam4e/source/templates/exceptions.o
                                                  src/ASF/sam/utils/cmsis/sam4e/source/templates/gcc/startup_sam4e.o
PWM_Handler                                       src/ASF/sam/utils/cmsis/sam4e/source/templates/exceptions.o
                                                  src/ASF/sam/utils/cmsis/sam4e/source/templates/gcc/startup_sam4e.o
PendSV_Handler                                    src/ASF/sam/utils/cmsis/sam4e/source/templates/exceptions.o
                                                  src/ASF/sam/utils/cmsis/sam4e/source/templates/gcc/startup_sam4e.o
RSTC_Handler                                      src/ASF/sam/utils/cmsis/sam4e/source/templates/exceptions.o
                                                  src/ASF/sam/utils/cmsis/sam4e/source/templates/gcc/startup_sam4e.o
RTC_Handler                                       src/ASF/sam/utils/cmsis/sam4e/source/templates/exceptions.o
                                                  src/ASF/sam/utils/cmsis/sam4e/source/templates/gcc/startup_sam4e.o
RTT_Handler                                       src/ASF/sam/utils/cmsis/sam4e/source/templates/exceptions.o
                                                  src/ASF/sam/utils/cmsis/sam4e/source/templates/gcc/startup_sam4e.o
Reset_Handler                                     src/ASF/sam/utils/cmsis/sam4e/source/templates/gcc/startup_sam4e.o
                                                  src/ASF/sam/utils/cmsis/sam4e/source/templates/exceptions.o
SMC_Handler                                       src/ASF/sam/utils/cmsis/sam4e/source/templates/exceptions.o
SPI_Handler                                       src/ASF/sam/utils/cmsis/sam4e/source/templates/exceptions.o
                                                  src/ASF/sam/utils/cmsis/sam4e/source/templates/gcc/startup_sam4e.o
SUPC_Handler                                      src/ASF/sam/utils/cmsis/sam4e/source/templates/exceptions.o
                                                  src/ASF/sam/utils/cmsis/sam4e/source/templates/gcc/startup_sam4e.o
SVC_Handler                                       src/ASF/sam/utils/cmsis/sam4e/source/templates/exceptions.o
                                                  src/ASF/sam/utils/cmsis/sam4e/source/templates/gcc/startup_sam4e.o
SysTick_Handler                                   src/sinewave_example.o
                                                  src/ASF/sam/utils/cmsis/sam4e/source/templates/exceptions.o
                                                  src/ASF/sam/utils/cmsis/sam4e/source/templates/gcc/startup_sam4e.o
SystemCoreClock                                   src/ASF/sam/utils/cmsis/sam4e/source/templates/system_sam4e.o
SystemCoreClockUpdate                             src/ASF/sam/utils/cmsis/sam4e/source/templates/system_sam4e.o
                                                  src/ASF/common/services/clock/sam4e/sysclk.o
SystemInit                                        src/ASF/sam/utils/cmsis/sam4e/source/templates/system_sam4e.o
TC0_Handler                                       src/ASF/sam/utils/cmsis/sam4e/source/templates/exceptions.o
                                                  src/ASF/sam/utils/cmsis/sam4e/source/templates/gcc/startup_sam4e.o
TC1_Handler                                       src/ASF/sam/utils/cmsis/sam4e/source/templates/exceptions.o
                                                  src/ASF/sam/utils/cmsis/sam4e/source/templates/gcc/startup_sam4e.o
TC2_Handler                                       src/ASF/sam/utils/cmsis/sam4e/source/templates/exceptions.o
                                                  src/ASF/sam/utils/cmsis/sam4e/source/templates/gcc/startup_sam4e.o
TC3_Handler                                       src/ASF/sam/utils/cmsis/sam4e/source/templates/exceptions.o
                                                  src/ASF/sam/utils/cmsis/sam4e/source/templates/gcc/startup_sam4e.o
TC4_Handler                                       src/ASF/sam/utils/cmsis/sam4e/source/templates/exceptions.o
                                                  src/ASF/sam/utils/cmsis/sam4e/source/templates/gcc/startup_sam4e.o
TC5_Handler                                       src/ASF/sam/utils/cmsis/sam4e/source/templates/exceptions.o
                                                  src/ASF/sam/utils/cmsis/sam4e/source/templates/gcc/startup_sam4e.o
TC6_Handler                                       src/ASF/sam/utils/cmsis/sam4e/source/templates/exceptions.o
                                                  src/ASF/sam/utils/cmsis/sam4e/source/templates/gcc/startup_sam4e.o
TC7_Handler                                       src/ASF/sam/utils/cmsis/sam4e/source/templates/exceptions.o
                                                  src/ASF/sam/utils/cmsis/sam4e/source/templates/gcc/startup_sam4e.o
TC8_Handler                                       src/ASF/sam/utils/cmsis/sam4e/source/templates/exceptions.o
                                                  src/ASF/sam/utils/cmsis/sam4e/source/templates/gcc/startup_sam4e.o
TWI0_Handler                                      src/ASF/sam/utils/cmsis/sam4e/source/templates/exceptions.o
                                                  src/ASF/sam/utils/cmsis/sam4e/source/templates/gcc/startup_sam4e.o
TWI1_Handler                                      src/ASF/sam/utils/cmsis/sam4e/source/templates/exceptions.o
                                                  src/ASF/sam/utils/cmsis/sam4e/source/templates/gcc/startup_sam4e.o
UART0_Handler                                     src/ASF/sam/utils/cmsis/sam4e/source/templates/exceptions.o
                                                  src/ASF/sam/utils/cmsis/sam4e/source/templates/gcc/startup_sam4e.o
UART1_Handler                                     src/ASF/sam/utils/cmsis/sam4e/source/templates/exceptions.o
                                                  src/ASF/sam/utils/cmsis/sam4e/source/templates/gcc/startup_sam4e.o
UDP_Handler                                       src/ASF/sam/utils/cmsis/sam4e/source/templates/exceptions.o
                                                  src/ASF/sam/utils/cmsis/sam4e/source/templates/gcc/startup_sam4e.o
USART0_Handler                                    src/ASF/sam/utils/cmsis/sam4e/source/templates/exceptions.o
                                                  src/ASF/sam/utils/cmsis/sam4e/source/templates/gcc/startup_sam4e.o
USART1_Handler                                    src/ASF/sam/utils/cmsis/sam4e/source/templates/exceptions.o
                                                  src/ASF/sam/utils/cmsis/sam4e/source/templates/gcc/startup_sam4e.o
UsageFault_Handler                                src/ASF/sam/utils/cmsis/sam4e/source/templates/exceptions.o
                                                  src/ASF/sam/utils/cmsis/sam4e/source/templates/gcc/startup_sam4e.o
WDT_Handler                                       src/ASF/sam/utils/cmsis/sam4e/source/templates/exceptions.o
                                                  src/ASF/sam/utils/cmsis/sam4e/source/templates/gcc/startup_sam4e.o
_Jv_RegisterClasses                               c:/program files (x86)/atmel/studio/7.0/toolchain/arm/arm-gnu-toolchain/bin/../lib/gcc/arm-none-eabi/6.3.1/thumb/v7e-m/crtbegin.o
_PathLocale                                       c:/program files (x86)/atmel/studio/7.0/toolchain/arm/arm-gnu-toolchain/bin/../lib/gcc/arm-none-eabi/6.3.1/../../../../arm-none-eabi/lib/thumb/v7e-m\libc.a(lib_a-locale.o)
__aeabi_idiv0                                     c:/program files (x86)/atmel/studio/7.0/toolchain/arm/arm-gnu-toolchain/bin/../lib/gcc/arm-none-eabi/6.3.1/thumb/v7e-m\libgcc.a(_dvmd_tls.o)
__aeabi_ldiv0                                     c:/program files (x86)/atmel/studio/7.0/toolchain/arm/arm-gnu-toolchain/bin/../lib/gcc/arm-none-eabi/6.3.1/thumb/v7e-m\libgcc.a(_dvmd_tls.o)
                                                  c:/program files (x86)/atmel/studio/7.0/toolchain/arm/arm-gnu-toolchain/bin/../lib/gcc/arm-none-eabi/6.3.1/thumb/v7e-m\libgcc.a(_aeabi_uldivmod.o)
__aeabi_uldivmod                                  c:/program files (x86)/atmel/studio/7.0/toolchain/arm/arm-gnu-toolchain/bin/../lib/gcc/arm-none-eabi/6.3.1/thumb/v7e-m\libgcc.a(_aeabi_uldivmod.o)
                                                  c:/program files (x86)/atmel/studio/7.0/toolchain/arm/arm-gnu-toolchain/bin/../lib/gcc/arm-none-eabi/6.3.1/../../../../arm-none-eabi/lib/thumb/v7e-m\libc.a(lib_a-vfiprintf.o)
__ascii_mbtowc                                    c:/program files (x86)/atmel/studio/7.0/toolchain/arm/arm-gnu-toolchain/bin/../lib/gcc/arm-none-eabi/6.3.1/../../../../arm-none-eabi/lib/thumb/v7e-m\libc.a(lib_a-mbtowc_r.o)